s 0 "/mfc/c_drive/program files/microsoft visual studio/vc98/mfc/src/map_pw.cpp" "$sharedSrcRoot/mfc/src/map_pw.cpp" "/mfc/c_drive/program files/microsoft visual studio/vc98/mfc/src/map_pw.cpp" ""
s 0 "/mfc/c_drive/program files/microsoft visual studio/vc98/mfc/src/isapimix.cpp" "$sharedSrcRoot/mfc/src/isapimix.cpp" "/mfc/c_drive/program files/microsoft visual studio/vc98/mfc/src/isapimix.cpp" ""
s 0 "/mfc/c_drive/program files/microsoft visual studio/vc98/mfc/src/oledrop1.cpp" "$sharedSrcRoot/mfc/src/oledrop1.cpp" "/mfc/c_drive/program files/microsoft visual studio/vc98/mfc/src/oledrop1.cpp" ""
s 0 "/mfc/c_drive/program files/microsoft visual studio/vc98/mfc/src/ctlinl.cpp" "$sharedSrcRoot/mfc/src/ctlinl.cpp" "/mfc/c_drive/program files/microsoft visual studio/vc98/mfc/src/ctlinl.cpp" ""
s 0 "/mfc/c_drive/program files/microsoft visual studio/vc98/mfc/src/olevar.cpp" "$sharedSrcRoot/mfc/src/olevar.cpp" "/mfc/c_drive/program files/microsoft visual studio/vc98/mfc/src/olevar.cpp" ""
s 0 "/mfc/c_drive/program files/microsoft visual studio/vc98/mfc/src/filecore.cpp" "$sharedSrcRoot/mfc/src/filecore.cpp" "/mfc/c_drive/program files/microsoft visual studio/vc98/mfc/src/filecore.cpp" ""
s 0 "/mfc/c_drive/program files/microsoft visual studio/vc98/mfc/src/stdafx.cpp" "$sharedSrcRoot/mfc/src/stdafx.cpp" "/mfc/c_drive/program files/microsoft visual studio/vc98/mfc/src/stdafx.cpp" ""
s 0 "/mfc/c_drive/program files/microsoft visual studio/vc98/mfc/src/olemon.cpp" "$sharedSrcRoot/mfc/src/olemon.cpp" "/mfc/c_drive/program files/microsoft visual studio/vc98/mfc/src/olemon.cpp" ""
s 0 "/mfc/c_drive/program files/microsoft visual studio/vc98/mfc/src/occsite.cpp" "$sharedSrcRoot/mfc/src/occsite.cpp" "/mfc/c_drive/program files/microsoft visual studio/vc98/mfc/src/occsite.cpp" ""
s 0 "/mfc/c_drive/program files/microsoft visual studio/vc98/mfc/src/ctlppg.cpp" "$sharedSrcRoot/mfc/src/ctlppg.cpp" "/mfc/c_drive/program files/microsoft visual studio/vc98/mfc/src/ctlppg.cpp" ""
s 0 "/mfc/c_drive/program files/microsoft visual studio/vc98/mfc/src/apphelp.cpp" "$sharedSrcRoot/mfc/src/apphelp.cpp" "/mfc/c_drive/program files/microsoft visual studio/vc98/mfc/src/apphelp.cpp" ""
s 0 "/mfc/c_drive/program files/microsoft visual studio/vc98/mfc/src/occdlg.cpp" "$sharedSrcRoot/mfc/src/occdlg.cpp" "/mfc/c_drive/program files/microsoft visual studio/vc98/mfc/src/occdlg.cpp" ""
s 0 "/mfc/c_drive/program files/microsoft visual studio/vc98/mfc/src/ctlrefl.cpp" "$sharedSrcRoot/mfc/src/ctlrefl.cpp" "/mfc/c_drive/program files/microsoft visual studio/vc98/mfc/src/ctlrefl.cpp" ""
s 0 "/mfc/c_drive/program files/microsoft visual studio/vc98/mfc/src/olesvr2.cpp" "$sharedSrcRoot/mfc/src/olesvr2.cpp" "/mfc/c_drive/program files/microsoft visual studio/vc98/mfc/src/olesvr2.cpp" ""
s 0 "/mfc/c_drive/program files/microsoft visual studio/vc98/mfc/src/array_p.cpp" "$sharedSrcRoot/mfc/src/array_p.cpp" "/mfc/c_drive/program files/microsoft visual studio/vc98/mfc/src/array_p.cpp" ""
s 0 "/mfc/c_drive/program files/microsoft visual studio/vc98/mfc/src/oleverb.cpp" "$sharedSrcRoot/mfc/src/oleverb.cpp" "/mfc/c_drive/program files/microsoft visual studio/vc98/mfc/src/oleverb.cpp" ""
s 0 "/mfc/c_drive/program files/microsoft visual studio/vc98/mfc/src/oleui2.cpp" "$sharedSrcRoot/mfc/src/oleui2.cpp" "/mfc/c_drive/program files/microsoft visual studio/vc98/mfc/src/oleui2.cpp" ""
s 0 "/mfc/c_drive/program files/microsoft visual studio/vc98/mfc/src/dllinit.cpp" "$sharedSrcRoot/mfc/src/dllinit.cpp" "/mfc/c_drive/program files/microsoft visual studio/vc98/mfc/src/dllinit.cpp" ""
s 0 "/mfc/c_drive/program files/microsoft visual studio/vc98/mfc/src/oledoctg.cpp" "$sharedSrcRoot/mfc/src/oledoctg.cpp" "/mfc/c_drive/program files/microsoft visual studio/vc98/mfc/src/oledoctg.cpp" ""
s 0 "/mfc/c_drive/program files/microsoft visual studio/vc98/mfc/src/winfrm.cpp" "$sharedSrcRoot/mfc/src/winfrm.cpp" "/mfc/c_drive/program files/microsoft visual studio/vc98/mfc/src/winfrm.cpp" ""
s 0 "/mfc/c_drive/program files/microsoft visual studio/vc98/mfc/src/dblong.cpp" "$sharedSrcRoot/mfc/src/dblong.cpp" "/mfc/c_drive/program files/microsoft visual studio/vc98/mfc/src/dblong.cpp" ""
s 0 "/mfc/c_drive/program files/microsoft visual studio/vc98/mfc/src/wincore.cpp" "$sharedSrcRoot/mfc/src/wincore.cpp" "/mfc/c_drive/program files/microsoft visual studio/vc98/mfc/src/wincore.cpp" ""
s 0 "/mfc/c_drive/program files/microsoft visual studio/vc98/mfc/src/validadd.cpp" "$sharedSrcRoot/mfc/src/validadd.cpp" "/mfc/c_drive/program files/microsoft visual studio/vc98/mfc/src/validadd.cpp" ""
s 0 "/mfc/c_drive/program files/microsoft visual studio/vc98/mfc/src/ctlfont.cpp" "$sharedSrcRoot/mfc/src/ctlfont.cpp" "/mfc/c_drive/program files/microsoft visual studio/vc98/mfc/src/ctlfont.cpp" ""
s 0 "/mfc/c_drive/program files/microsoft visual studio/vc98/mfc/src/occddxf.cpp" "$sharedSrcRoot/mfc/src/occddxf.cpp" "/mfc/c_drive/program files/microsoft visual studio/vc98/mfc/src/occddxf.cpp" ""
s 0 "/mfc/c_drive/program files/microsoft visual studio/vc98/mfc/src/oledlgs2.cpp" "$sharedSrcRoot/mfc/src/oledlgs2.cpp" "/mfc/c_drive/program files/microsoft visual studio/vc98/mfc/src/oledlgs2.cpp" ""
s 0 "/mfc/c_drive/program files/microsoft visual studio/vc98/mfc/src/afxmem.cpp" "$sharedSrcRoot/mfc/src/afxmem.cpp" "/mfc/c_drive/program files/microsoft visual studio/vc98/mfc/src/afxmem.cpp" ""
s 0 "/mfc/c_drive/program files/microsoft visual studio/vc98/mfc/src/ccdata.cpp" "$sharedSrcRoot/mfc/src/ccdata.cpp" "/mfc/c_drive/program files/microsoft visual studio/vc98/mfc/src/ccdata.cpp" ""
s 0 "/mfc/c_drive/program files/microsoft visual studio/vc98/mfc/src/oledisp1.cpp" "$sharedSrcRoot/mfc/src/oledisp1.cpp" "/mfc/c_drive/program files/microsoft visual studio/vc98/mfc/src/oledisp1.cpp" ""
s 0 "/mfc/c_drive/program files/microsoft visual studio/vc98/mfc/src/filefind.cpp" "$sharedSrcRoot/mfc/src/filefind.cpp" "/mfc/c_drive/program files/microsoft visual studio/vc98/mfc/src/filefind.cpp" ""
s 0 "/mfc/c_drive/program files/microsoft visual studio/vc98/mfc/src/ctlpstg.cpp" "$sharedSrcRoot/mfc/src/ctlpstg.cpp" "/mfc/c_drive/program files/microsoft visual studio/vc98/mfc/src/ctlpstg.cpp" ""
s 0 "/mfc/c_drive/program files/microsoft visual studio/vc98/mfc/src/appmodul.cpp" "$sharedSrcRoot/mfc/src/appmodul.cpp" "/mfc/c_drive/program files/microsoft visual studio/vc98/mfc/src/appmodul.cpp" ""
s 0 "/mfc/c_drive/program files/microsoft visual studio/vc98/mfc/src/objcore.cpp" "$sharedSrcRoot/mfc/src/objcore.cpp" "/mfc/c_drive/program files/microsoft visual studio/vc98/mfc/src/objcore.cpp" ""
s 0 "/mfc/c_drive/program files/microsoft visual studio/vc98/mfc/src/winfrm2.cpp" "$sharedSrcRoot/mfc/src/winfrm2.cpp" "/mfc/c_drive/program files/microsoft visual studio/vc98/mfc/src/winfrm2.cpp" ""
s 0 "/mfc/c_drive/program files/microsoft visual studio/vc98/mfc/src/appprnt.cpp" "$sharedSrcRoot/mfc/src/appprnt.cpp" "/mfc/c_drive/program files/microsoft visual studio/vc98/mfc/src/appprnt.cpp" ""
s 0 "/mfc/c_drive/program files/microsoft visual studio/vc98/mfc/src/ctlpstm.cpp" "$sharedSrcRoot/mfc/src/ctlpstm.cpp" "/mfc/c_drive/program files/microsoft visual studio/vc98/mfc/src/ctlpstm.cpp" ""
s 0 "/mfc/c_drive/program files/microsoft visual studio/vc98/mfc/src/oledoc2.cpp" "$sharedSrcRoot/mfc/src/oledoc2.cpp" "/mfc/c_drive/program files/microsoft visual studio/vc98/mfc/src/oledoc2.cpp" ""
s 0 "/mfc/c_drive/program files/microsoft visual studio/vc98/mfc/src/oletyplb.cpp" "$sharedSrcRoot/mfc/src/oletyplb.cpp" "/mfc/c_drive/program files/microsoft visual studio/vc98/mfc/src/oletyplb.cpp" ""
s 0 "/mfc/c_drive/program files/microsoft visual studio/vc98/mfc/src/list_p.cpp" "$sharedSrcRoot/mfc/src/list_p.cpp" "/mfc/c_drive/program files/microsoft visual studio/vc98/mfc/src/list_p.cpp" ""
s 0 "/mfc/c_drive/program files/microsoft visual studio/vc98/mfc/src/dlgfloat.cpp" "$sharedSrcRoot/mfc/src/dlgfloat.cpp" "/mfc/c_drive/program files/microsoft visual studio/vc98/mfc/src/dlgfloat.cpp" ""
s 0 "/mfc/c_drive/program files/microsoft visual studio/vc98/mfc/src/dcmeta.cpp" "$sharedSrcRoot/mfc/src/dcmeta.cpp" "/mfc/c_drive/program files/microsoft visual studio/vc98/mfc/src/dcmeta.cpp" ""
s 0 "/mfc/c_drive/program files/microsoft visual studio/vc98/mfc/src/ctlframe.cpp" "$sharedSrcRoot/mfc/src/ctlframe.cpp" "/mfc/c_drive/program files/microsoft visual studio/vc98/mfc/src/ctlframe.cpp" ""
s 0 "/mfc/c_drive/program files/microsoft visual studio/vc98/mfc/src/afxtrace.cpp" "$sharedSrcRoot/mfc/src/afxtrace.cpp" "/mfc/c_drive/program files/microsoft visual studio/vc98/mfc/src/afxtrace.cpp" ""
s 0 "/mfc/c_drive/program files/microsoft visual studio/vc98/mfc/src/dlgfr.cpp" "$sharedSrcRoot/mfc/src/dlgfr.cpp" "/mfc/c_drive/program files/microsoft visual studio/vc98/mfc/src/dlgfr.cpp" ""
s 0 "/mfc/c_drive/program files/microsoft visual studio/vc98/mfc/src/dlgdata.cpp" "$sharedSrcRoot/mfc/src/dlgdata.cpp" "/mfc/c_drive/program files/microsoft visual studio/vc98/mfc/src/dlgdata.cpp" ""
s 0 "/mfc/c_drive/program files/microsoft visual studio/vc98/mfc/src/winmain.cpp" "$sharedSrcRoot/mfc/src/winmain.cpp" "/mfc/c_drive/program files/microsoft visual studio/vc98/mfc/src/winmain.cpp" ""
s 0 "/mfc/c_drive/program files/microsoft visual studio/vc98/mfc/src/afxinl2.cpp" "$sharedSrcRoot/mfc/src/afxinl2.cpp" "/mfc/c_drive/program files/microsoft visual studio/vc98/mfc/src/afxinl2.cpp" ""
s 0 "/mfc/c_drive/program files/microsoft visual studio/vc98/mfc/src/bardock.cpp" "$sharedSrcRoot/mfc/src/bardock.cpp" "/mfc/c_drive/program files/microsoft visual studio/vc98/mfc/src/bardock.cpp" ""
s 0 "/mfc/c_drive/program files/microsoft visual studio/vc98/mfc/src/ppgpict.cpp" "$sharedSrcRoot/mfc/src/ppgpict.cpp" "/mfc/c_drive/program files/microsoft visual studio/vc98/mfc/src/ppgpict.cpp" ""
s 0 "/mfc/c_drive/program files/microsoft visual studio/vc98/mfc/src/doctempl.cpp" "$sharedSrcRoot/mfc/src/doctempl.cpp" "/mfc/c_drive/program files/microsoft visual studio/vc98/mfc/src/doctempl.cpp" ""
s 0 "/mfc/c_drive/program files/microsoft visual studio/vc98/mfc/src/wingdix.cpp" "$sharedSrcRoot/mfc/src/wingdix.cpp" "/mfc/c_drive/program files/microsoft visual studio/vc98/mfc/src/wingdix.cpp" ""
s 0 "/mfc/c_drive/program files/microsoft visual studio/vc98/mfc/src/occmgr.cpp" "$sharedSrcRoot/mfc/src/occmgr.cpp" "/mfc/c_drive/program files/microsoft visual studio/vc98/mfc/src/occmgr.cpp" ""
s 0 "/mfc/c_drive/program files/microsoft visual studio/vc98/mfc/src/olepset.cpp" "$sharedSrcRoot/mfc/src/olepset.cpp" "/mfc/c_drive/program files/microsoft visual studio/vc98/mfc/src/olepset.cpp" ""
s 0 "/mfc/c_drive/program files/microsoft visual studio/vc98/mfc/src/dumpflt.cpp" "$sharedSrcRoot/mfc/src/dumpflt.cpp" "/mfc/c_drive/program files/microsoft visual studio/vc98/mfc/src/dumpflt.cpp" ""
s 0 "/mfc/c_drive/program files/microsoft visual studio/vc98/mfc/src/ctlpropx.cpp" "$sharedSrcRoot/mfc/src/ctlpropx.cpp" "/mfc/c_drive/program files/microsoft visual studio/vc98/mfc/src/ctlpropx.cpp" ""
s 0 "/mfc/c_drive/program files/microsoft visual studio/vc98/mfc/src/daocore.cpp" "$sharedSrcRoot/mfc/src/daocore.cpp" "/mfc/c_drive/program files/microsoft visual studio/vc98/mfc/src/daocore.cpp" ""
s 0 "/mfc/c_drive/program files/microsoft visual studio/vc98/mfc/src/ctlpset.cpp" "$sharedSrcRoot/mfc/src/ctlpset.cpp" "/mfc/c_drive/program files/microsoft visual studio/vc98/mfc/src/ctlpset.cpp" ""
s 0 "/mfc/c_drive/program files/microsoft visual studio/vc98/mfc/src/trckrect.cpp" "$sharedSrcRoot/mfc/src/trckrect.cpp" "/mfc/c_drive/program files/microsoft visual studio/vc98/mfc/src/trckrect.cpp" ""
s 0 "/mfc/c_drive/program files/microsoft visual studio/vc98/mfc/src/apphelpx.cpp" "$sharedSrcRoot/mfc/src/apphelpx.cpp" "/mfc/c_drive/program files/microsoft visual studio/vc98/mfc/src/apphelpx.cpp" ""
s 0 "/mfc/c_drive/program files/microsoft visual studio/vc98/mfc/src/dllnet.cpp" "$sharedSrcRoot/mfc/src/dllnet.cpp" "/mfc/c_drive/program files/microsoft visual studio/vc98/mfc/src/dllnet.cpp" ""
s 0 "/mfc/c_drive/program files/microsoft visual studio/vc98/mfc/src/viewcore.cpp" "$sharedSrcRoot/mfc/src/viewcore.cpp" "/mfc/c_drive/program files/microsoft visual studio/vc98/mfc/src/viewcore.cpp" ""
s 0 "/mfc/c_drive/program files/microsoft visual studio/vc98/mfc/src/olestrm.cpp" "$sharedSrcRoot/mfc/src/olestrm.cpp" "/mfc/c_drive/program files/microsoft visual studio/vc98/mfc/src/olestrm.cpp" ""
s 0 "/mfc/c_drive/program files/microsoft visual studio/vc98/mfc/src/olecli1.cpp" "$sharedSrcRoot/mfc/src/olecli1.cpp" "/mfc/c_drive/program files/microsoft visual studio/vc98/mfc/src/olecli1.cpp" ""
s 0 "/mfc/c_drive/program files/microsoft visual studio/vc98/mfc/src/occcont.cpp" "$sharedSrcRoot/mfc/src/occcont.cpp" "/mfc/c_drive/program files/microsoft visual studio/vc98/mfc/src/occcont.cpp" ""
s 0 "/mfc/c_drive/program files/microsoft visual studio/vc98/mfc/src/ctlnownd.cpp" "$sharedSrcRoot/mfc/src/ctlnownd.cpp" "/mfc/c_drive/program files/microsoft visual studio/vc98/mfc/src/ctlnownd.cpp" ""
s 0 "/mfc/c_drive/program files/microsoft visual studio/vc98/mfc/src/olecli3.cpp" "$sharedSrcRoot/mfc/src/olecli3.cpp" "/mfc/c_drive/program files/microsoft visual studio/vc98/mfc/src/olecli3.cpp" ""
s 0 "/mfc/c_drive/program files/microsoft visual studio/vc98/mfc/src/olemisc.cpp" "$sharedSrcRoot/mfc/src/olemisc.cpp" "/mfc/c_drive/program files/microsoft visual studio/vc98/mfc/src/olemisc.cpp" ""
s 0 "/mfc/c_drive/program files/microsoft visual studio/vc98/mfc/src/olelink.cpp" "$sharedSrcRoot/mfc/src/olelink.cpp" "/mfc/c_drive/program files/microsoft visual studio/vc98/mfc/src/olelink.cpp" ""
s 0 "/mfc/c_drive/program files/microsoft visual studio/vc98/mfc/src/daoview.cpp" "$sharedSrcRoot/mfc/src/daoview.cpp" "/mfc/c_drive/program files/microsoft visual studio/vc98/mfc/src/daoview.cpp" ""
s 0 "/mfc/c_drive/program files/microsoft visual studio/vc98/mfc/src/inet.cpp" "$sharedSrcRoot/mfc/src/inet.cpp" "/mfc/c_drive/program files/microsoft visual studio/vc98/mfc/src/inet.cpp" ""
s 0 "/mfc/c_drive/program files/microsoft visual studio/vc98/mfc/src/oledobj2.cpp" "$sharedSrcRoot/mfc/src/oledobj2.cpp" "/mfc/c_drive/program files/microsoft visual studio/vc98/mfc/src/oledobj2.cpp" ""
s 0 "/mfc/c_drive/program files/microsoft visual studio/vc98/mfc/src/fileshrd.cpp" "$sharedSrcRoot/mfc/src/fileshrd.cpp" "/mfc/c_drive/program files/microsoft visual studio/vc98/mfc/src/fileshrd.cpp" ""
s 0 "/mfc/c_drive/program files/microsoft visual studio/vc98/mfc/src/afxcrit.cpp" "$sharedSrcRoot/mfc/src/afxcrit.cpp" "/mfc/c_drive/program files/microsoft visual studio/vc98/mfc/src/afxcrit.cpp" ""
s 0 "/mfc/c_drive/program files/microsoft visual studio/vc98/mfc/src/fixalloc.cpp" "$sharedSrcRoot/mfc/src/fixalloc.cpp" "/mfc/c_drive/program files/microsoft visual studio/vc98/mfc/src/fixalloc.cpp" ""
s 0 "/mfc/c_drive/program files/microsoft visual studio/vc98/mfc/src/bartool.cpp" "$sharedSrcRoot/mfc/src/bartool.cpp" "/mfc/c_drive/program files/microsoft visual studio/vc98/mfc/src/bartool.cpp" ""
s 0 "/mfc/c_drive/program files/microsoft visual studio/vc98/mfc/src/oleenum.cpp" "$sharedSrcRoot/mfc/src/oleenum.cpp" "/mfc/c_drive/program files/microsoft visual studio/vc98/mfc/src/oleenum.cpp" ""
s 0 "/mfc/c_drive/program files/microsoft visual studio/vc98/mfc/src/viewprev.cpp" "$sharedSrcRoot/mfc/src/viewprev.cpp" "/mfc/c_drive/program files/microsoft visual studio/vc98/mfc/src/viewprev.cpp" ""
s 0 "/mfc/c_drive/program files/microsoft visual studio/vc98/mfc/src/app3d.cpp" "$sharedSrcRoot/mfc/src/app3d.cpp" "/mfc/c_drive/program files/microsoft visual studio/vc98/mfc/src/app3d.cpp" ""
s 0 "/mfc/c_drive/program files/microsoft visual studio/vc98/mfc/src/sockcore.cpp" "$sharedSrcRoot/mfc/src/sockcore.cpp" "/mfc/c_drive/program files/microsoft visual studio/vc98/mfc/src/sockcore.cpp" ""
s 0 "/mfc/c_drive/program files/microsoft visual studio/vc98/mfc/src/ctlinplc.cpp" "$sharedSrcRoot/mfc/src/ctlinplc.cpp" "/mfc/c_drive/program files/microsoft visual studio/vc98/mfc/src/ctlinplc.cpp" ""
s 0 "/mfc/c_drive/program files/microsoft visual studio/vc98/mfc/src/olevar1.cpp" "$sharedSrcRoot/mfc/src/olevar1.cpp" "/mfc/c_drive/program files/microsoft visual studio/vc98/mfc/src/olevar1.cpp" ""
s 0 "/mfc/c_drive/program files/microsoft visual studio/vc98/mfc/src/dlgprnt.cpp" "$sharedSrcRoot/mfc/src/dlgprnt.cpp" "/mfc/c_drive/program files/microsoft visual studio/vc98/mfc/src/dlgprnt.cpp" ""
s 0 "/mfc/c_drive/program files/microsoft visual studio/vc98/mfc/src/oledll.cpp" "$sharedSrcRoot/mfc/src/oledll.cpp" "/mfc/c_drive/program files/microsoft visual studio/vc98/mfc/src/oledll.cpp" ""
s 0 "/mfc/c_drive/program files/microsoft visual studio/vc98/mfc/src/dockstat.cpp" "$sharedSrcRoot/mfc/src/dockstat.cpp" "/mfc/c_drive/program files/microsoft visual studio/vc98/mfc/src/dockstat.cpp" ""
s 0 "/mfc/c_drive/program files/microsoft visual studio/vc98/mfc/src/ctlpbag.cpp" "$sharedSrcRoot/mfc/src/ctlpbag.cpp" "/mfc/c_drive/program files/microsoft visual studio/vc98/mfc/src/ctlpbag.cpp" ""
s 0 "/mfc/c_drive/program files/microsoft visual studio/vc98/mfc/src/mtex.cpp" "$sharedSrcRoot/mfc/src/mtex.cpp" "/mfc/c_drive/program files/microsoft visual studio/vc98/mfc/src/mtex.cpp" ""
s 0 "/mfc/c_drive/program files/microsoft visual studio/vc98/mfc/src/appui.cpp" "$sharedSrcRoot/mfc/src/appui.cpp" "/mfc/c_drive/program files/microsoft visual studio/vc98/mfc/src/appui.cpp" ""
s 0 "/mfc/c_drive/program files/microsoft visual studio/vc98/mfc/src/map_sp.cpp" "$sharedSrcRoot/mfc/src/map_sp.cpp" "/mfc/c_drive/program files/microsoft visual studio/vc98/mfc/src/map_sp.cpp" ""
s 0 "/mfc/c_drive/program files/microsoft visual studio/vc98/mfc/src/barcool.cpp" "$sharedSrcRoot/mfc/src/barcool.cpp" "/mfc/c_drive/program files/microsoft visual studio/vc98/mfc/src/barcool.cpp" ""
s 0 "/mfc/c_drive/program files/microsoft visual studio/vc98/mfc/src/winocc.cpp" "$sharedSrcRoot/mfc/src/winocc.cpp" "/mfc/c_drive/program files/microsoft visual studio/vc98/mfc/src/winocc.cpp" ""
s 0 "/mfc/c_drive/program files/microsoft visual studio/vc98/mfc/src/oledocvw.cpp" "$sharedSrcRoot/mfc/src/oledocvw.cpp" "/mfc/c_drive/program files/microsoft visual studio/vc98/mfc/src/oledocvw.cpp" ""
s 0 "/mfc/c_drive/program files/microsoft visual studio/vc98/mfc/src/map_wo.cpp" "$sharedSrcRoot/mfc/src/map_wo.cpp" "/mfc/c_drive/program files/microsoft visual studio/vc98/mfc/src/map_wo.cpp" ""
s 0 "/mfc/c_drive/program files/microsoft visual studio/vc98/mfc/src/ctlmodul.cpp" "$sharedSrcRoot/mfc/src/ctlmodul.cpp" "/mfc/c_drive/program files/microsoft visual studio/vc98/mfc/src/ctlmodul.cpp" ""
s 0 "/mfc/c_drive/program files/microsoft visual studio/vc98/mfc/src/oledocob.cpp" "$sharedSrcRoot/mfc/src/oledocob.cpp" "/mfc/c_drive/program files/microsoft visual studio/vc98/mfc/src/oledocob.cpp" ""
s 0 "/mfc/c_drive/program files/microsoft visual studio/vc98/mfc/src/appcore.cpp" "$sharedSrcRoot/mfc/src/appcore.cpp" "/mfc/c_drive/program files/microsoft visual studio/vc98/mfc/src/appcore.cpp" ""
s 0 "/mfc/c_drive/program files/microsoft visual studio/vc98/mfc/src/winfrmx.cpp" "$sharedSrcRoot/mfc/src/winfrmx.cpp" "/mfc/c_drive/program files/microsoft visual studio/vc98/mfc/src/winfrmx.cpp" ""
s 0 "/mfc/c_drive/program files/microsoft visual studio/vc98/mfc/src/dbflt.cpp" "$sharedSrcRoot/mfc/src/dbflt.cpp" "/mfc/c_drive/program files/microsoft visual studio/vc98/mfc/src/dbflt.cpp" ""
s 0 "/mfc/c_drive/program files/microsoft visual studio/vc98/mfc/src/ctlcore.cpp" "$sharedSrcRoot/mfc/src/ctlcore.cpp" "/mfc/c_drive/program files/microsoft visual studio/vc98/mfc/src/ctlcore.cpp" ""
s 0 "/mfc/c_drive/program files/microsoft visual studio/vc98/mfc/src/oleconn.cpp" "$sharedSrcRoot/mfc/src/oleconn.cpp" "/mfc/c_drive/program files/microsoft visual studio/vc98/mfc/src/oleconn.cpp" ""
s 0 "/mfc/c_drive/program files/microsoft visual studio/vc98/mfc/src/oletsvr.cpp" "$sharedSrcRoot/mfc/src/oletsvr.cpp" "/mfc/c_drive/program files/microsoft visual studio/vc98/mfc/src/oletsvr.cpp" ""
s 0 "/mfc/c_drive/program files/microsoft visual studio/vc98/mfc/src/appui1.cpp" "$sharedSrcRoot/mfc/src/appui1.cpp" "/mfc/c_drive/program files/microsoft visual studio/vc98/mfc/src/appui1.cpp" ""
s 0 "/mfc/c_drive/program files/microsoft visual studio/vc98/mfc/src/barstat.cpp" "$sharedSrcRoot/mfc/src/barstat.cpp" "/mfc/c_drive/program files/microsoft visual studio/vc98/mfc/src/barstat.cpp" ""
s 0 "/mfc/c_drive/program files/microsoft visual studio/vc98/mfc/src/ctlconn.cpp" "$sharedSrcRoot/mfc/src/ctlconn.cpp" "/mfc/c_drive/program files/microsoft visual studio/vc98/mfc/src/ctlconn.cpp" ""
s 0 "/mfc/c_drive/program files/microsoft visual studio/vc98/mfc/src/appui3.cpp" "$sharedSrcRoot/mfc/src/appui3.cpp" "/mfc/c_drive/program files/microsoft visual studio/vc98/mfc/src/appui3.cpp" ""
s 0 "/mfc/c_drive/program files/microsoft visual studio/vc98/mfc/src/ctlpict.cpp" "$sharedSrcRoot/mfc/src/ctlpict.cpp" "/mfc/c_drive/program files/microsoft visual studio/vc98/mfc/src/ctlpict.cpp" ""
s 0 "/mfc/c_drive/program files/microsoft visual studio/vc98/mfc/src/nolib.cpp" "$sharedSrcRoot/mfc/src/nolib.cpp" "/mfc/c_drive/program files/microsoft visual studio/vc98/mfc/src/nolib.cpp" ""
s 0 "/mfc/c_drive/program files/microsoft visual studio/vc98/mfc/src/winctrl2.cpp" "$sharedSrcRoot/mfc/src/winctrl2.cpp" "/mfc/c_drive/program files/microsoft visual studio/vc98/mfc/src/winctrl2.cpp" ""
s 0 "/mfc/c_drive/program files/microsoft visual studio/vc98/mfc/src/winctrl4.cpp" "$sharedSrcRoot/mfc/src/winctrl4.cpp" "/mfc/c_drive/program files/microsoft visual studio/vc98/mfc/src/winctrl4.cpp" ""
s 0 "/mfc/c_drive/program files/microsoft visual studio/vc98/mfc/src/timecore.cpp" "$sharedSrcRoot/mfc/src/timecore.cpp" "/mfc/c_drive/program files/microsoft visual studio/vc98/mfc/src/timecore.cpp" ""
s 0 "/mfc/c_drive/program files/microsoft visual studio/vc98/mfc/src/winctrl6.cpp" "$sharedSrcRoot/mfc/src/winctrl6.cpp" "/mfc/c_drive/program files/microsoft visual studio/vc98/mfc/src/winctrl6.cpp" ""
s 0 "/mfc/c_drive/program files/microsoft visual studio/vc98/mfc/src/arcstrm.cpp" "$sharedSrcRoot/mfc/src/arcstrm.cpp" "/mfc/c_drive/program files/microsoft visual studio/vc98/mfc/src/arcstrm.cpp" ""
s 0 "/mfc/c_drive/program files/microsoft visual studio/vc98/mfc/src/map_pp.cpp" "$sharedSrcRoot/mfc/src/map_pp.cpp" "/mfc/c_drive/program files/microsoft visual studio/vc98/mfc/src/map_pp.cpp" ""
s 0 "/mfc/c_drive/program files/microsoft visual studio/vc98/mfc/src/oleasmon.cpp" "$sharedSrcRoot/mfc/src/oleasmon.cpp" "/mfc/c_drive/program files/microsoft visual studio/vc98/mfc/src/oleasmon.cpp" ""
s 0 "/mfc/c_drive/program files/microsoft visual studio/vc98/mfc/src/ctlview.cpp" "$sharedSrcRoot/mfc/src/ctlview.cpp" "/mfc/c_drive/program files/microsoft visual studio/vc98/mfc/src/ctlview.cpp" ""
s 0 "/mfc/c_drive/program files/microsoft visual studio/vc98/mfc/src/dlgfnt.cpp" "$sharedSrcRoot/mfc/src/dlgfnt.cpp" "/mfc/c_drive/program files/microsoft visual studio/vc98/mfc/src/dlgfnt.cpp" ""
s 0 "/mfc/c_drive/program files/microsoft visual studio/vc98/mfc/src/docmulti.cpp" "$sharedSrcRoot/mfc/src/docmulti.cpp" "/mfc/c_drive/program files/microsoft visual studio/vc98/mfc/src/docmulti.cpp" ""
s 0 "/mfc/c_drive/program files/microsoft visual studio/vc98/mfc/src/strcore.cpp" "$sharedSrcRoot/mfc/src/strcore.cpp" "/mfc/c_drive/program files/microsoft visual studio/vc98/mfc/src/strcore.cpp" ""
s 0 "/mfc/c_drive/program files/microsoft visual studio/vc98/mfc/src/dlgcomm.cpp" "$sharedSrcRoot/mfc/src/dlgcomm.cpp" "/mfc/c_drive/program files/microsoft visual studio/vc98/mfc/src/dlgcomm.cpp" ""
s 0 "/mfc/c_drive/program files/microsoft visual studio/vc98/mfc/src/oledrop2.cpp" "$sharedSrcRoot/mfc/src/oledrop2.cpp" "/mfc/c_drive/program files/microsoft visual studio/vc98/mfc/src/oledrop2.cpp" ""
s 0 "/mfc/c_drive/program files/microsoft visual studio/vc98/mfc/src/filest.cpp" "$sharedSrcRoot/mfc/src/filest.cpp" "/mfc/c_drive/program files/microsoft visual studio/vc98/mfc/src/filest.cpp" ""
s 0 "/mfc/c_drive/program files/microsoft visual studio/vc98/mfc/src/winmdi.cpp" "$sharedSrcRoot/mfc/src/winmdi.cpp" "/mfc/c_drive/program files/microsoft visual studio/vc98/mfc/src/winmdi.cpp" ""
s 0 "/mfc/c_drive/program files/microsoft visual studio/vc98/mfc/src/dumpcont.cpp" "$sharedSrcRoot/mfc/src/dumpcont.cpp" "/mfc/c_drive/program files/microsoft visual studio/vc98/mfc/src/dumpcont.cpp" ""
s 0 "/mfc/c_drive/program files/microsoft visual studio/vc98/mfc/src/ppgstock.cpp" "$sharedSrcRoot/mfc/src/ppgstock.cpp" "/mfc/c_drive/program files/microsoft visual studio/vc98/mfc/src/ppgstock.cpp" ""
s 0 "/mfc/c_drive/program files/microsoft visual studio/vc98/mfc/src/winutil.cpp" "$sharedSrcRoot/mfc/src/winutil.cpp" "/mfc/c_drive/program files/microsoft visual studio/vc98/mfc/src/winutil.cpp" ""
s 0 "/mfc/c_drive/program files/microsoft visual studio/vc98/mfc/src/olesvr1.cpp" "$sharedSrcRoot/mfc/src/olesvr1.cpp" "/mfc/c_drive/program files/microsoft visual studio/vc98/mfc/src/olesvr1.cpp" ""
s 0 "/mfc/c_drive/program files/microsoft visual studio/vc98/mfc/src/bardlg.cpp" "$sharedSrcRoot/mfc/src/bardlg.cpp" "/mfc/c_drive/program files/microsoft visual studio/vc98/mfc/src/bardlg.cpp" ""
s 0 "/mfc/c_drive/program files/microsoft visual studio/vc98/mfc/src/array_o.cpp" "$sharedSrcRoot/mfc/src/array_o.cpp" "/mfc/c_drive/program files/microsoft visual studio/vc98/mfc/src/array_o.cpp" ""
s 0 "/mfc/c_drive/program files/microsoft visual studio/vc98/mfc/src/oleui1.cpp" "$sharedSrcRoot/mfc/src/oleui1.cpp" "/mfc/c_drive/program files/microsoft visual studio/vc98/mfc/src/oleui1.cpp" ""
s 0 "/mfc/c_drive/program files/microsoft visual studio/vc98/mfc/src/dbvar.cpp" "$sharedSrcRoot/mfc/src/dbvar.cpp" "/mfc/c_drive/program files/microsoft visual studio/vc98/mfc/src/dbvar.cpp" ""
s 0 "/mfc/c_drive/program files/microsoft visual studio/vc98/mfc/src/array_s.cpp" "$sharedSrcRoot/mfc/src/array_s.cpp" "/mfc/c_drive/program files/microsoft visual studio/vc98/mfc/src/array_s.cpp" ""
s 0 "/mfc/c_drive/program files/microsoft visual studio/vc98/mfc/src/array_u.cpp" "$sharedSrcRoot/mfc/src/array_u.cpp" "/mfc/c_drive/program files/microsoft visual studio/vc98/mfc/src/array_u.cpp" ""
s 0 "/mfc/c_drive/program files/microsoft visual studio/vc98/mfc/src/appgray.cpp" "$sharedSrcRoot/mfc/src/appgray.cpp" "/mfc/c_drive/program files/microsoft visual studio/vc98/mfc/src/appgray.cpp" ""
s 0 "/mfc/c_drive/program files/microsoft visual studio/vc98/mfc/src/occddx.cpp" "$sharedSrcRoot/mfc/src/occddx.cpp" "/mfc/c_drive/program files/microsoft visual studio/vc98/mfc/src/occddx.cpp" ""
s 0 "/mfc/c_drive/program files/microsoft visual studio/vc98/mfc/src/array_w.cpp" "$sharedSrcRoot/mfc/src/array_w.cpp" "/mfc/c_drive/program files/microsoft visual studio/vc98/mfc/src/array_w.cpp" ""
s 0 "/mfc/c_drive/program files/microsoft visual studio/vc98/mfc/src/isapi.cpp" "$sharedSrcRoot/mfc/src/isapi.cpp" "/mfc/c_drive/program files/microsoft visual studio/vc98/mfc/src/isapi.cpp" ""
s 0 "/mfc/c_drive/program files/microsoft visual studio/vc98/mfc/src/afxabort.cpp" "$sharedSrcRoot/mfc/src/afxabort.cpp" "/mfc/c_drive/program files/microsoft visual studio/vc98/mfc/src/afxabort.cpp" ""
s 0 "/mfc/c_drive/program files/microsoft visual studio/vc98/mfc/src/ctlcache.cpp" "$sharedSrcRoot/mfc/src/ctlcache.cpp" "/mfc/c_drive/program files/microsoft visual studio/vc98/mfc/src/ctlcache.cpp" ""
s 0 "/mfc/c_drive/program files/microsoft visual studio/vc98/mfc/src/oledlgs1.cpp" "$sharedSrcRoot/mfc/src/oledlgs1.cpp" "/mfc/c_drive/program files/microsoft visual studio/vc98/mfc/src/oledlgs1.cpp" ""
s 0 "/mfc/c_drive/program files/microsoft visual studio/vc98/mfc/src/ctllic.cpp" "$sharedSrcRoot/mfc/src/ctllic.cpp" "/mfc/c_drive/program files/microsoft visual studio/vc98/mfc/src/ctllic.cpp" ""
s 0 "/mfc/c_drive/program files/microsoft visual studio/vc98/mfc/src/olecall.cpp" "$sharedSrcRoot/mfc/src/olecall.cpp" "/mfc/c_drive/program files/microsoft visual studio/vc98/mfc/src/olecall.cpp" ""
s 0 "/mfc/c_drive/program files/microsoft visual studio/vc98/mfc/src/filelist.cpp" "$sharedSrcRoot/mfc/src/filelist.cpp" "/mfc/c_drive/program files/microsoft visual studio/vc98/mfc/src/filelist.cpp" ""
s 0 "/mfc/c_drive/program files/microsoft visual studio/vc98/mfc/src/oledlgs3.cpp" "$sharedSrcRoot/mfc/src/oledlgs3.cpp" "/mfc/c_drive/program files/microsoft visual studio/vc98/mfc/src/oledlgs3.cpp" ""
s 0 "/mfc/c_drive/program files/microsoft visual studio/vc98/mfc/src/olefact.cpp" "$sharedSrcRoot/mfc/src/olefact.cpp" "/mfc/c_drive/program files/microsoft visual studio/vc98/mfc/src/olefact.cpp" ""
s 0 "/mfc/c_drive/program files/microsoft visual studio/vc98/mfc/src/arccore.cpp" "$sharedSrcRoot/mfc/src/arccore.cpp" "/mfc/c_drive/program files/microsoft visual studio/vc98/mfc/src/arccore.cpp" ""
s 0 "/mfc/c_drive/program files/microsoft visual studio/vc98/mfc/src/afxstate.cpp" "$sharedSrcRoot/mfc/src/afxstate.cpp" "/mfc/c_drive/program files/microsoft visual studio/vc98/mfc/src/afxstate.cpp" ""
s 0 "/mfc/c_drive/program files/microsoft visual studio/vc98/mfc/src/ctlquick.cpp" "$sharedSrcRoot/mfc/src/ctlquick.cpp" "/mfc/c_drive/program files/microsoft visual studio/vc98/mfc/src/ctlquick.cpp" ""
s 0 "/mfc/c_drive/program files/microsoft visual studio/vc98/mfc/src/dlgcore.cpp" "$sharedSrcRoot/mfc/src/dlgcore.cpp" "/mfc/c_drive/program files/microsoft visual studio/vc98/mfc/src/dlgcore.cpp" ""
s 0 "/mfc/c_drive/program files/microsoft visual studio/vc98/mfc/src/filetxt.cpp" "$sharedSrcRoot/mfc/src/filetxt.cpp" "/mfc/c_drive/program files/microsoft visual studio/vc98/mfc/src/filetxt.cpp" ""
s 0 "/mfc/c_drive/program files/microsoft visual studio/vc98/mfc/src/viewedit.cpp" "$sharedSrcRoot/mfc/src/viewedit.cpp" "/mfc/c_drive/program files/microsoft visual studio/vc98/mfc/src/viewedit.cpp" ""
s 0 "/mfc/c_drive/program files/microsoft visual studio/vc98/mfc/src/ctlreg.cpp" "$sharedSrcRoot/mfc/src/ctlreg.cpp" "/mfc/c_drive/program files/microsoft visual studio/vc98/mfc/src/ctlreg.cpp" ""
s 0 "/mfc/c_drive/program files/microsoft visual studio/vc98/mfc/src/oledisp2.cpp" "$sharedSrcRoot/mfc/src/oledisp2.cpp" "/mfc/c_drive/program files/microsoft visual studio/vc98/mfc/src/oledisp2.cpp" ""
s 0 "/mfc/c_drive/program files/microsoft visual studio/vc98/mfc/src/dlldb.cpp" "$sharedSrcRoot/mfc/src/dlldb.cpp" "/mfc/c_drive/program files/microsoft visual studio/vc98/mfc/src/dlldb.cpp" ""
s 0 "/mfc/c_drive/program files/microsoft visual studio/vc98/mfc/src/winstr.cpp" "$sharedSrcRoot/mfc/src/winstr.cpp" "/mfc/c_drive/program files/microsoft visual studio/vc98/mfc/src/winstr.cpp" ""
s 0 "/mfc/c_drive/program files/microsoft visual studio/vc98/mfc/src/oledoc1.cpp" "$sharedSrcRoot/mfc/src/oledoc1.cpp" "/mfc/c_drive/program files/microsoft visual studio/vc98/mfc/src/oledoc1.cpp" ""
s 0 "/mfc/c_drive/program files/microsoft visual studio/vc98/mfc/src/auxdata.cpp" "$sharedSrcRoot/mfc/src/auxdata.cpp" "/mfc/c_drive/program files/microsoft visual studio/vc98/mfc/src/auxdata.cpp" ""
s 0 "/mfc/c_drive/program files/microsoft visual studio/vc98/mfc/src/dumpstak.cpp" "$sharedSrcRoot/mfc/src/dumpstak.cpp" "/mfc/c_drive/program files/microsoft visual studio/vc98/mfc/src/dumpstak.cpp" ""
s 0 "/mfc/c_drive/program files/microsoft visual studio/vc98/mfc/src/except.cpp" "$sharedSrcRoot/mfc/src/except.cpp" "/mfc/c_drive/program files/microsoft visual studio/vc98/mfc/src/except.cpp" ""
s 0 "/mfc/c_drive/program files/microsoft visual studio/vc98/mfc/src/list_o.cpp" "$sharedSrcRoot/mfc/src/list_o.cpp" "/mfc/c_drive/program files/microsoft visual studio/vc98/mfc/src/list_o.cpp" ""
s 0 "/mfc/c_drive/program files/microsoft visual studio/vc98/mfc/src/tooltip.cpp" "$sharedSrcRoot/mfc/src/tooltip.cpp" "/mfc/c_drive/program files/microsoft visual studio/vc98/mfc/src/tooltip.cpp" ""
s 0 "/mfc/c_drive/program files/microsoft visual studio/vc98/mfc/src/oleexp.cpp" "$sharedSrcRoot/mfc/src/oleexp.cpp" "/mfc/c_drive/program files/microsoft visual studio/vc98/mfc/src/oleexp.cpp" ""
s 0 "/mfc/c_drive/program files/microsoft visual studio/vc98/mfc/src/list_s.cpp" "$sharedSrcRoot/mfc/src/list_s.cpp" "/mfc/c_drive/program files/microsoft visual studio/vc98/mfc/src/list_s.cpp" ""
s 0 "/mfc/c_drive/program files/microsoft visual studio/vc98/mfc/src/dumpout.cpp" "$sharedSrcRoot/mfc/src/dumpout.cpp" "/mfc/c_drive/program files/microsoft visual studio/vc98/mfc/src/dumpout.cpp" ""
s 0 "/mfc/c_drive/program files/microsoft visual studio/vc98/mfc/src/oledocip.cpp" "$sharedSrcRoot/mfc/src/oledocip.cpp" "/mfc/c_drive/program files/microsoft visual studio/vc98/mfc/src/oledocip.cpp" ""
s 0 "/mfc/c_drive/program files/microsoft visual studio/vc98/mfc/src/dbcore.cpp" "$sharedSrcRoot/mfc/src/dbcore.cpp" "/mfc/c_drive/program files/microsoft visual studio/vc98/mfc/src/dbcore.cpp" ""
s 0 "/mfc/c_drive/program files/microsoft visual studio/vc98/mfc/src/afxinl1.cpp" "$sharedSrcRoot/mfc/src/afxinl1.cpp" "/mfc/c_drive/program files/microsoft visual studio/vc98/mfc/src/afxinl1.cpp" ""
s 0 "/mfc/c_drive/program files/microsoft visual studio/vc98/mfc/src/afxinl3.cpp" "$sharedSrcRoot/mfc/src/afxinl3.cpp" "/mfc/c_drive/program files/microsoft visual studio/vc98/mfc/src/afxinl3.cpp" ""
s 0 "/mfc/c_drive/program files/microsoft visual studio/vc98/mfc/src/dockcont.cpp" "$sharedSrcRoot/mfc/src/dockcont.cpp" "/mfc/c_drive/program files/microsoft visual studio/vc98/mfc/src/dockcont.cpp" ""
s 0 "/mfc/c_drive/program files/microsoft visual studio/vc98/mfc/src/dbrfx.cpp" "$sharedSrcRoot/mfc/src/dbrfx.cpp" "/mfc/c_drive/program files/microsoft visual studio/vc98/mfc/src/dbrfx.cpp" ""
s 0 "/mfc/c_drive/program files/microsoft visual studio/vc98/mfc/src/appdlg.cpp" "$sharedSrcRoot/mfc/src/appdlg.cpp" "/mfc/c_drive/program files/microsoft visual studio/vc98/mfc/src/appdlg.cpp" ""
s 0 "/mfc/c_drive/program files/microsoft visual studio/vc98/mfc/src/filex.cpp" "$sharedSrcRoot/mfc/src/filex.cpp" "/mfc/c_drive/program files/microsoft visual studio/vc98/mfc/src/filex.cpp" ""
s 0 "/mfc/c_drive/program files/microsoft visual studio/vc98/mfc/src/viewcmn.cpp" "$sharedSrcRoot/mfc/src/viewcmn.cpp" "/mfc/c_drive/program files/microsoft visual studio/vc98/mfc/src/viewcmn.cpp" ""
s 0 "/mfc/c_drive/program files/microsoft visual studio/vc98/mfc/src/ctlintl.cpp" "$sharedSrcRoot/mfc/src/ctlintl.cpp" "/mfc/c_drive/program files/microsoft visual studio/vc98/mfc/src/ctlintl.cpp" ""
s 0 "/mfc/c_drive/program files/microsoft visual studio/vc98/mfc/src/dllmodul.cpp" "$sharedSrcRoot/mfc/src/dllmodul.cpp" "/mfc/c_drive/program files/microsoft visual studio/vc98/mfc/src/dllmodul.cpp" ""
s 0 "/mfc/c_drive/program files/microsoft visual studio/vc98/mfc/src/occlock.cpp" "$sharedSrcRoot/mfc/src/occlock.cpp" "/mfc/c_drive/program files/microsoft visual studio/vc98/mfc/src/occlock.cpp" ""
s 0 "/mfc/c_drive/program files/microsoft visual studio/vc98/mfc/src/barcore.cpp" "$sharedSrcRoot/mfc/src/barcore.cpp" "/mfc/c_drive/program files/microsoft visual studio/vc98/mfc/src/barcore.cpp" ""
s 0 "/mfc/c_drive/program files/microsoft visual studio/vc98/mfc/src/dbview.cpp" "$sharedSrcRoot/mfc/src/dbview.cpp" "/mfc/c_drive/program files/microsoft visual studio/vc98/mfc/src/dbview.cpp" ""
s 0 "/mfc/c_drive/program files/microsoft visual studio/vc98/mfc/src/ctlprop.cpp" "$sharedSrcRoot/mfc/src/ctlprop.cpp" "/mfc/c_drive/program files/microsoft visual studio/vc98/mfc/src/ctlprop.cpp" ""
s 0 "/mfc/c_drive/program files/microsoft visual studio/vc98/mfc/src/dcprev.cpp" "$sharedSrcRoot/mfc/src/dcprev.cpp" "/mfc/c_drive/program files/microsoft visual studio/vc98/mfc/src/dcprev.cpp" ""
s 0 "/mfc/c_drive/program files/microsoft visual studio/vc98/mfc/src/olecli2.cpp" "$sharedSrcRoot/mfc/src/olecli2.cpp" "/mfc/c_drive/program files/microsoft visual studio/vc98/mfc/src/olecli2.cpp" ""
s 0 "/mfc/c_drive/program files/microsoft visual studio/vc98/mfc/src/app3ds.cpp" "$sharedSrcRoot/mfc/src/app3ds.cpp" "/mfc/c_drive/program files/microsoft visual studio/vc98/mfc/src/app3ds.cpp" ""
s 0 "/mfc/c_drive/program files/microsoft visual studio/vc98/mfc/src/inetcall.cpp" "$sharedSrcRoot/mfc/src/inetcall.cpp" "/mfc/c_drive/program files/microsoft visual studio/vc98/mfc/src/inetcall.cpp" ""
s 0 "/mfc/c_drive/program files/microsoft visual studio/vc98/mfc/src/olemsgf.cpp" "$sharedSrcRoot/mfc/src/olemsgf.cpp" "/mfc/c_drive/program files/microsoft visual studio/vc98/mfc/src/olemsgf.cpp" ""
s 0 "/mfc/c_drive/program files/microsoft visual studio/vc98/mfc/src/olecnvrt.cpp" "$sharedSrcRoot/mfc/src/olecnvrt.cpp" "/mfc/c_drive/program files/microsoft visual studio/vc98/mfc/src/olecnvrt.cpp" ""
s 0 "/mfc/c_drive/program files/microsoft visual studio/vc98/mfc/src/viewscrl.cpp" "$sharedSrcRoot/mfc/src/viewscrl.cpp" "/mfc/c_drive/program files/microsoft visual studio/vc98/mfc/src/viewscrl.cpp" ""
s 0 "/mfc/c_drive/program files/microsoft visual studio/vc98/mfc/src/viewhtml.cpp" "$sharedSrcRoot/mfc/src/viewhtml.cpp" "/mfc/c_drive/program files/microsoft visual studio/vc98/mfc/src/viewhtml.cpp" ""
s 0 "/mfc/c_drive/program files/microsoft visual studio/vc98/mfc/src/oledobj1.cpp" "$sharedSrcRoot/mfc/src/oledobj1.cpp" "/mfc/c_drive/program files/microsoft visual studio/vc98/mfc/src/oledobj1.cpp" ""
s 0 "/mfc/c_drive/program files/microsoft visual studio/vc98/mfc/src/arcobj.cpp" "$sharedSrcRoot/mfc/src/arcobj.cpp" "/mfc/c_drive/program files/microsoft visual studio/vc98/mfc/src/arcobj.cpp" ""
s 0 "/mfc/c_drive/program files/microsoft visual studio/vc98/mfc/src/winbtn.cpp" "$sharedSrcRoot/mfc/src/winbtn.cpp" "/mfc/c_drive/program files/microsoft visual studio/vc98/mfc/src/winbtn.cpp" ""
s 0 "/mfc/c_drive/program files/microsoft visual studio/vc98/mfc/src/afxtls.cpp" "$sharedSrcRoot/mfc/src/afxtls.cpp" "/mfc/c_drive/program files/microsoft visual studio/vc98/mfc/src/afxtls.cpp" ""
s 0 "/mfc/c_drive/program files/microsoft visual studio/vc98/mfc/src/arcex.cpp" "$sharedSrcRoot/mfc/src/arcex.cpp" "/mfc/c_drive/program files/microsoft visual studio/vc98/mfc/src/arcex.cpp" ""
s 0 "/mfc/c_drive/program files/microsoft visual studio/vc98/mfc/src/docsingl.cpp" "$sharedSrcRoot/mfc/src/docsingl.cpp" "/mfc/c_drive/program files/microsoft visual studio/vc98/mfc/src/docsingl.cpp" ""
s 0 "/mfc/c_drive/program files/microsoft visual studio/vc98/mfc/src/oleinit.cpp" "$sharedSrcRoot/mfc/src/oleinit.cpp" "/mfc/c_drive/program files/microsoft visual studio/vc98/mfc/src/oleinit.cpp" ""
s 0 "/mfc/c_drive/program files/microsoft visual studio/vc98/mfc/src/appinit.cpp" "$sharedSrcRoot/mfc/src/appinit.cpp" "/mfc/c_drive/program files/microsoft visual studio/vc98/mfc/src/appinit.cpp" ""
s 0 "/mfc/c_drive/program files/microsoft visual studio/vc98/mfc/src/appterm.cpp" "$sharedSrcRoot/mfc/src/appterm.cpp" "/mfc/c_drive/program files/microsoft visual studio/vc98/mfc/src/appterm.cpp" ""
s 0 "/mfc/c_drive/program files/microsoft visual studio/vc98/mfc/src/winsplit.cpp" "$sharedSrcRoot/mfc/src/winsplit.cpp" "/mfc/c_drive/program files/microsoft visual studio/vc98/mfc/src/winsplit.cpp" ""
s 0 "/mfc/c_drive/program files/microsoft visual studio/vc98/mfc/src/winmini.cpp" "$sharedSrcRoot/mfc/src/winmini.cpp" "/mfc/c_drive/program files/microsoft visual studio/vc98/mfc/src/winmini.cpp" ""
s 0 "/mfc/c_drive/program files/microsoft visual studio/vc98/mfc/src/thrdcore.cpp" "$sharedSrcRoot/mfc/src/thrdcore.cpp" "/mfc/c_drive/program files/microsoft visual studio/vc98/mfc/src/thrdcore.cpp" ""
s 0 "/mfc/c_drive/program files/microsoft visual studio/vc98/mfc/src/afxdbcs.cpp" "$sharedSrcRoot/mfc/src/afxdbcs.cpp" "/mfc/c_drive/program files/microsoft visual studio/vc98/mfc/src/afxdbcs.cpp" ""
s 0 "/mfc/c_drive/program files/microsoft visual studio/vc98/mfc/src/dllole.cpp" "$sharedSrcRoot/mfc/src/dllole.cpp" "/mfc/c_drive/program files/microsoft visual studio/vc98/mfc/src/dllole.cpp" ""
s 0 "/mfc/c_drive/program files/microsoft visual studio/vc98/mfc/src/docmgr.cpp" "$sharedSrcRoot/mfc/src/docmgr.cpp" "/mfc/c_drive/program files/microsoft visual studio/vc98/mfc/src/docmgr.cpp" ""
s 0 "/mfc/c_drive/program files/microsoft visual studio/vc98/mfc/src/ppgfont.cpp" "$sharedSrcRoot/mfc/src/ppgfont.cpp" "/mfc/c_drive/program files/microsoft visual studio/vc98/mfc/src/ppgfont.cpp" ""
s 0 "/mfc/c_drive/program files/microsoft visual studio/vc98/mfc/src/viewoled.cpp" "$sharedSrcRoot/mfc/src/viewoled.cpp" "/mfc/c_drive/program files/microsoft visual studio/vc98/mfc/src/viewoled.cpp" ""
s 0 "/mfc/c_drive/program files/microsoft visual studio/vc98/mfc/src/map_so.cpp" "$sharedSrcRoot/mfc/src/map_so.cpp" "/mfc/c_drive/program files/microsoft visual studio/vc98/mfc/src/map_so.cpp" ""
s 0 "/mfc/c_drive/program files/microsoft visual studio/vc98/mfc/src/filemem.cpp" "$sharedSrcRoot/mfc/src/filemem.cpp" "/mfc/c_drive/program files/microsoft visual studio/vc98/mfc/src/filemem.cpp" ""
s 0 "/mfc/c_drive/program files/microsoft visual studio/vc98/mfc/src/cmdtarg.cpp" "$sharedSrcRoot/mfc/src/cmdtarg.cpp" "/mfc/c_drive/program files/microsoft visual studio/vc98/mfc/src/cmdtarg.cpp" ""
s 0 "/mfc/c_drive/program files/microsoft visual studio/vc98/mfc/src/winmenu.cpp" "$sharedSrcRoot/mfc/src/winmenu.cpp" "/mfc/c_drive/program files/microsoft visual studio/vc98/mfc/src/winmenu.cpp" ""
s 0 "/mfc/c_drive/program files/microsoft visual studio/vc98/mfc/src/map_ss.cpp" "$sharedSrcRoot/mfc/src/map_ss.cpp" "/mfc/c_drive/program files/microsoft visual studio/vc98/mfc/src/map_ss.cpp" ""
s 0 "/mfc/c_drive/program files/microsoft visual studio/vc98/mfc/src/map_wp.cpp" "$sharedSrcRoot/mfc/src/map_wp.cpp" "/mfc/c_drive/program files/microsoft visual studio/vc98/mfc/src/map_wp.cpp" ""
s 0 "/mfc/c_drive/program files/microsoft visual studio/vc98/mfc/src/oledoccl.cpp" "$sharedSrcRoot/mfc/src/oledoccl.cpp" "/mfc/c_drive/program files/microsoft visual studio/vc98/mfc/src/oledoccl.cpp" ""
s 0 "/mfc/c_drive/program files/microsoft visual studio/vc98/mfc/src/ctlevent.cpp" "$sharedSrcRoot/mfc/src/ctlevent.cpp" "/mfc/c_drive/program files/microsoft visual studio/vc98/mfc/src/ctlevent.cpp" ""
s 0 "/mfc/c_drive/program files/microsoft visual studio/vc98/mfc/src/ppgcolor.cpp" "$sharedSrcRoot/mfc/src/ppgcolor.cpp" "/mfc/c_drive/program files/microsoft visual studio/vc98/mfc/src/ppgcolor.cpp" ""
s 0 "/mfc/c_drive/program files/microsoft visual studio/vc98/mfc/src/winhand.cpp" "$sharedSrcRoot/mfc/src/winhand.cpp" "/mfc/c_drive/program files/microsoft visual studio/vc98/mfc/src/winhand.cpp" ""
s 0 "/mfc/c_drive/program files/microsoft visual studio/vc98/mfc/src/olelock.cpp" "$sharedSrcRoot/mfc/src/olelock.cpp" "/mfc/c_drive/program files/microsoft visual studio/vc98/mfc/src/olelock.cpp" ""
s 0 "/mfc/c_drive/program files/microsoft visual studio/vc98/mfc/src/mtcore.cpp" "$sharedSrcRoot/mfc/src/mtcore.cpp" "/mfc/c_drive/program files/microsoft visual studio/vc98/mfc/src/mtcore.cpp" ""
s 0 "/mfc/c_drive/program files/microsoft visual studio/vc98/mfc/src/dumpinit.cpp" "$sharedSrcRoot/mfc/src/dumpinit.cpp" "/mfc/c_drive/program files/microsoft visual studio/vc98/mfc/src/dumpinit.cpp" ""
s 0 "/mfc/c_drive/program files/microsoft visual studio/vc98/mfc/src/oleunk.cpp" "$sharedSrcRoot/mfc/src/oleunk.cpp" "/mfc/c_drive/program files/microsoft visual studio/vc98/mfc/src/oleunk.cpp" ""
s 0 "/mfc/c_drive/program files/microsoft visual studio/vc98/mfc/src/viewform.cpp" "$sharedSrcRoot/mfc/src/viewform.cpp" "/mfc/c_drive/program files/microsoft visual studio/vc98/mfc/src/viewform.cpp" ""
s 0 "/mfc/c_drive/program files/microsoft visual studio/vc98/mfc/src/appui2.cpp" "$sharedSrcRoot/mfc/src/appui2.cpp" "/mfc/c_drive/program files/microsoft visual studio/vc98/mfc/src/appui2.cpp" ""
s 0 "/mfc/c_drive/program files/microsoft visual studio/vc98/mfc/src/winctrl1.cpp" "$sharedSrcRoot/mfc/src/winctrl1.cpp" "/mfc/c_drive/program files/microsoft visual studio/vc98/mfc/src/winctrl1.cpp" ""
s 0 "/mfc/c_drive/program files/microsoft visual studio/vc98/mfc/src/olebar.cpp" "$sharedSrcRoot/mfc/src/olebar.cpp" "/mfc/c_drive/program files/microsoft visual studio/vc98/mfc/src/olebar.cpp" ""
s 0 "/mfc/c_drive/program files/microsoft visual studio/vc98/mfc/src/winctrl3.cpp" "$sharedSrcRoot/mfc/src/winctrl3.cpp" "/mfc/c_drive/program files/microsoft visual studio/vc98/mfc/src/winctrl3.cpp" ""
s 0 "/mfc/c_drive/program files/microsoft visual studio/vc98/mfc/src/strex.cpp" "$sharedSrcRoot/mfc/src/strex.cpp" "/mfc/c_drive/program files/microsoft visual studio/vc98/mfc/src/strex.cpp" ""
s 0 "/mfc/c_drive/program files/microsoft visual studio/vc98/mfc/src/daodfx.cpp" "$sharedSrcRoot/mfc/src/daodfx.cpp" "/mfc/c_drive/program files/microsoft visual studio/vc98/mfc/src/daodfx.cpp" ""
s 0 "/mfc/c_drive/program files/microsoft visual studio/vc98/mfc/src/occevent.cpp" "$sharedSrcRoot/mfc/src/occevent.cpp" "/mfc/c_drive/program files/microsoft visual studio/vc98/mfc/src/occevent.cpp" ""
s 0 "/mfc/c_drive/program files/microsoft visual studio/vc98/mfc/src/dlgfile.cpp" "$sharedSrcRoot/mfc/src/dlgfile.cpp" "/mfc/c_drive/program files/microsoft visual studio/vc98/mfc/src/dlgfile.cpp" ""
s 0 "/mfc/c_drive/program files/microsoft visual studio/vc98/mfc/src/winctrl5.cpp" "$sharedSrcRoot/mfc/src/winctrl5.cpp" "/mfc/c_drive/program files/microsoft visual studio/vc98/mfc/src/winctrl5.cpp" ""
s 0 "/mfc/c_drive/program files/microsoft visual studio/vc98/mfc/src/ctltrack.cpp" "$sharedSrcRoot/mfc/src/ctltrack.cpp" "/mfc/c_drive/program files/microsoft visual studio/vc98/mfc/src/ctltrack.cpp" ""
s 0 "/mfc/c_drive/program files/microsoft visual studio/vc98/mfc/src/dlgclr.cpp" "$sharedSrcRoot/mfc/src/dlgclr.cpp" "/mfc/c_drive/program files/microsoft visual studio/vc98/mfc/src/dlgclr.cpp" ""
s 0 "/mfc/c_drive/program files/microsoft visual studio/vc98/mfc/src/dlgprop.cpp" "$sharedSrcRoot/mfc/src/dlgprop.cpp" "/mfc/c_drive/program files/microsoft visual studio/vc98/mfc/src/dlgprop.cpp" ""
s 0 "/mfc/c_drive/program files/microsoft visual studio/vc98/mfc/src/plex.cpp" "$sharedSrcRoot/mfc/src/plex.cpp" "/mfc/c_drive/program files/microsoft visual studio/vc98/mfc/src/plex.cpp" ""
s 0 "/mfc/c_drive/program files/microsoft visual studio/vc98/mfc/src/dlgtempl.cpp" "$sharedSrcRoot/mfc/src/dlgtempl.cpp" "/mfc/c_drive/program files/microsoft visual studio/vc98/mfc/src/dlgtempl.cpp" ""
s 0 "/mfc/c_drive/program files/microsoft visual studio/vc98/mfc/src/winctrl7.cpp" "$sharedSrcRoot/mfc/src/winctrl7.cpp" "/mfc/c_drive/program files/microsoft visual studio/vc98/mfc/src/winctrl7.cpp" ""
s 0 "/mfc/c_drive/program files/microsoft visual studio/vc98/mfc/src/oledata.cpp" "$sharedSrcRoot/mfc/src/oledata.cpp" "/mfc/c_drive/program files/microsoft visual studio/vc98/mfc/src/oledata.cpp" ""
s 0 "/mfc/c_drive/program files/microsoft visual studio/vc98/mfc/src/ctldata.cpp" "$sharedSrcRoot/mfc/src/ctldata.cpp" "/mfc/c_drive/program files/microsoft visual studio/vc98/mfc/src/ctldata.cpp" ""
s 0 "/mfc/c_drive/program files/microsoft visual studio/vc98/mfc/src/docmapi.cpp" "$sharedSrcRoot/mfc/src/docmapi.cpp" "/mfc/c_drive/program files/microsoft visual studio/vc98/mfc/src/docmapi.cpp" ""
s 0 "/mfc/c_drive/program files/microsoft visual studio/vc98/mfc/src/olereg.cpp" "$sharedSrcRoot/mfc/src/olereg.cpp" "/mfc/c_drive/program files/microsoft visual studio/vc98/mfc/src/olereg.cpp" ""
s 0 "/mfc/c_drive/program files/microsoft visual studio/vc98/mfc/src/oleipfrm.cpp" "$sharedSrcRoot/mfc/src/oleipfrm.cpp" "/mfc/c_drive/program files/microsoft visual studio/vc98/mfc/src/oleipfrm.cpp" ""
s 0 "/mfc/c_drive/program files/microsoft visual studio/vc98/mfc/src/ctlobj.cpp" "$sharedSrcRoot/mfc/src/ctlobj.cpp" "/mfc/c_drive/program files/microsoft visual studio/vc98/mfc/src/ctlobj.cpp" ""
s 0 "/mfc/c_drive/program files/microsoft visual studio/vc98/mfc/src/afxasert.cpp" "$sharedSrcRoot/mfc/src/afxasert.cpp" "/mfc/c_drive/program files/microsoft visual studio/vc98/mfc/src/afxasert.cpp" ""
s 0 "/mfc/c_drive/program files/microsoft visual studio/vc98/mfc/src/viewprnt.cpp" "$sharedSrcRoot/mfc/src/viewprnt.cpp" "/mfc/c_drive/program files/microsoft visual studio/vc98/mfc/src/viewprnt.cpp" ""
s 0 "/mfc/c_drive/program files/microsoft visual studio/vc98/mfc/src/doccore.cpp" "$sharedSrcRoot/mfc/src/doccore.cpp" "/mfc/c_drive/program files/microsoft visual studio/vc98/mfc/src/doccore.cpp" ""
s 0 "/mfc/c_drive/program files/microsoft visual studio/vc98/mfc/src/array_b.cpp" "$sharedSrcRoot/mfc/src/array_b.cpp" "/mfc/c_drive/program files/microsoft visual studio/vc98/mfc/src/array_b.cpp" ""
s 0 "/mfc/c_drive/program files/microsoft visual studio/vc98/mfc/src/viewrich.cpp" "$sharedSrcRoot/mfc/src/viewrich.cpp" "/mfc/c_drive/program files/microsoft visual studio/vc98/mfc/src/viewrich.cpp" ""
s 0 "/mfc/c_drive/program files/microsoft visual studio/vc98/mfc/src/wingdi.cpp" "$sharedSrcRoot/mfc/src/wingdi.cpp" "/mfc/c_drive/program files/microsoft visual studio/vc98/mfc/src/wingdi.cpp" ""
s 0 "/mfc/c_drive/program files/microsoft visual studio/vc98/mfc/src/array_d.cpp" "$sharedSrcRoot/mfc/src/array_d.cpp" "/mfc/c_drive/program files/microsoft visual studio/vc98/mfc/src/array_d.cpp" ""
