/c_drive/program files/microsoft visual studio/vc98/include/basetsd.h
/c_drive/program files/microsoft visual studio/vc98/include/cderr.h
/c_drive/program files/microsoft visual studio/vc98/include/cguid.h
/c_drive/program files/microsoft visual studio/vc98/include/comcat.h
/c_drive/program files/microsoft visual studio/vc98/include/commctrl.h
/c_drive/program files/microsoft visual studio/vc98/include/commdlg.h
/c_drive/program files/microsoft visual studio/vc98/include/crtdbg.h
/c_drive/program files/microsoft visual studio/vc98/include/ctl3d.h
/c_drive/program files/microsoft visual studio/vc98/include/ctype.h
/c_drive/program files/microsoft visual studio/vc98/include/daogetrw.h
/c_drive/program files/microsoft visual studio/vc98/include/dbdaoerr.h
/c_drive/program files/microsoft visual studio/vc98/include/dbdaoid.h
/c_drive/program files/microsoft visual studio/vc98/include/dbdaoint.h
/c_drive/program files/microsoft visual studio/vc98/include/dde.h
/c_drive/program files/microsoft visual studio/vc98/include/ddeml.h
/c_drive/program files/microsoft visual studio/vc98/include/dlgs.h
/c_drive/program files/microsoft visual studio/vc98/include/docobj.h
/c_drive/program files/microsoft visual studio/vc98/include/eh.h
/c_drive/program files/microsoft visual studio/vc98/include/errno.h
/c_drive/program files/microsoft visual studio/vc98/include/excpt.h
/c_drive/program files/microsoft visual studio/vc98/include/exdisp.h
/c_drive/program files/microsoft visual studio/vc98/include/fcntl.h
/c_drive/program files/microsoft visual studio/vc98/include/float.h
/c_drive/program files/microsoft visual studio/vc98/include/httpext.h
/c_drive/program files/microsoft visual studio/vc98/include/httpfilt.h
/c_drive/program files/microsoft visual studio/vc98/include/imagehlp.h
/c_drive/program files/microsoft visual studio/vc98/include/imm.h
/c_drive/program files/microsoft visual studio/vc98/include/initguid.h
/c_drive/program files/microsoft visual studio/vc98/include/io.h
/c_drive/program files/microsoft visual studio/vc98/include/isguids.h
/c_drive/program files/microsoft visual studio/vc98/include/limits.h
/c_drive/program files/microsoft visual studio/vc98/include/malloc.h
/c_drive/program files/microsoft visual studio/vc98/include/mapi.h
/c_drive/program files/microsoft visual studio/vc98/include/math.h
/c_drive/program files/microsoft visual studio/vc98/include/mcx.h
/c_drive/program files/microsoft visual studio/vc98/include/msdadc.h
/c_drive/program files/microsoft visual studio/vc98/include/msdaguid.h
/c_drive/program files/microsoft visual studio/vc98/include/msdasc.h
/c_drive/program files/microsoft visual studio/vc98/include/msxml.h
/c_drive/program files/microsoft visual studio/vc98/include/multimon.h
/c_drive/program files/microsoft visual studio/vc98/include/new.h
/c_drive/program files/microsoft visual studio/vc98/include/oaidl.h
/c_drive/program files/microsoft visual studio/vc98/include/objbase.h
/c_drive/program files/microsoft visual studio/vc98/include/objidl.h
/c_drive/program files/microsoft visual studio/vc98/include/ocidl.h
/c_drive/program files/microsoft visual studio/vc98/include/ole2.h
/c_drive/program files/microsoft visual studio/vc98/include/oleauto.h
/c_drive/program files/microsoft visual studio/vc98/include/olectl.h
/c_drive/program files/microsoft visual studio/vc98/include/oledb.h
/c_drive/program files/microsoft visual studio/vc98/include/oledlg.h
/c_drive/program files/microsoft visual studio/vc98/include/oleidl.h
/c_drive/program files/microsoft visual studio/vc98/include/poppack.h
/c_drive/program files/microsoft visual studio/vc98/include/process.h
/c_drive/program files/microsoft visual studio/vc98/include/prsht.h
/c_drive/program files/microsoft visual studio/vc98/include/pshpack1.h
/c_drive/program files/microsoft visual studio/vc98/include/pshpack2.h
/c_drive/program files/microsoft visual studio/vc98/include/pshpack4.h
/c_drive/program files/microsoft visual studio/vc98/include/pshpack8.h
/c_drive/program files/microsoft visual studio/vc98/include/richedit.h
/c_drive/program files/microsoft visual studio/vc98/include/richole.h
/c_drive/program files/microsoft visual studio/vc98/include/rpc.h
/c_drive/program files/microsoft visual studio/vc98/include/rpcasync.h
/c_drive/program files/microsoft visual studio/vc98/include/rpcdce.h
/c_drive/program files/microsoft visual studio/vc98/include/rpcdcep.h
/c_drive/program files/microsoft visual studio/vc98/include/rpcndr.h
/c_drive/program files/microsoft visual studio/vc98/include/rpcnsi.h
/c_drive/program files/microsoft visual studio/vc98/include/rpcnsip.h
/c_drive/program files/microsoft visual studio/vc98/include/rpcnterr.h
/c_drive/program files/microsoft visual studio/vc98/include/servprov.h
/c_drive/program files/microsoft visual studio/vc98/include/shellapi.h
/c_drive/program files/microsoft visual studio/vc98/include/shlguid.h
/c_drive/program files/microsoft visual studio/vc98/include/shlobj.h
/c_drive/program files/microsoft visual studio/vc98/include/shlwapi.h
/c_drive/program files/microsoft visual studio/vc98/include/sql.h
/c_drive/program files/microsoft visual studio/vc98/include/sqlext.h
/c_drive/program files/microsoft visual studio/vc98/include/sqltypes.h
/c_drive/program files/microsoft visual studio/vc98/include/sqlucode.h
/c_drive/program files/microsoft visual studio/vc98/include/stdarg.h
/c_drive/program files/microsoft visual studio/vc98/include/stddef.h
/c_drive/program files/microsoft visual studio/vc98/include/stdio.h
/c_drive/program files/microsoft visual studio/vc98/include/stdlib.h
/c_drive/program files/microsoft visual studio/vc98/include/string.h
/c_drive/program files/microsoft visual studio/vc98/include/tchar.h
/c_drive/program files/microsoft visual studio/vc98/include/time.h
/c_drive/program files/microsoft visual studio/vc98/include/transact.h
/c_drive/program files/microsoft visual studio/vc98/include/unknwn.h
/c_drive/program files/microsoft visual studio/vc98/include/urlmon.h
/c_drive/program files/microsoft visual studio/vc98/include/winbase.h
/c_drive/program files/microsoft visual studio/vc98/include/wincon.h
/c_drive/program files/microsoft visual studio/vc98/include/windef.h
/c_drive/program files/microsoft visual studio/vc98/include/windows.h
/c_drive/program files/microsoft visual studio/vc98/include/winerror.h
/c_drive/program files/microsoft visual studio/vc98/include/wingdi.h
/c_drive/program files/microsoft visual studio/vc98/include/wininet.h
/c_drive/program files/microsoft visual studio/vc98/include/winnetwk.h
/c_drive/program files/microsoft visual studio/vc98/include/winnls.h
/c_drive/program files/microsoft visual studio/vc98/include/winnt.h
/c_drive/program files/microsoft visual studio/vc98/include/winreg.h
/c_drive/program files/microsoft visual studio/vc98/include/winsock.h
/c_drive/program files/microsoft visual studio/vc98/include/winspool.h
/c_drive/program files/microsoft visual studio/vc98/include/winsvc.h
/c_drive/program files/microsoft visual studio/vc98/include/winuser.h
/c_drive/program files/microsoft visual studio/vc98/include/winver.h
/c_drive/program files/microsoft visual studio/vc98/include/wtypes.h
/c_drive/program files/microsoft visual studio/vc98/include/zmouse.h
/d_drive/program files/swemancipation/include/dis_nt.h
/c_drive/program files/microsoft visual studio/vc98/atl/include/atlbase.h
/c_drive/program files/microsoft visual studio/vc98/atl/include/atlcom.h
/c_drive/program files/microsoft visual studio/vc98/atl/include/atlconv.h
/c_drive/program files/microsoft visual studio/vc98/atl/include/atldbcli.h
/c_drive/program files/microsoft visual studio/vc98/atl/include/atldef.h
/c_drive/program files/microsoft visual studio/vc98/atl/include/atliface.h
/c_drive/program files/microsoft visual studio/vc98/include/sys/stat.h
/c_drive/program files/microsoft visual studio/vc98/include/sys/types.h
/c_drive/program files/microsoft visual studio/vc98/mfc/include/afx.h
/c_drive/program files/microsoft visual studio/vc98/mfc/include/afx.inl
/c_drive/program files/microsoft visual studio/vc98/mfc/include/afxadv.h
/c_drive/program files/microsoft visual studio/vc98/mfc/include/afxcmn.h
/c_drive/program files/microsoft visual studio/vc98/mfc/include/afxcmn.inl
/c_drive/program files/microsoft visual studio/vc98/mfc/include/afxcmn2.inl
/c_drive/program files/microsoft visual studio/vc98/mfc/include/afxcoll.h
/c_drive/program files/microsoft visual studio/vc98/mfc/include/afxcoll.inl
/c_drive/program files/microsoft visual studio/vc98/mfc/include/afxcom_.h
/c_drive/program files/microsoft visual studio/vc98/mfc/include/afxconv.h
/c_drive/program files/microsoft visual studio/vc98/mfc/include/afxctl.h
/c_drive/program files/microsoft visual studio/vc98/mfc/include/afxctl.inl
/c_drive/program files/microsoft visual studio/vc98/mfc/include/afxcview.h
/c_drive/program files/microsoft visual studio/vc98/mfc/include/afxcview.inl
/c_drive/program files/microsoft visual studio/vc98/mfc/include/afxdao.h
/c_drive/program files/microsoft visual studio/vc98/mfc/include/afxdao.inl
/c_drive/program files/microsoft visual studio/vc98/mfc/include/afxdb.h
/c_drive/program files/microsoft visual studio/vc98/mfc/include/afxdb.inl
/c_drive/program files/microsoft visual studio/vc98/mfc/include/afxdb_.h
/c_drive/program files/microsoft visual studio/vc98/mfc/include/afxdd_.h
/c_drive/program files/microsoft visual studio/vc98/mfc/include/afxdisp.h
/c_drive/program files/microsoft visual studio/vc98/mfc/include/afxdlgs.h
/c_drive/program files/microsoft visual studio/vc98/mfc/include/afxdlgs.inl
/c_drive/program files/microsoft visual studio/vc98/mfc/include/afxdll_.h
/c_drive/program files/microsoft visual studio/vc98/mfc/include/afxdocob.h
/c_drive/program files/microsoft visual studio/vc98/mfc/include/afxdtctl.h
/c_drive/program files/microsoft visual studio/vc98/mfc/include/afxdtctl.inl
/c_drive/program files/microsoft visual studio/vc98/mfc/include/afxext.h
/c_drive/program files/microsoft visual studio/vc98/mfc/include/afxext.inl
/c_drive/program files/microsoft visual studio/vc98/mfc/include/afxhtml.h
/c_drive/program files/microsoft visual studio/vc98/mfc/include/afxhtml.inl
/c_drive/program files/microsoft visual studio/vc98/mfc/include/afxinet.h
/c_drive/program files/microsoft visual studio/vc98/mfc/include/afxinet.inl
/c_drive/program files/microsoft visual studio/vc98/mfc/include/afxisapi.h
/c_drive/program files/microsoft visual studio/vc98/mfc/include/afxisapi.inl
/c_drive/program files/microsoft visual studio/vc98/mfc/include/afxmsg_.h
/c_drive/program files/microsoft visual studio/vc98/mfc/include/afxmt.h
/c_drive/program files/microsoft visual studio/vc98/mfc/include/afxmt.inl
/c_drive/program files/microsoft visual studio/vc98/mfc/include/afxodlgs.h
/c_drive/program files/microsoft visual studio/vc98/mfc/include/afxole.h
/c_drive/program files/microsoft visual studio/vc98/mfc/include/afxole.inl
/c_drive/program files/microsoft visual studio/vc98/mfc/include/afxoledb.h
/c_drive/program files/microsoft visual studio/vc98/mfc/include/afxplex_.h
/c_drive/program files/microsoft visual studio/vc98/mfc/include/afxpriv.h
/c_drive/program files/microsoft visual studio/vc98/mfc/include/afxpriv2.h
/c_drive/program files/microsoft visual studio/vc98/mfc/include/afxres.h
/c_drive/program files/microsoft visual studio/vc98/mfc/include/afxrich.h
/c_drive/program files/microsoft visual studio/vc98/mfc/include/afxrich.inl
/c_drive/program files/microsoft visual studio/vc98/mfc/include/afxsock.h
/c_drive/program files/microsoft visual studio/vc98/mfc/include/afxsock.inl
/c_drive/program files/microsoft visual studio/vc98/mfc/include/afxstat_.h
/c_drive/program files/microsoft visual studio/vc98/mfc/include/afxtempl.h
/c_drive/program files/microsoft visual studio/vc98/mfc/include/afxtls_.h
/c_drive/program files/microsoft visual studio/vc98/mfc/include/afxver_.h
/c_drive/program files/microsoft visual studio/vc98/mfc/include/afxv_dll.h
/c_drive/program files/microsoft visual studio/vc98/mfc/include/afxv_w32.h
/c_drive/program files/microsoft visual studio/vc98/mfc/include/afxwin.h
/c_drive/program files/microsoft visual studio/vc98/mfc/include/afxwin1.inl
/c_drive/program files/microsoft visual studio/vc98/mfc/include/afxwin2.inl
/c_drive/program files/microsoft visual studio/vc98/mfc/src/afxabort.cpp
/c_drive/program files/microsoft visual studio/vc98/mfc/src/afxasert.cpp
/c_drive/program files/microsoft visual studio/vc98/mfc/src/afxcrit.cpp
/c_drive/program files/microsoft visual studio/vc98/mfc/src/afxdbcs.cpp
/c_drive/program files/microsoft visual studio/vc98/mfc/src/afximpl.h
/c_drive/program files/microsoft visual studio/vc98/mfc/src/afxinl1.cpp
/c_drive/program files/microsoft visual studio/vc98/mfc/src/afxinl2.cpp
/c_drive/program files/microsoft visual studio/vc98/mfc/src/afxinl3.cpp
/c_drive/program files/microsoft visual studio/vc98/mfc/src/afxmem.cpp
/c_drive/program files/microsoft visual studio/vc98/mfc/src/afxstate.cpp
/c_drive/program files/microsoft visual studio/vc98/mfc/src/afxtls.cpp
/c_drive/program files/microsoft visual studio/vc98/mfc/src/afxtrace.cpp
/c_drive/program files/microsoft visual studio/vc98/mfc/src/app3d.cpp
/c_drive/program files/microsoft visual studio/vc98/mfc/src/app3ds.cpp
/c_drive/program files/microsoft visual studio/vc98/mfc/src/appcore.cpp
/c_drive/program files/microsoft visual studio/vc98/mfc/src/appdlg.cpp
/c_drive/program files/microsoft visual studio/vc98/mfc/src/appgray.cpp
/c_drive/program files/microsoft visual studio/vc98/mfc/src/apphelp.cpp
/c_drive/program files/microsoft visual studio/vc98/mfc/src/apphelpx.cpp
/c_drive/program files/microsoft visual studio/vc98/mfc/src/appinit.cpp
/c_drive/program files/microsoft visual studio/vc98/mfc/src/appmodul.cpp
/c_drive/program files/microsoft visual studio/vc98/mfc/src/appprnt.cpp
/c_drive/program files/microsoft visual studio/vc98/mfc/src/appterm.cpp
/c_drive/program files/microsoft visual studio/vc98/mfc/src/appui.cpp
/c_drive/program files/microsoft visual studio/vc98/mfc/src/appui1.cpp
/c_drive/program files/microsoft visual studio/vc98/mfc/src/appui2.cpp
/c_drive/program files/microsoft visual studio/vc98/mfc/src/appui3.cpp
/c_drive/program files/microsoft visual studio/vc98/mfc/src/arccore.cpp
/c_drive/program files/microsoft visual studio/vc98/mfc/src/arcex.cpp
/c_drive/program files/microsoft visual studio/vc98/mfc/src/arcobj.cpp
/c_drive/program files/microsoft visual studio/vc98/mfc/src/arcstrm.cpp
/c_drive/program files/microsoft visual studio/vc98/mfc/src/array_b.cpp
/c_drive/program files/microsoft visual studio/vc98/mfc/src/array_d.cpp
/c_drive/program files/microsoft visual studio/vc98/mfc/src/array_o.cpp
/c_drive/program files/microsoft visual studio/vc98/mfc/src/array_p.cpp
/c_drive/program files/microsoft visual studio/vc98/mfc/src/array_s.cpp
/c_drive/program files/microsoft visual studio/vc98/mfc/src/array_u.cpp
/c_drive/program files/microsoft visual studio/vc98/mfc/src/array_w.cpp
/c_drive/program files/microsoft visual studio/vc98/mfc/src/auxdata.cpp
/c_drive/program files/microsoft visual studio/vc98/mfc/src/barcool.cpp
/c_drive/program files/microsoft visual studio/vc98/mfc/src/barcore.cpp
/c_drive/program files/microsoft visual studio/vc98/mfc/src/bardlg.cpp
/c_drive/program files/microsoft visual studio/vc98/mfc/src/bardock.cpp
/c_drive/program files/microsoft visual studio/vc98/mfc/src/barstat.cpp
/c_drive/program files/microsoft visual studio/vc98/mfc/src/bartool.cpp
/c_drive/program files/microsoft visual studio/vc98/mfc/src/ccdata.cpp
/c_drive/program files/microsoft visual studio/vc98/mfc/src/cmdtarg.cpp
/c_drive/program files/microsoft visual studio/vc98/mfc/src/ctlcache.cpp
/c_drive/program files/microsoft visual studio/vc98/mfc/src/ctlconn.cpp
/c_drive/program files/microsoft visual studio/vc98/mfc/src/ctlcore.cpp
/c_drive/program files/microsoft visual studio/vc98/mfc/src/ctldata.cpp
/c_drive/program files/microsoft visual studio/vc98/mfc/src/ctlevent.cpp
/c_drive/program files/microsoft visual studio/vc98/mfc/src/ctlfont.cpp
/c_drive/program files/microsoft visual studio/vc98/mfc/src/ctlframe.cpp
/c_drive/program files/microsoft visual studio/vc98/mfc/src/ctlimpl.h
/c_drive/program files/microsoft visual studio/vc98/mfc/src/ctlinl.cpp
/c_drive/program files/microsoft visual studio/vc98/mfc/src/ctlinplc.cpp
/c_drive/program files/microsoft visual studio/vc98/mfc/src/ctllic.cpp
/c_drive/program files/microsoft visual studio/vc98/mfc/src/ctlmodul.cpp
/c_drive/program files/microsoft visual studio/vc98/mfc/src/ctlnownd.cpp
/c_drive/program files/microsoft visual studio/vc98/mfc/src/ctlobj.cpp
/c_drive/program files/microsoft visual studio/vc98/mfc/src/ctlpbag.cpp
/c_drive/program files/microsoft visual studio/vc98/mfc/src/ctlpict.cpp
/c_drive/program files/microsoft visual studio/vc98/mfc/src/ctlppg.cpp
/c_drive/program files/microsoft visual studio/vc98/mfc/src/ctlprop.cpp
/c_drive/program files/microsoft visual studio/vc98/mfc/src/ctlpropx.cpp
/c_drive/program files/microsoft visual studio/vc98/mfc/src/ctlpset.cpp
/c_drive/program files/microsoft visual studio/vc98/mfc/src/ctlpstg.cpp
/c_drive/program files/microsoft visual studio/vc98/mfc/src/ctlpstm.cpp
/c_drive/program files/microsoft visual studio/vc98/mfc/src/ctlquick.cpp
/c_drive/program files/microsoft visual studio/vc98/mfc/src/ctlrefl.cpp
/c_drive/program files/microsoft visual studio/vc98/mfc/src/ctlreg.cpp
/c_drive/program files/microsoft visual studio/vc98/mfc/src/ctltrack.cpp
/c_drive/program files/microsoft visual studio/vc98/mfc/src/ctlview.cpp
/c_drive/program files/microsoft visual studio/vc98/mfc/src/daocore.cpp
/c_drive/program files/microsoft visual studio/vc98/mfc/src/daodfx.cpp
/c_drive/program files/microsoft visual studio/vc98/mfc/src/daoimpl.h
/c_drive/program files/microsoft visual studio/vc98/mfc/src/daoview.cpp
/c_drive/program files/microsoft visual studio/vc98/mfc/src/dbcore.cpp
/c_drive/program files/microsoft visual studio/vc98/mfc/src/dbflt.cpp
/c_drive/program files/microsoft visual studio/vc98/mfc/src/dbimpl.h
/c_drive/program files/microsoft visual studio/vc98/mfc/src/dblong.cpp
/c_drive/program files/microsoft visual studio/vc98/mfc/src/dbrfx.cpp
/c_drive/program files/microsoft visual studio/vc98/mfc/src/dbvar.cpp
/c_drive/program files/microsoft visual studio/vc98/mfc/src/dbview.cpp
/c_drive/program files/microsoft visual studio/vc98/mfc/src/dcmeta.cpp
/c_drive/program files/microsoft visual studio/vc98/mfc/src/dcprev.cpp
/c_drive/program files/microsoft visual studio/vc98/mfc/src/dispimpl.h
/c_drive/program files/microsoft visual studio/vc98/mfc/src/dlgclr.cpp
/c_drive/program files/microsoft visual studio/vc98/mfc/src/dlgcomm.cpp
/c_drive/program files/microsoft visual studio/vc98/mfc/src/dlgcore.cpp
/c_drive/program files/microsoft visual studio/vc98/mfc/src/dlgdata.cpp
/c_drive/program files/microsoft visual studio/vc98/mfc/src/dlgfile.cpp
/c_drive/program files/microsoft visual studio/vc98/mfc/src/dlgfloat.cpp
/c_drive/program files/microsoft visual studio/vc98/mfc/src/dlgfnt.cpp
/c_drive/program files/microsoft visual studio/vc98/mfc/src/dlgfr.cpp
/c_drive/program files/microsoft visual studio/vc98/mfc/src/dlgprnt.cpp
/c_drive/program files/microsoft visual studio/vc98/mfc/src/dlgprop.cpp
/c_drive/program files/microsoft visual studio/vc98/mfc/src/dlgtempl.cpp
/c_drive/program files/microsoft visual studio/vc98/mfc/src/dlldb.cpp
/c_drive/program files/microsoft visual studio/vc98/mfc/src/dllinit.cpp
/c_drive/program files/microsoft visual studio/vc98/mfc/src/dllmodul.cpp
/c_drive/program files/microsoft visual studio/vc98/mfc/src/dllnet.cpp
/c_drive/program files/microsoft visual studio/vc98/mfc/src/dllole.cpp
/c_drive/program files/microsoft visual studio/vc98/mfc/src/doccore.cpp
/c_drive/program files/microsoft visual studio/vc98/mfc/src/dockcont.cpp
/c_drive/program files/microsoft visual studio/vc98/mfc/src/dockstat.cpp
/c_drive/program files/microsoft visual studio/vc98/mfc/src/docmapi.cpp
/c_drive/program files/microsoft visual studio/vc98/mfc/src/docmgr.cpp
/c_drive/program files/microsoft visual studio/vc98/mfc/src/docmulti.cpp
/c_drive/program files/microsoft visual studio/vc98/mfc/src/docsingl.cpp
/c_drive/program files/microsoft visual studio/vc98/mfc/src/doctempl.cpp
/c_drive/program files/microsoft visual studio/vc98/mfc/src/dumpcont.cpp
/c_drive/program files/microsoft visual studio/vc98/mfc/src/dumpflt.cpp
/c_drive/program files/microsoft visual studio/vc98/mfc/src/dumpinit.cpp
/c_drive/program files/microsoft visual studio/vc98/mfc/src/dumpout.cpp
/c_drive/program files/microsoft visual studio/vc98/mfc/src/dumpstak.cpp
/c_drive/program files/microsoft visual studio/vc98/mfc/src/elements.h
/c_drive/program files/microsoft visual studio/vc98/mfc/src/except.cpp
/c_drive/program files/microsoft visual studio/vc98/mfc/src/filecore.cpp
/c_drive/program files/microsoft visual studio/vc98/mfc/src/filefind.cpp
/c_drive/program files/microsoft visual studio/vc98/mfc/src/filelist.cpp
/c_drive/program files/microsoft visual studio/vc98/mfc/src/filemem.cpp
/c_drive/program files/microsoft visual studio/vc98/mfc/src/fileshrd.cpp
/c_drive/program files/microsoft visual studio/vc98/mfc/src/filest.cpp
/c_drive/program files/microsoft visual studio/vc98/mfc/src/filetxt.cpp
/c_drive/program files/microsoft visual studio/vc98/mfc/src/filex.cpp
/c_drive/program files/microsoft visual studio/vc98/mfc/src/fixalloc.cpp
/c_drive/program files/microsoft visual studio/vc98/mfc/src/fixalloc.h
/c_drive/program files/microsoft visual studio/vc98/mfc/src/inet.cpp
/c_drive/program files/microsoft visual studio/vc98/mfc/src/inetcall.cpp
/c_drive/program files/microsoft visual studio/vc98/mfc/src/isapi.cpp
/c_drive/program files/microsoft visual studio/vc98/mfc/src/isapimix.cpp
/c_drive/program files/microsoft visual studio/vc98/mfc/src/list_o.cpp
/c_drive/program files/microsoft visual studio/vc98/mfc/src/list_p.cpp
/c_drive/program files/microsoft visual studio/vc98/mfc/src/list_s.cpp
/c_drive/program files/microsoft visual studio/vc98/mfc/src/map_pp.cpp
/c_drive/program files/microsoft visual studio/vc98/mfc/src/map_pw.cpp
/c_drive/program files/microsoft visual studio/vc98/mfc/src/map_so.cpp
/c_drive/program files/microsoft visual studio/vc98/mfc/src/map_sp.cpp
/c_drive/program files/microsoft visual studio/vc98/mfc/src/map_ss.cpp
/c_drive/program files/microsoft visual studio/vc98/mfc/src/map_wo.cpp
/c_drive/program files/microsoft visual studio/vc98/mfc/src/map_wp.cpp
/c_drive/program files/microsoft visual studio/vc98/mfc/src/mtcore.cpp
/c_drive/program files/microsoft visual studio/vc98/mfc/src/mtex.cpp
/c_drive/program files/microsoft visual studio/vc98/mfc/src/nolib.cpp
/c_drive/program files/microsoft visual studio/vc98/mfc/src/objcore.cpp
/c_drive/program files/microsoft visual studio/vc98/mfc/src/occcont.cpp
/c_drive/program files/microsoft visual studio/vc98/mfc/src/occddx.cpp
/c_drive/program files/microsoft visual studio/vc98/mfc/src/occddxf.cpp
/c_drive/program files/microsoft visual studio/vc98/mfc/src/occdlg.cpp
/c_drive/program files/microsoft visual studio/vc98/mfc/src/occevent.cpp
/c_drive/program files/microsoft visual studio/vc98/mfc/src/occimpl.h
/c_drive/program files/microsoft visual studio/vc98/mfc/src/occlock.cpp
/c_drive/program files/microsoft visual studio/vc98/mfc/src/occmgr.cpp
/c_drive/program files/microsoft visual studio/vc98/mfc/src/occsite.cpp
/c_drive/program files/microsoft visual studio/vc98/mfc/src/ocdb.h
/c_drive/program files/microsoft visual studio/vc98/mfc/src/ocdbid.h
/c_drive/program files/microsoft visual studio/vc98/mfc/src/oleasmon.cpp
/c_drive/program files/microsoft visual studio/vc98/mfc/src/olebar.cpp
/c_drive/program files/microsoft visual studio/vc98/mfc/src/olebind.h
/c_drive/program files/microsoft visual studio/vc98/mfc/src/olecall.cpp
/c_drive/program files/microsoft visual studio/vc98/mfc/src/olecli1.cpp
/c_drive/program files/microsoft visual studio/vc98/mfc/src/olecli2.cpp
/c_drive/program files/microsoft visual studio/vc98/mfc/src/olecli3.cpp
/c_drive/program files/microsoft visual studio/vc98/mfc/src/olecnvrt.cpp
/c_drive/program files/microsoft visual studio/vc98/mfc/src/oleconn.cpp
/c_drive/program files/microsoft visual studio/vc98/mfc/src/oledata.cpp
/c_drive/program files/microsoft visual studio/vc98/mfc/src/oledisp1.cpp
/c_drive/program files/microsoft visual studio/vc98/mfc/src/oledisp2.cpp
/c_drive/program files/microsoft visual studio/vc98/mfc/src/oledlgs1.cpp
/c_drive/program files/microsoft visual studio/vc98/mfc/src/oledlgs2.cpp
/c_drive/program files/microsoft visual studio/vc98/mfc/src/oledlgs3.cpp
/c_drive/program files/microsoft visual studio/vc98/mfc/src/oledll.cpp
/c_drive/program files/microsoft visual studio/vc98/mfc/src/oledobj1.cpp
/c_drive/program files/microsoft visual studio/vc98/mfc/src/oledobj2.cpp
/c_drive/program files/microsoft visual studio/vc98/mfc/src/oledoc1.cpp
/c_drive/program files/microsoft visual studio/vc98/mfc/src/oledoc2.cpp
/c_drive/program files/microsoft visual studio/vc98/mfc/src/oledoccl.cpp
/c_drive/program files/microsoft visual studio/vc98/mfc/src/oledocip.cpp
/c_drive/program files/microsoft visual studio/vc98/mfc/src/oledocob.cpp
/c_drive/program files/microsoft visual studio/vc98/mfc/src/oledoctg.cpp
/c_drive/program files/microsoft visual studio/vc98/mfc/src/oledocvw.cpp
/c_drive/program files/microsoft visual studio/vc98/mfc/src/oledrop1.cpp
/c_drive/program files/microsoft visual studio/vc98/mfc/src/oledrop2.cpp
/c_drive/program files/microsoft visual studio/vc98/mfc/src/oleenum.cpp
/c_drive/program files/microsoft visual studio/vc98/mfc/src/oleexp.cpp
/c_drive/program files/microsoft visual studio/vc98/mfc/src/olefact.cpp
/c_drive/program files/microsoft visual studio/vc98/mfc/src/oleimpl2.h
/c_drive/program files/microsoft visual studio/vc98/mfc/src/oleinit.cpp
/c_drive/program files/microsoft visual studio/vc98/mfc/src/oleipfrm.cpp
/c_drive/program files/microsoft visual studio/vc98/mfc/src/olelink.cpp
/c_drive/program files/microsoft visual studio/vc98/mfc/src/olelock.cpp
/c_drive/program files/microsoft visual studio/vc98/mfc/src/olemisc.cpp
/c_drive/program files/microsoft visual studio/vc98/mfc/src/olemon.cpp
/c_drive/program files/microsoft visual studio/vc98/mfc/src/olemsgf.cpp
/c_drive/program files/microsoft visual studio/vc98/mfc/src/olepset.cpp
/c_drive/program files/microsoft visual studio/vc98/mfc/src/olereg.cpp
/c_drive/program files/microsoft visual studio/vc98/mfc/src/olestrm.cpp
/c_drive/program files/microsoft visual studio/vc98/mfc/src/olesvr1.cpp
/c_drive/program files/microsoft visual studio/vc98/mfc/src/olesvr2.cpp
/c_drive/program files/microsoft visual studio/vc98/mfc/src/oletsvr.cpp
/c_drive/program files/microsoft visual studio/vc98/mfc/src/oletyplb.cpp
/c_drive/program files/microsoft visual studio/vc98/mfc/src/oleui1.cpp
/c_drive/program files/microsoft visual studio/vc98/mfc/src/oleui2.cpp
/c_drive/program files/microsoft visual studio/vc98/mfc/src/oleunk.cpp
/c_drive/program files/microsoft visual studio/vc98/mfc/src/olevar.cpp
/c_drive/program files/microsoft visual studio/vc98/mfc/src/olevar1.cpp
/c_drive/program files/microsoft visual studio/vc98/mfc/src/oleverb.cpp
/c_drive/program files/microsoft visual studio/vc98/mfc/src/plex.cpp
/c_drive/program files/microsoft visual studio/vc98/mfc/src/ppgcolor.cpp
/c_drive/program files/microsoft visual studio/vc98/mfc/src/ppgfont.cpp
/c_drive/program files/microsoft visual studio/vc98/mfc/src/ppgpict.cpp
/c_drive/program files/microsoft visual studio/vc98/mfc/src/ppgstock.cpp
/c_drive/program files/microsoft visual studio/vc98/mfc/src/sockcore.cpp
/c_drive/program files/microsoft visual studio/vc98/mfc/src/sockimpl.h
/c_drive/program files/microsoft visual studio/vc98/mfc/src/stdafx.cpp
/c_drive/program files/microsoft visual studio/vc98/mfc/src/stdafx.h
/c_drive/program files/microsoft visual studio/vc98/mfc/src/strcore.cpp
/c_drive/program files/microsoft visual studio/vc98/mfc/src/strex.cpp
/c_drive/program files/microsoft visual studio/vc98/mfc/src/thrdcore.cpp
/c_drive/program files/microsoft visual studio/vc98/mfc/src/timecore.cpp
/c_drive/program files/microsoft visual studio/vc98/mfc/src/tooltip.cpp
/c_drive/program files/microsoft visual studio/vc98/mfc/src/trckrect.cpp
/c_drive/program files/microsoft visual studio/vc98/mfc/src/validadd.cpp
/c_drive/program files/microsoft visual studio/vc98/mfc/src/viewcmn.cpp
/c_drive/program files/microsoft visual studio/vc98/mfc/src/viewcore.cpp
/c_drive/program files/microsoft visual studio/vc98/mfc/src/viewedit.cpp
/c_drive/program files/microsoft visual studio/vc98/mfc/src/viewform.cpp
/c_drive/program files/microsoft visual studio/vc98/mfc/src/viewhtml.cpp
/c_drive/program files/microsoft visual studio/vc98/mfc/src/viewoled.cpp
/c_drive/program files/microsoft visual studio/vc98/mfc/src/viewprev.cpp
/c_drive/program files/microsoft visual studio/vc98/mfc/src/viewprnt.cpp
/c_drive/program files/microsoft visual studio/vc98/mfc/src/viewrich.cpp
/c_drive/program files/microsoft visual studio/vc98/mfc/src/viewscrl.cpp
/c_drive/program files/microsoft visual studio/vc98/mfc/src/winbtn.cpp
/c_drive/program files/microsoft visual studio/vc98/mfc/src/wincore.cpp
/c_drive/program files/microsoft visual studio/vc98/mfc/src/winctrl1.cpp
/c_drive/program files/microsoft visual studio/vc98/mfc/src/winctrl2.cpp
/c_drive/program files/microsoft visual studio/vc98/mfc/src/winctrl3.cpp
/c_drive/program files/microsoft visual studio/vc98/mfc/src/winctrl4.cpp
/c_drive/program files/microsoft visual studio/vc98/mfc/src/winctrl5.cpp
/c_drive/program files/microsoft visual studio/vc98/mfc/src/winctrl6.cpp
/c_drive/program files/microsoft visual studio/vc98/mfc/src/winctrl7.cpp
/c_drive/program files/microsoft visual studio/vc98/mfc/src/winfrm.cpp
/c_drive/program files/microsoft visual studio/vc98/mfc/src/winfrm2.cpp
/c_drive/program files/microsoft visual studio/vc98/mfc/src/winfrmx.cpp
/c_drive/program files/microsoft visual studio/vc98/mfc/src/wingdi.cpp
/c_drive/program files/microsoft visual studio/vc98/mfc/src/wingdix.cpp
/c_drive/program files/microsoft visual studio/vc98/mfc/src/winhand.cpp
/c_drive/program files/microsoft visual studio/vc98/mfc/src/winhand_.h
/c_drive/program files/microsoft visual studio/vc98/mfc/src/winmain.cpp
/c_drive/program files/microsoft visual studio/vc98/mfc/src/winmdi.cpp
/c_drive/program files/microsoft visual studio/vc98/mfc/src/winmenu.cpp
/c_drive/program files/microsoft visual studio/vc98/mfc/src/winmini.cpp
/c_drive/program files/microsoft visual studio/vc98/mfc/src/winocc.cpp
/c_drive/program files/microsoft visual studio/vc98/mfc/src/winsplit.cpp
/c_drive/program files/microsoft visual studio/vc98/mfc/src/winstr.cpp
/c_drive/program files/microsoft visual studio/vc98/mfc/src/winutil.cpp
