c:/program files/microsoft visual studio/vc98/mfc/src/isapimix.cpp
c:/program files/microsoft visual studio/vc98/mfc/src/map_pw.cpp
c:/program files/microsoft visual studio/vc98/mfc/src/ctlinl.cpp
c:/program files/microsoft visual studio/vc98/mfc/src/oledrop1.cpp
c:/program files/microsoft visual studio/vc98/mfc/src/filecore.cpp
c:/program files/microsoft visual studio/vc98/mfc/src/olevar.cpp
c:/program files/microsoft visual studio/vc98/mfc/src/apphelp.cpp
c:/program files/microsoft visual studio/vc98/mfc/src/ctlppg.cpp
c:/program files/microsoft visual studio/vc98/mfc/src/occsite.cpp
c:/program files/microsoft visual studio/vc98/mfc/src/olemon.cpp
c:/program files/microsoft visual studio/vc98/mfc/src/stdafx.cpp
c:/program files/microsoft visual studio/vc98/mfc/src/occdlg.cpp
c:/program files/microsoft visual studio/vc98/mfc/src/ctlrefl.cpp
c:/program files/microsoft visual studio/vc98/mfc/src/olesvr2.cpp
c:/program files/microsoft visual studio/vc98/mfc/src/array_p.cpp
c:/program files/microsoft visual studio/vc98/mfc/src/oleverb.cpp
c:/program files/microsoft visual studio/vc98/mfc/src/dllinit.cpp
c:/program files/microsoft visual studio/vc98/mfc/src/oleui2.cpp
c:/program files/microsoft visual studio/vc98/mfc/src/oledoctg.cpp
c:/program files/microsoft visual studio/vc98/mfc/src/winfrm.cpp
c:/program files/microsoft visual studio/vc98/mfc/src/dblong.cpp
c:/program files/microsoft visual studio/vc98/mfc/src/wincore.cpp
c:/program files/microsoft visual studio/vc98/mfc/src/validadd.cpp
c:/program files/microsoft visual studio/vc98/mfc/src/ctlfont.cpp
c:/program files/microsoft visual studio/vc98/mfc/src/occddxf.cpp
c:/program files/microsoft visual studio/vc98/mfc/src/oledlgs2.cpp
c:/program files/microsoft visual studio/vc98/mfc/src/afxmem.cpp
c:/program files/microsoft visual studio/vc98/mfc/src/ccdata.cpp
c:/program files/microsoft visual studio/vc98/mfc/src/ctlpstg.cpp
c:/program files/microsoft visual studio/vc98/mfc/src/filefind.cpp
c:/program files/microsoft visual studio/vc98/mfc/src/oledisp1.cpp
c:/program files/microsoft visual studio/vc98/mfc/src/appmodul.cpp
c:/program files/microsoft visual studio/vc98/mfc/src/objcore.cpp
c:/program files/microsoft visual studio/vc98/mfc/src/appprnt.cpp
c:/program files/microsoft visual studio/vc98/mfc/src/winfrm2.cpp
c:/program files/microsoft visual studio/vc98/mfc/src/ctlpstm.cpp
c:/program files/microsoft visual studio/vc98/mfc/src/oledoc2.cpp
c:/program files/microsoft visual studio/vc98/mfc/src/list_p.cpp
c:/program files/microsoft visual studio/vc98/mfc/src/oletyplb.cpp
c:/program files/microsoft visual studio/vc98/mfc/src/dlgfloat.cpp
c:/program files/microsoft visual studio/vc98/mfc/src/afxtrace.cpp
c:/program files/microsoft visual studio/vc98/mfc/src/ctlframe.cpp
c:/program files/microsoft visual studio/vc98/mfc/src/dcmeta.cpp
c:/program files/microsoft visual studio/vc98/mfc/src/dlgfr.cpp
c:/program files/microsoft visual studio/vc98/mfc/src/dlgdata.cpp
c:/program files/microsoft visual studio/vc98/mfc/src/winmain.cpp
c:/program files/microsoft visual studio/vc98/mfc/src/afxinl2.cpp
c:/program files/microsoft visual studio/vc98/mfc/src/bardock.cpp
c:/program files/microsoft visual studio/vc98/mfc/src/ppgpict.cpp
c:/program files/microsoft visual studio/vc98/mfc/src/doctempl.cpp
c:/program files/microsoft visual studio/vc98/mfc/src/wingdix.cpp
c:/program files/microsoft visual studio/vc98/mfc/src/occmgr.cpp
c:/program files/microsoft visual studio/vc98/mfc/src/ctlpropx.cpp
c:/program files/microsoft visual studio/vc98/mfc/src/dumpflt.cpp
c:/program files/microsoft visual studio/vc98/mfc/src/olepset.cpp
c:/program files/microsoft visual studio/vc98/mfc/src/daocore.cpp
c:/program files/microsoft visual studio/vc98/mfc/src/ctlpset.cpp
c:/program files/microsoft visual studio/vc98/mfc/src/apphelpx.cpp
c:/program files/microsoft visual studio/vc98/mfc/src/trckrect.cpp
c:/program files/microsoft visual studio/vc98/mfc/src/dllnet.cpp
c:/program files/microsoft visual studio/vc98/mfc/src/viewcore.cpp
c:/program files/microsoft visual studio/vc98/mfc/src/olestrm.cpp
c:/program files/microsoft visual studio/vc98/mfc/src/olecli1.cpp
c:/program files/microsoft visual studio/vc98/mfc/src/occcont.cpp
c:/program files/microsoft visual studio/vc98/mfc/src/ctlnownd.cpp
c:/program files/microsoft visual studio/vc98/mfc/src/olecli3.cpp
c:/program files/microsoft visual studio/vc98/mfc/src/olemisc.cpp
c:/program files/microsoft visual studio/vc98/mfc/src/olelink.cpp
c:/program files/microsoft visual studio/vc98/mfc/src/daoview.cpp
c:/program files/microsoft visual studio/vc98/mfc/src/inet.cpp
c:/program files/microsoft visual studio/vc98/mfc/src/afxcrit.cpp
c:/program files/microsoft visual studio/vc98/mfc/src/fileshrd.cpp
c:/program files/microsoft visual studio/vc98/mfc/src/oledobj2.cpp
c:/program files/microsoft visual studio/vc98/mfc/src/fixalloc.cpp
c:/program files/microsoft visual studio/vc98/mfc/src/bartool.cpp
c:/program files/microsoft visual studio/vc98/mfc/src/oleenum.cpp
c:/program files/microsoft visual studio/vc98/mfc/src/app3d.cpp
c:/program files/microsoft visual studio/vc98/mfc/src/viewprev.cpp
c:/program files/microsoft visual studio/vc98/mfc/src/ctlinplc.cpp
c:/program files/microsoft visual studio/vc98/mfc/src/sockcore.cpp
c:/program files/microsoft visual studio/vc98/mfc/src/olevar1.cpp
c:/program files/microsoft visual studio/vc98/mfc/src/dlgprnt.cpp
c:/program files/microsoft visual studio/vc98/mfc/src/oledll.cpp
c:/program files/microsoft visual studio/vc98/mfc/src/ctlpbag.cpp
c:/program files/microsoft visual studio/vc98/mfc/src/dockstat.cpp
c:/program files/microsoft visual studio/vc98/mfc/src/mtex.cpp
c:/program files/microsoft visual studio/vc98/mfc/src/appui.cpp
c:/program files/microsoft visual studio/vc98/mfc/src/map_sp.cpp
c:/program files/microsoft visual studio/vc98/mfc/src/barcool.cpp
c:/program files/microsoft visual studio/vc98/mfc/src/map_wo.cpp
c:/program files/microsoft visual studio/vc98/mfc/src/oledocvw.cpp
c:/program files/microsoft visual studio/vc98/mfc/src/winocc.cpp
c:/program files/microsoft visual studio/vc98/mfc/src/ctlmodul.cpp
c:/program files/microsoft visual studio/vc98/mfc/src/oledocob.cpp
c:/program files/microsoft visual studio/vc98/mfc/src/appcore.cpp
c:/program files/microsoft visual studio/vc98/mfc/src/winfrmx.cpp
c:/program files/microsoft visual studio/vc98/mfc/src/ctlcore.cpp
c:/program files/microsoft visual studio/vc98/mfc/src/dbflt.cpp
c:/program files/microsoft visual studio/vc98/mfc/src/oleconn.cpp
c:/program files/microsoft visual studio/vc98/mfc/src/oletsvr.cpp
c:/program files/microsoft visual studio/vc98/mfc/src/appui1.cpp
c:/program files/microsoft visual studio/vc98/mfc/src/ctlconn.cpp
c:/program files/microsoft visual studio/vc98/mfc/src/barstat.cpp
c:/program files/microsoft visual studio/vc98/mfc/src/appui3.cpp
c:/program files/microsoft visual studio/vc98/mfc/src/ctlpict.cpp
c:/program files/microsoft visual studio/vc98/mfc/src/nolib.cpp
c:/program files/microsoft visual studio/vc98/mfc/src/winctrl2.cpp
c:/program files/microsoft visual studio/vc98/mfc/src/winctrl4.cpp
c:/program files/microsoft visual studio/vc98/mfc/src/timecore.cpp
c:/program files/microsoft visual studio/vc98/mfc/src/winctrl6.cpp
c:/program files/microsoft visual studio/vc98/mfc/src/arcstrm.cpp
c:/program files/microsoft visual studio/vc98/mfc/src/map_pp.cpp
c:/program files/microsoft visual studio/vc98/mfc/src/ctlview.cpp
c:/program files/microsoft visual studio/vc98/mfc/src/oleasmon.cpp
c:/program files/microsoft visual studio/vc98/mfc/src/dlgfnt.cpp
c:/program files/microsoft visual studio/vc98/mfc/src/docmulti.cpp
c:/program files/microsoft visual studio/vc98/mfc/src/strcore.cpp
c:/program files/microsoft visual studio/vc98/mfc/src/dlgcomm.cpp
c:/program files/microsoft visual studio/vc98/mfc/src/oledrop2.cpp
c:/program files/microsoft visual studio/vc98/mfc/src/filest.cpp
c:/program files/microsoft visual studio/vc98/mfc/src/winmdi.cpp
c:/program files/microsoft visual studio/vc98/mfc/src/dumpcont.cpp
c:/program files/microsoft visual studio/vc98/mfc/src/ppgstock.cpp
c:/program files/microsoft visual studio/vc98/mfc/src/winutil.cpp
c:/program files/microsoft visual studio/vc98/mfc/src/olesvr1.cpp
c:/program files/microsoft visual studio/vc98/mfc/src/bardlg.cpp
c:/program files/microsoft visual studio/vc98/mfc/src/array_o.cpp
c:/program files/microsoft visual studio/vc98/mfc/src/oleui1.cpp
c:/program files/microsoft visual studio/vc98/mfc/src/dbvar.cpp
c:/program files/microsoft visual studio/vc98/mfc/src/array_s.cpp
c:/program files/microsoft visual studio/vc98/mfc/src/array_u.cpp
c:/program files/microsoft visual studio/vc98/mfc/src/appgray.cpp
c:/program files/microsoft visual studio/vc98/mfc/src/array_w.cpp
c:/program files/microsoft visual studio/vc98/mfc/src/occddx.cpp
c:/program files/microsoft visual studio/vc98/mfc/src/isapi.cpp
c:/program files/microsoft visual studio/vc98/mfc/src/ctlcache.cpp
c:/program files/microsoft visual studio/vc98/mfc/src/afxabort.cpp
c:/program files/microsoft visual studio/vc98/mfc/src/ctllic.cpp
c:/program files/microsoft visual studio/vc98/mfc/src/oledlgs1.cpp
c:/program files/microsoft visual studio/vc98/mfc/src/filelist.cpp
c:/program files/microsoft visual studio/vc98/mfc/src/olecall.cpp
c:/program files/microsoft visual studio/vc98/mfc/src/oledlgs3.cpp
c:/program files/microsoft visual studio/vc98/mfc/src/olefact.cpp
c:/program files/microsoft visual studio/vc98/mfc/src/arccore.cpp
c:/program files/microsoft visual studio/vc98/mfc/src/filetxt.cpp
c:/program files/microsoft visual studio/vc98/mfc/src/dlgcore.cpp
c:/program files/microsoft visual studio/vc98/mfc/src/ctlquick.cpp
c:/program files/microsoft visual studio/vc98/mfc/src/afxstate.cpp
c:/program files/microsoft visual studio/vc98/mfc/src/ctlreg.cpp
c:/program files/microsoft visual studio/vc98/mfc/src/viewedit.cpp
c:/program files/microsoft visual studio/vc98/mfc/src/dlldb.cpp
c:/program files/microsoft visual studio/vc98/mfc/src/oledisp2.cpp
c:/program files/microsoft visual studio/vc98/mfc/src/oledoc1.cpp
c:/program files/microsoft visual studio/vc98/mfc/src/winstr.cpp
c:/program files/microsoft visual studio/vc98/mfc/src/auxdata.cpp
c:/program files/microsoft visual studio/vc98/mfc/src/except.cpp
c:/program files/microsoft visual studio/vc98/mfc/src/dumpstak.cpp
c:/program files/microsoft visual studio/vc98/mfc/src/list_o.cpp
c:/program files/microsoft visual studio/vc98/mfc/src/tooltip.cpp
c:/program files/microsoft visual studio/vc98/mfc/src/oleexp.cpp
c:/program files/microsoft visual studio/vc98/mfc/src/dumpout.cpp
c:/program files/microsoft visual studio/vc98/mfc/src/list_s.cpp
c:/program files/microsoft visual studio/vc98/mfc/src/dbcore.cpp
c:/program files/microsoft visual studio/vc98/mfc/src/oledocip.cpp
c:/program files/microsoft visual studio/vc98/mfc/src/afxinl1.cpp
c:/program files/microsoft visual studio/vc98/mfc/src/dockcont.cpp
c:/program files/microsoft visual studio/vc98/mfc/src/afxinl3.cpp
c:/program files/microsoft visual studio/vc98/mfc/src/dbrfx.cpp
c:/program files/microsoft visual studio/vc98/mfc/src/filex.cpp
c:/program files/microsoft visual studio/vc98/mfc/src/appdlg.cpp
c:/program files/microsoft visual studio/vc98/mfc/src/viewcmn.cpp
c:/program files/microsoft visual studio/vc98/mfc/src/ctlintl.cpp
c:/program files/microsoft visual studio/vc98/mfc/src/dllmodul.cpp
c:/program files/microsoft visual studio/vc98/mfc/src/barcore.cpp
c:/program files/microsoft visual studio/vc98/mfc/src/occlock.cpp
c:/program files/microsoft visual studio/vc98/mfc/src/dbview.cpp
c:/program files/microsoft visual studio/vc98/mfc/src/dcprev.cpp
c:/program files/microsoft visual studio/vc98/mfc/src/ctlprop.cpp
c:/program files/microsoft visual studio/vc98/mfc/src/olecli2.cpp
c:/program files/microsoft visual studio/vc98/mfc/src/app3ds.cpp
c:/program files/microsoft visual studio/vc98/mfc/src/inetcall.cpp
c:/program files/microsoft visual studio/vc98/mfc/src/olecnvrt.cpp
c:/program files/microsoft visual studio/vc98/mfc/src/olemsgf.cpp
c:/program files/microsoft visual studio/vc98/mfc/src/viewscrl.cpp
c:/program files/microsoft visual studio/vc98/mfc/src/oledobj1.cpp
c:/program files/microsoft visual studio/vc98/mfc/src/viewhtml.cpp
c:/program files/microsoft visual studio/vc98/mfc/src/arcobj.cpp
c:/program files/microsoft visual studio/vc98/mfc/src/afxtls.cpp
c:/program files/microsoft visual studio/vc98/mfc/src/winbtn.cpp
c:/program files/microsoft visual studio/vc98/mfc/src/docsingl.cpp
c:/program files/microsoft visual studio/vc98/mfc/src/arcex.cpp
c:/program files/microsoft visual studio/vc98/mfc/src/oleinit.cpp
c:/program files/microsoft visual studio/vc98/mfc/src/appinit.cpp
c:/program files/microsoft visual studio/vc98/mfc/src/appterm.cpp
c:/program files/microsoft visual studio/vc98/mfc/src/winsplit.cpp
c:/program files/microsoft visual studio/vc98/mfc/src/afxdbcs.cpp
c:/program files/microsoft visual studio/vc98/mfc/src/thrdcore.cpp
c:/program files/microsoft visual studio/vc98/mfc/src/winmini.cpp
c:/program files/microsoft visual studio/vc98/mfc/src/docmgr.cpp
c:/program files/microsoft visual studio/vc98/mfc/src/dllole.cpp
c:/program files/microsoft visual studio/vc98/mfc/src/ppgfont.cpp
c:/program files/microsoft visual studio/vc98/mfc/src/filemem.cpp
c:/program files/microsoft visual studio/vc98/mfc/src/map_so.cpp
c:/program files/microsoft visual studio/vc98/mfc/src/viewoled.cpp
c:/program files/microsoft visual studio/vc98/mfc/src/cmdtarg.cpp
c:/program files/microsoft visual studio/vc98/mfc/src/map_ss.cpp
c:/program files/microsoft visual studio/vc98/mfc/src/winmenu.cpp
c:/program files/microsoft visual studio/vc98/mfc/src/map_wp.cpp
c:/program files/microsoft visual studio/vc98/mfc/src/ctlevent.cpp
c:/program files/microsoft visual studio/vc98/mfc/src/oledoccl.cpp
c:/program files/microsoft visual studio/vc98/mfc/src/ppgcolor.cpp
c:/program files/microsoft visual studio/vc98/mfc/src/olelock.cpp
c:/program files/microsoft visual studio/vc98/mfc/src/winhand.cpp
c:/program files/microsoft visual studio/vc98/mfc/src/dumpinit.cpp
c:/program files/microsoft visual studio/vc98/mfc/src/mtcore.cpp
c:/program files/microsoft visual studio/vc98/mfc/src/oleunk.cpp
c:/program files/microsoft visual studio/vc98/mfc/src/viewform.cpp
c:/program files/microsoft visual studio/vc98/mfc/src/appui2.cpp
c:/program files/microsoft visual studio/vc98/mfc/src/winctrl1.cpp
c:/program files/microsoft visual studio/vc98/mfc/src/olebar.cpp
c:/program files/microsoft visual studio/vc98/mfc/src/daodfx.cpp
c:/program files/microsoft visual studio/vc98/mfc/src/strex.cpp
c:/program files/microsoft visual studio/vc98/mfc/src/winctrl3.cpp
c:/program files/microsoft visual studio/vc98/mfc/src/dlgfile.cpp
c:/program files/microsoft visual studio/vc98/mfc/src/occevent.cpp
c:/program files/microsoft visual studio/vc98/mfc/src/dlgprop.cpp
c:/program files/microsoft visual studio/vc98/mfc/src/dlgclr.cpp
c:/program files/microsoft visual studio/vc98/mfc/src/ctltrack.cpp
c:/program files/microsoft visual studio/vc98/mfc/src/winctrl5.cpp
c:/program files/microsoft visual studio/vc98/mfc/src/dlgtempl.cpp
c:/program files/microsoft visual studio/vc98/mfc/src/plex.cpp
c:/program files/microsoft visual studio/vc98/mfc/src/oledata.cpp
c:/program files/microsoft visual studio/vc98/mfc/src/winctrl7.cpp
c:/program files/microsoft visual studio/vc98/mfc/src/docmapi.cpp
c:/program files/microsoft visual studio/vc98/mfc/src/ctldata.cpp
c:/program files/microsoft visual studio/vc98/mfc/src/afxasert.cpp
c:/program files/microsoft visual studio/vc98/mfc/src/ctlobj.cpp
c:/program files/microsoft visual studio/vc98/mfc/src/oleipfrm.cpp
c:/program files/microsoft visual studio/vc98/mfc/src/olereg.cpp
c:/program files/microsoft visual studio/vc98/mfc/src/doccore.cpp
c:/program files/microsoft visual studio/vc98/mfc/src/viewprnt.cpp
c:/program files/microsoft visual studio/vc98/mfc/src/array_b.cpp
c:/program files/microsoft visual studio/vc98/mfc/src/viewrich.cpp
c:/program files/microsoft visual studio/vc98/mfc/src/array_d.cpp
c:/program files/microsoft visual studio/vc98/mfc/src/wingdi.cpp
