m -1 /xip_shared/FrameDocs/requirements.doc c:/discover/prebuilt/learn/source/shared/xip/doc/requirements.doc_FLDX_1000 /xip/doc/requirements.doc c:/discover/prebuilt/learn/source/shared/xip/doc/requirements.doc.pset_FLDX_0000
h 1 /xip_shared/include/canvas.h c:/discover/prebuilt/learn/source/shared/xip/include/canvas.h_FLDX_1000 /xip/include/canvas.h c:/discover/prebuilt/learn/model/shared/pset/xip/include/canvas.h.pset_FLDX_0000
h 1 /xip_shared/include/dt.h c:/discover/prebuilt/learn/source/shared/xip/include/dt.h_FLDX_1000 /xip/include/dt.h c:/discover/prebuilt/learn/model/shared/pset/xip/include/dt.h.pset_FLDX_0000
h 1 /xip_shared/include/externals.h c:/discover/prebuilt/learn/source/shared/xip/include/externals.h_FLDX_1000 /xip/include/externals.h c:/discover/prebuilt/learn/model/shared/pset/xip/include/externals.h.pset_FLDX_0000
h 1 /xip_shared/include/extra.h c:/discover/prebuilt/learn/source/shared/xip/include/extra.h_FLDX_1000 /xip/include/extra.h c:/discover/prebuilt/learn/model/shared/pset/xip/include/extra.h.pset_FLDX_0000
h 1 /xip_shared/include/extra2.h c:/discover/prebuilt/learn/source/shared/xip/include/extra2.h_FLDX_1000 /xip/include/extra2.h c:/discover/prebuilt/learn/model/shared/pset/xip/include/extra2.h.pset_FLDX_0000
h 1 /xip_shared/include/image_win.h c:/discover/prebuilt/learn/source/shared/xip/include/image_win.h_FLDX_1000 /xip/include/image_win.h c:/discover/prebuilt/learn/model/shared/pset/xip/include/image_win.h.pset_FLDX_0000
h 1 /xip_shared/include/stage.h c:/discover/prebuilt/learn/source/shared/xip/include/stage.h_FLDX_1000 /xip/include/stage.h c:/discover/prebuilt/learn/model/shared/pset/xip/include/stage.h.pset_FLDX_0000
h 1 /xip_shared/include/xip.h c:/discover/prebuilt/learn/source/shared/xip/include/xip.h_FLDX_1000 /xip/include/xip.h c:/discover/prebuilt/learn/model/shared/pset/xip/include/xip.h.pset_FLDX_0000
s 0 /xip_shared/src/canvas.c c:/discover/prebuilt/learn/source/shared/xip/src/canvas.c_FLDX_1000 /xip/src/canvas.c c:/discover/prebuilt/learn/model/shared/pset/xip/src/canvas.c.pset_FLDX_0000
s 0 /xip_shared/src/color.c c:/discover/prebuilt/learn/source/shared/xip/src/color.c_FLDX_1000 /xip/src/color.c c:/discover/prebuilt/learn/model/shared/pset/xip/src/color.c.pset_FLDX_0000
s 0 /xip_shared/src/fonts.c c:/discover/prebuilt/learn/source/shared/xip/src/fonts.c_FLDX_1000 /xip/src/fonts.c c:/discover/prebuilt/learn/model/shared/pset/xip/src/fonts.c.pset_FLDX_0000
s 0 /xip_shared/src/image_win.c c:/discover/prebuilt/learn/source/shared/xip/src/image_win.c_FLDX_1000 /xip/src/image_win.c c:/discover/prebuilt/learn/model/shared/pset/xip/src/image_win.c.pset_FLDX_0000
s 0 /xip_shared/src/init.c c:/discover/prebuilt/learn/source/shared/xip/src/init.c_FLDX_1000 /xip/src/init.c c:/discover/prebuilt/learn/model/shared/pset/xip/src/init.c.pset_FLDX_0000
s 0 /xip_shared/src/pipeline.c c:/discover/prebuilt/learn/source/shared/xip/src/pipeline.c_FLDX_1000 /xip/src/pipeline.c c:/discover/prebuilt/learn/model/shared/pset/xip/src/pipeline.c.pset_FLDX_0000
s 0 /xip_shared/src/stage.c c:/discover/prebuilt/learn/source/shared/xip/src/stage.c_FLDX_1000 /xip/src/stage.c c:/discover/prebuilt/learn/model/shared/pset/xip/src/stage.c.pset_FLDX_0000
s 0 /xip_shared/src/xip.c c:/discover/prebuilt/learn/source/shared/xip/src/xip.c_FLDX_1000 /xip/src/xip.c c:/discover/prebuilt/learn/model/shared/pset/xip/src/xip.c.pset_FLDX_0000
m -1 /ttt_shared/FrameDocs/requirements.doc c:/discover/prebuilt/learn/source/shared/ttt/doc/requirements.doc_FLDX_1000 /ttt/doc/requirements.doc c:/discover/prebuilt/learn/source/shared/ttt/doc/requirements.doc.pset_FLDX_0000
m -1 /ttt_shared/FrameDocs/specification.doc c:/discover/prebuilt/learn/source/shared/ttt/doc/specification.doc_FLDX_1000 /ttt/doc/specification.doc c:/discover/prebuilt/learn/source/shared/ttt/doc/specification.doc.pset_FLDX_0000
h 1 /ttt_shared/include/application.h c:/discover/prebuilt/learn/source/shared/ttt/include/application.h_FLDX_1000 /ttt/include/application.h c:/discover/prebuilt/learn/model/shared/pset/ttt/include/application.h.pset_FLDX_0000
h 1 /ttt_shared/include/board.h c:/discover/prebuilt/learn/source/shared/ttt/include/board.h_FLDX_1000 /ttt/include/board.h c:/discover/prebuilt/learn/model/shared/pset/ttt/include/board.h.pset_FLDX_0000
h 1 /ttt_shared/include/color.h c:/discover/prebuilt/learn/source/shared/ttt/include/color.h_FLDX_1000 /ttt/include/color.h c:/discover/prebuilt/learn/model/shared/pset/ttt/include/color.h.pset_FLDX_0000
h 1 /ttt_shared/include/display.h c:/discover/prebuilt/learn/source/shared/ttt/include/display.h_FLDX_1000 /ttt/include/display.h c:/discover/prebuilt/learn/model/shared/pset/ttt/include/display.h.pset_FLDX_0000
h 1 /ttt_shared/include/displayapp.h c:/discover/prebuilt/learn/source/shared/ttt/include/displayapp.h_FLDX_1000 /ttt/include/displayapp.h c:/discover/prebuilt/learn/model/shared/pset/ttt/include/displayapp.h.pset_FLDX_0000
h 1 /ttt_shared/include/displayboard.h c:/discover/prebuilt/learn/source/shared/ttt/include/displayboard.h_FLDX_1000 /ttt/include/displayboard.h c:/discover/prebuilt/learn/model/shared/pset/ttt/include/displayboard.h.pset_FLDX_0000
h 1 /ttt_shared/include/displaybutton.h c:/discover/prebuilt/learn/source/shared/ttt/include/displaybutton.h_FLDX_1000 /ttt/include/displaybutton.h c:/discover/prebuilt/learn/model/shared/pset/ttt/include/displaybutton.h.pset_FLDX_0000
h 1 /ttt_shared/include/displaycontrol.h c:/discover/prebuilt/learn/source/shared/ttt/include/displaycontrol.h_FLDX_1000 /ttt/include/displaycontrol.h c:/discover/prebuilt/learn/model/shared/pset/ttt/include/displaycontrol.h.pset_FLDX_0000
h 1 /ttt_shared/include/displayscore.h c:/discover/prebuilt/learn/source/shared/ttt/include/displayscore.h_FLDX_1000 /ttt/include/displayscore.h c:/discover/prebuilt/learn/model/shared/pset/ttt/include/displayscore.h.pset_FLDX_0000
h 1 /ttt_shared/include/displaysquare.h c:/discover/prebuilt/learn/source/shared/ttt/include/displaysquare.h_FLDX_1000 /ttt/include/displaysquare.h c:/discover/prebuilt/learn/model/shared/pset/ttt/include/displaysquare.h.pset_FLDX_0000
h 1 /ttt_shared/include/displaystatus.h c:/discover/prebuilt/learn/source/shared/ttt/include/displaystatus.h_FLDX_1000 /ttt/include/displaystatus.h c:/discover/prebuilt/learn/model/shared/pset/ttt/include/displaystatus.h.pset_FLDX_0000
h 1 /ttt_shared/include/displaytictactoegame.h c:/discover/prebuilt/learn/source/shared/ttt/include/displaytictactoegame.h_FLDX_1000 /ttt/include/displaytictactoegame.h c:/discover/prebuilt/learn/model/shared/pset/ttt/include/displaytictactoegame.h.pset_FLDX_0000
h 1 /ttt_shared/include/functypes.h c:/discover/prebuilt/learn/source/shared/ttt/include/functypes.h_FLDX_1000 /ttt/include/functypes.h c:/discover/prebuilt/learn/model/shared/pset/ttt/include/functypes.h.pset_FLDX_0000
h 1 /ttt_shared/include/game.h c:/discover/prebuilt/learn/source/shared/ttt/include/game.h_FLDX_1000 /ttt/include/game.h c:/discover/prebuilt/learn/model/shared/pset/ttt/include/game.h.pset_FLDX_0000
h 1 /ttt_shared/include/gameboard.h c:/discover/prebuilt/learn/source/shared/ttt/include/gameboard.h_FLDX_1000 /ttt/include/gameboard.h c:/discover/prebuilt/learn/model/shared/pset/ttt/include/gameboard.h.pset_FLDX_0000
h 1 /ttt_shared/include/history.h c:/discover/prebuilt/learn/source/shared/ttt/include/history.h_FLDX_1000 /ttt/include/history.h c:/discover/prebuilt/learn/model/shared/pset/ttt/include/history.h.pset_FLDX_0000
h 1 /ttt_shared/include/humanplayer.h c:/discover/prebuilt/learn/source/shared/ttt/include/humanplayer.h_FLDX_1000 /ttt/include/humanplayer.h c:/discover/prebuilt/learn/model/shared/pset/ttt/include/humanplayer.h.pset_FLDX_0000
h 1 /ttt_shared/include/location.h c:/discover/prebuilt/learn/source/shared/ttt/include/location.h_FLDX_1000 /ttt/include/location.h c:/discover/prebuilt/learn/model/shared/pset/ttt/include/location.h.pset_FLDX_0000
h 1 /ttt_shared/include/main.h c:/discover/prebuilt/learn/source/shared/ttt/include/main.h_FLDX_1000 /ttt/include/main.h c:/discover/prebuilt/learn/model/shared/pset/ttt/include/main.h.pset_FLDX_0000
h 1 /ttt_shared/include/move.h c:/discover/prebuilt/learn/source/shared/ttt/include/move.h_FLDX_1000 /ttt/include/move.h c:/discover/prebuilt/learn/model/shared/pset/ttt/include/move.h.pset_FLDX_0000
h 1 /ttt_shared/include/mycomputerplayer.h c:/discover/prebuilt/learn/source/shared/ttt/include/mycomputerplayer.h_FLDX_1000 /ttt/include/mycomputerplayer.h c:/discover/prebuilt/learn/model/shared/pset/ttt/include/mycomputerplayer.h.pset_FLDX_0000
h 1 /ttt_shared/include/player.h c:/discover/prebuilt/learn/source/shared/ttt/include/player.h_FLDX_1000 /ttt/include/player.h c:/discover/prebuilt/learn/model/shared/pset/ttt/include/player.h.pset_FLDX_0000
h 1 /ttt_shared/include/square.h c:/discover/prebuilt/learn/source/shared/ttt/include/square.h_FLDX_1000 /ttt/include/square.h c:/discover/prebuilt/learn/model/shared/pset/ttt/include/square.h.pset_FLDX_0000
h 1 /ttt_shared/include/tictactoegame.h c:/discover/prebuilt/learn/source/shared/ttt/include/tictactoegame.h_FLDX_1000 /ttt/include/tictactoegame.h c:/discover/prebuilt/learn/model/shared/pset/ttt/include/tictactoegame.h.pset_FLDX_0000
h 1 /ttt_shared/include/tictactoemove.h c:/discover/prebuilt/learn/source/shared/ttt/include/tictactoemove.h_FLDX_1000 /ttt/include/tictactoemove.h c:/discover/prebuilt/learn/model/shared/pset/ttt/include/tictactoemove.h.pset_FLDX_0000
h 1 /ttt_shared/include/x11_intrinsic.h c:/discover/prebuilt/learn/source/shared/ttt/include/x11_intrinsic.h_FLDX_1000 /ttt/include/x11_intrinsic.h c:/discover/prebuilt/learn/model/shared/pset/ttt/include/x11_intrinsic.h.pset_FLDX_0000
s 1 /ttt_shared/src/application.cpp c:/discover/prebuilt/learn/source/shared/ttt/src/application.cpp_FLDX_1000 /ttt/src/application.cpp c:/discover/prebuilt/learn/model/shared/pset/ttt/src/application.cpp.pset_FLDX_0000
s 1 /ttt_shared/src/board.cpp c:/discover/prebuilt/learn/source/shared/ttt/src/board.cpp_FLDX_1000 /ttt/src/board.cpp c:/discover/prebuilt/learn/model/shared/pset/ttt/src/board.cpp.pset_FLDX_0000
s 1 /ttt_shared/src/color.cpp c:/discover/prebuilt/learn/source/shared/ttt/src/color.cpp_FLDX_1000 /ttt/src/color.cpp c:/discover/prebuilt/learn/model/shared/pset/ttt/src/color.cpp.pset_FLDX_0000
s 1 /ttt_shared/src/display.cpp c:/discover/prebuilt/learn/source/shared/ttt/src/display.cpp_FLDX_1000 /ttt/src/display.cpp c:/discover/prebuilt/learn/model/shared/pset/ttt/src/display.cpp.pset_FLDX_0000
s 1 /ttt_shared/src/displayapp.cpp c:/discover/prebuilt/learn/source/shared/ttt/src/displayapp.cpp_FLDX_1000 /ttt/src/displayapp.cpp c:/discover/prebuilt/learn/model/shared/pset/ttt/src/displayapp.cpp.pset_FLDX_0000
s 1 /ttt_shared/src/displayboard.cpp c:/discover/prebuilt/learn/source/shared/ttt/src/displayboard.cpp_FLDX_1000 /ttt/src/displayboard.cpp c:/discover/prebuilt/learn/model/shared/pset/ttt/src/displayboard.cpp.pset_FLDX_0000
s 1 /ttt_shared/src/displaybutton.cpp c:/discover/prebuilt/learn/source/shared/ttt/src/displaybutton.cpp_FLDX_1000 /ttt/src/displaybutton.cpp c:/discover/prebuilt/learn/model/shared/pset/ttt/src/displaybutton.cpp.pset_FLDX_0000
s 1 /ttt_shared/src/displaycontrol.cpp c:/discover/prebuilt/learn/source/shared/ttt/src/displaycontrol.cpp_FLDX_1000 /ttt/src/displaycontrol.cpp c:/discover/prebuilt/learn/model/shared/pset/ttt/src/displaycontrol.cpp.pset_FLDX_0000
s 1 /ttt_shared/src/displaysquare.cpp c:/discover/prebuilt/learn/source/shared/ttt/src/displaysquare.cpp_FLDX_1000 /ttt/src/displaysquare.cpp c:/discover/prebuilt/learn/model/shared/pset/ttt/src/displaysquare.cpp.pset_FLDX_0000
s 1 /ttt_shared/src/displaystatus.cpp c:/discover/prebuilt/learn/source/shared/ttt/src/displaystatus.cpp_FLDX_1000 /ttt/src/displaystatus.cpp c:/discover/prebuilt/learn/model/shared/pset/ttt/src/displaystatus.cpp.pset_FLDX_0000
s 1 /ttt_shared/src/game.cpp c:/discover/prebuilt/learn/source/shared/ttt/src/game.cpp_FLDX_1000 /ttt/src/game.cpp c:/discover/prebuilt/learn/model/shared/pset/ttt/src/game.cpp.pset_FLDX_0000
s 1 /ttt_shared/src/gameboard.cpp c:/discover/prebuilt/learn/source/shared/ttt/src/gameboard.cpp_FLDX_1000 /ttt/src/gameboard.cpp c:/discover/prebuilt/learn/model/shared/pset/ttt/src/gameboard.cpp.pset_FLDX_0000
s 1 /ttt_shared/src/history.cpp c:/discover/prebuilt/learn/source/shared/ttt/src/history.cpp_FLDX_1000 /ttt/src/history.cpp c:/discover/prebuilt/learn/model/shared/pset/ttt/src/history.cpp.pset_FLDX_0000
s 1 /ttt_shared/src/humanplayer.cpp c:/discover/prebuilt/learn/source/shared/ttt/src/humanplayer.cpp_FLDX_1000 /ttt/src/humanplayer.cpp c:/discover/prebuilt/learn/model/shared/pset/ttt/src/humanplayer.cpp.pset_FLDX_0000
s 1 /ttt_shared/src/location.cpp c:/discover/prebuilt/learn/source/shared/ttt/src/location.cpp_FLDX_1000 /ttt/src/location.cpp c:/discover/prebuilt/learn/model/shared/pset/ttt/src/location.cpp.pset_FLDX_0000
s 1 /ttt_shared/src/main.cpp c:/discover/prebuilt/learn/source/shared/ttt/src/main.cpp_FLDX_1000 /ttt/src/main.cpp c:/discover/prebuilt/learn/model/shared/pset/ttt/src/main.cpp.pset_FLDX_0000
s 1 /ttt_shared/src/move.cpp c:/discover/prebuilt/learn/source/shared/ttt/src/move.cpp_FLDX_1000 /ttt/src/move.cpp c:/discover/prebuilt/learn/model/shared/pset/ttt/src/move.cpp.pset_FLDX_0000
s 1 /ttt_shared/src/mycomputerplayer.cpp c:/discover/prebuilt/learn/source/shared/ttt/src/mycomputerplayer.cpp_FLDX_1000 /ttt/src/mycomputerplayer.cpp c:/discover/prebuilt/learn/model/shared/pset/ttt/src/mycomputerplayer.cpp.pset_FLDX_0000
s 1 /ttt_shared/src/player.cpp c:/discover/prebuilt/learn/source/shared/ttt/src/player.cpp_FLDX_1000 /ttt/src/player.cpp c:/discover/prebuilt/learn/model/shared/pset/ttt/src/player.cpp.pset_FLDX_0000
s 1 /ttt_shared/src/square.cpp c:/discover/prebuilt/learn/source/shared/ttt/src/square.cpp_FLDX_1000 /ttt/src/square.cpp c:/discover/prebuilt/learn/model/shared/pset/ttt/src/square.cpp.pset_FLDX_0000
s 1 /ttt_shared/src/tictactoegame.cpp c:/discover/prebuilt/learn/source/shared/ttt/src/tictactoegame.cpp_FLDX_1000 /ttt/src/tictactoegame.cpp c:/discover/prebuilt/learn/model/shared/pset/ttt/src/tictactoegame.cpp.pset_FLDX_0000
s 1 /ttt_shared/src/tictactoemove.cpp c:/discover/prebuilt/learn/source/shared/ttt/src/tictactoemove.cpp_FLDX_1000 /ttt/src/tictactoemove.cpp c:/discover/prebuilt/learn/model/shared/pset/ttt/src/tictactoemove.cpp.pset_FLDX_0000
h 1 /sysinclude/_g_config.h c:/discover/prebuilt/learn/source/shared/sysinclude/_g_config.h_FLDX_1000 /sysinclude/_g_config.h c:/discover/prebuilt/learn/model/shared/pset/sysinclude/_g_config.h.pset_FLDX_0000
h 1 /sysinclude/iostream.h c:/discover/prebuilt/learn/source/shared/sysinclude/iostream.h_FLDX_1000 /sysinclude/iostream.h c:/discover/prebuilt/learn/model/shared/pset/sysinclude/iostream.h.pset_FLDX_0000
h 1 /sysinclude/libio.h c:/discover/prebuilt/learn/source/shared/sysinclude/libio.h_FLDX_1000 /sysinclude/libio.h c:/discover/prebuilt/learn/model/shared/pset/sysinclude/libio.h.pset_FLDX_0000
h 1 /sysinclude/mrm/mrmappl.h c:/discover/prebuilt/learn/source/shared/sysinclude/mrm/mrmappl.h_FLDX_1000 /sysinclude/mrm/mrmappl.h c:/discover/prebuilt/learn/model/shared/pset/sysinclude/mrm/mrmappl.h.pset_FLDX_0000
h 1 /sysinclude/mrm/mrmdecls.h c:/discover/prebuilt/learn/source/shared/sysinclude/mrm/mrmdecls.h_FLDX_1000 /sysinclude/mrm/mrmdecls.h c:/discover/prebuilt/learn/model/shared/pset/sysinclude/mrm/mrmdecls.h.pset_FLDX_0000
h 1 /sysinclude/mrm/mrmpublic.h c:/discover/prebuilt/learn/source/shared/sysinclude/mrm/mrmpublic.h_FLDX_1000 /sysinclude/mrm/mrmpublic.h c:/discover/prebuilt/learn/model/shared/pset/sysinclude/mrm/mrmpublic.h.pset_FLDX_0000
h 1 /sysinclude/stdarg.h c:/discover/prebuilt/learn/source/shared/sysinclude/stdarg.h_FLDX_1000 /sysinclude/stdarg.h c:/discover/prebuilt/learn/model/shared/pset/sysinclude/stdarg.h.pset_FLDX_0000
h 1 /sysinclude/stddef.h c:/discover/prebuilt/learn/source/shared/sysinclude/stddef.h_FLDX_1000 /sysinclude/stddef.h c:/discover/prebuilt/learn/model/shared/pset/sysinclude/stddef.h.pset_FLDX_0000
h 1 /sysinclude/stdio.h c:/discover/prebuilt/learn/source/shared/sysinclude/stdio.h_FLDX_1000 /sysinclude/stdio.h c:/discover/prebuilt/learn/model/shared/pset/sysinclude/stdio.h.pset_FLDX_0000
h 1 /sysinclude/stdlib.h c:/discover/prebuilt/learn/source/shared/sysinclude/stdlib.h_FLDX_1000 /sysinclude/stdlib.h c:/discover/prebuilt/learn/model/shared/pset/sysinclude/stdlib.h.pset_FLDX_0000
h 1 /sysinclude/streambuf.h c:/discover/prebuilt/learn/source/shared/sysinclude/streambuf.h_FLDX_1000 /sysinclude/streambuf.h c:/discover/prebuilt/learn/model/shared/pset/sysinclude/streambuf.h.pset_FLDX_0000
h 1 /sysinclude/string.h c:/discover/prebuilt/learn/source/shared/sysinclude/string.h_FLDX_1000 /sysinclude/string.h c:/discover/prebuilt/learn/model/shared/pset/sysinclude/string.h.pset_FLDX_0000
h 1 /sysinclude/sys/fcntl.h c:/discover/prebuilt/learn/source/shared/sysinclude/sys/fcntl.h_FLDX_1000 /sysinclude/sys/fcntl.h c:/discover/prebuilt/learn/model/shared/pset/sysinclude/sys/fcntl.h.pset_FLDX_0000
h 1 /sysinclude/sys/fcntlcom.h c:/discover/prebuilt/learn/source/shared/sysinclude/sys/fcntlcom.h_FLDX_1000 /sysinclude/sys/fcntlcom.h c:/discover/prebuilt/learn/model/shared/pset/sysinclude/sys/fcntlcom.h.pset_FLDX_0000
h 1 /sysinclude/sys/stat.h c:/discover/prebuilt/learn/source/shared/sysinclude/sys/stat.h_FLDX_1000 /sysinclude/sys/stat.h c:/discover/prebuilt/learn/model/shared/pset/sysinclude/sys/stat.h.pset_FLDX_0000
h 1 /sysinclude/sys/stdtypes.h c:/discover/prebuilt/learn/source/shared/sysinclude/sys/stdtypes.h_FLDX_1000 /sysinclude/sys/stdtypes.h c:/discover/prebuilt/learn/model/shared/pset/sysinclude/sys/stdtypes.h.pset_FLDX_0000
h 1 /sysinclude/sys/types.h c:/discover/prebuilt/learn/source/shared/sysinclude/sys/types.h_FLDX_1000 /sysinclude/sys/types.h c:/discover/prebuilt/learn/model/shared/pset/sysinclude/sys/types.h.pset_FLDX_0000
h 1 /sysinclude/time.h c:/discover/prebuilt/learn/source/shared/sysinclude/time.h_FLDX_1000 /sysinclude/time.h c:/discover/prebuilt/learn/model/shared/pset/sysinclude/time.h.pset_FLDX_0000
h 1 /sysinclude/va-sparc.h c:/discover/prebuilt/learn/source/shared/sysinclude/va-sparc.h_FLDX_1000 /sysinclude/va-sparc.h c:/discover/prebuilt/learn/model/shared/pset/sysinclude/va-sparc.h.pset_FLDX_0000
h 1 /sysinclude/x11/composite.h c:/discover/prebuilt/learn/source/shared/sysinclude/x11/composite.h_FLDX_1000 /sysinclude/x11/composite.h c:/discover/prebuilt/learn/model/shared/pset/sysinclude/x11/composite.h.pset_FLDX_0000
h 1 /sysinclude/x11/compositep.h c:/discover/prebuilt/learn/source/shared/sysinclude/x11/compositep.h_FLDX_1000 /sysinclude/x11/compositep.h c:/discover/prebuilt/learn/model/shared/pset/sysinclude/x11/compositep.h.pset_FLDX_0000
h 1 /sysinclude/x11/constrainp.h c:/discover/prebuilt/learn/source/shared/sysinclude/x11/constrainp.h_FLDX_1000 /sysinclude/x11/constrainp.h c:/discover/prebuilt/learn/model/shared/pset/sysinclude/x11/constrainp.h.pset_FLDX_0000
h 1 /sysinclude/x11/constraint.h c:/discover/prebuilt/learn/source/shared/sysinclude/x11/constraint.h_FLDX_1000 /sysinclude/x11/constraint.h c:/discover/prebuilt/learn/model/shared/pset/sysinclude/x11/constraint.h.pset_FLDX_0000
h 1 /sysinclude/x11/core.h c:/discover/prebuilt/learn/source/shared/sysinclude/x11/core.h_FLDX_1000 /sysinclude/x11/core.h c:/discover/prebuilt/learn/model/shared/pset/sysinclude/x11/core.h.pset_FLDX_0000
h 1 /sysinclude/x11/corep.h c:/discover/prebuilt/learn/source/shared/sysinclude/x11/corep.h_FLDX_1000 /sysinclude/x11/corep.h c:/discover/prebuilt/learn/model/shared/pset/sysinclude/x11/corep.h.pset_FLDX_0000
h 1 /sysinclude/x11/intrinsic.h c:/discover/prebuilt/learn/source/shared/sysinclude/x11/intrinsic.h_FLDX_1000 /sysinclude/x11/intrinsic.h c:/discover/prebuilt/learn/model/shared/pset/sysinclude/x11/intrinsic.h.pset_FLDX_0000
h 1 /sysinclude/x11/intrinsicp.h c:/discover/prebuilt/learn/source/shared/sysinclude/x11/intrinsicp.h_FLDX_1000 /sysinclude/x11/intrinsicp.h c:/discover/prebuilt/learn/model/shared/pset/sysinclude/x11/intrinsicp.h.pset_FLDX_0000
h 1 /sysinclude/x11/object.h c:/discover/prebuilt/learn/source/shared/sysinclude/x11/object.h_FLDX_1000 /sysinclude/x11/object.h c:/discover/prebuilt/learn/model/shared/pset/sysinclude/x11/object.h.pset_FLDX_0000
h 1 /sysinclude/x11/objectp.h c:/discover/prebuilt/learn/source/shared/sysinclude/x11/objectp.h_FLDX_1000 /sysinclude/x11/objectp.h c:/discover/prebuilt/learn/model/shared/pset/sysinclude/x11/objectp.h.pset_FLDX_0000
h 1 /sysinclude/x11/rectobj.h c:/discover/prebuilt/learn/source/shared/sysinclude/x11/rectobj.h_FLDX_1000 /sysinclude/x11/rectobj.h c:/discover/prebuilt/learn/model/shared/pset/sysinclude/x11/rectobj.h.pset_FLDX_0000
h 1 /sysinclude/x11/rectobjp.h c:/discover/prebuilt/learn/source/shared/sysinclude/x11/rectobjp.h_FLDX_1000 /sysinclude/x11/rectobjp.h c:/discover/prebuilt/learn/model/shared/pset/sysinclude/x11/rectobjp.h.pset_FLDX_0000
h 1 /sysinclude/x11/shell.h c:/discover/prebuilt/learn/source/shared/sysinclude/x11/shell.h_FLDX_1000 /sysinclude/x11/shell.h c:/discover/prebuilt/learn/model/shared/pset/sysinclude/x11/shell.h.pset_FLDX_0000
h 1 /sysinclude/x11/shellp.h c:/discover/prebuilt/learn/source/shared/sysinclude/x11/shellp.h_FLDX_1000 /sysinclude/x11/shellp.h c:/discover/prebuilt/learn/model/shared/pset/sysinclude/x11/shellp.h.pset_FLDX_0000
h 1 /sysinclude/x11/stringdefs.h c:/discover/prebuilt/learn/source/shared/sysinclude/x11/stringdefs.h_FLDX_1000 /sysinclude/x11/stringdefs.h c:/discover/prebuilt/learn/model/shared/pset/sysinclude/x11/stringdefs.h.pset_FLDX_0000
h 1 /sysinclude/x11/vendor.h c:/discover/prebuilt/learn/source/shared/sysinclude/x11/vendor.h_FLDX_1000 /sysinclude/x11/vendor.h c:/discover/prebuilt/learn/model/shared/pset/sysinclude/x11/vendor.h.pset_FLDX_0000
h 1 /sysinclude/x11/vendorp.h c:/discover/prebuilt/learn/source/shared/sysinclude/x11/vendorp.h_FLDX_1000 /sysinclude/x11/vendorp.h c:/discover/prebuilt/learn/model/shared/pset/sysinclude/x11/vendorp.h.pset_FLDX_0000
h 1 /sysinclude/x11/x.h c:/discover/prebuilt/learn/source/shared/sysinclude/x11/x.h_FLDX_1000 /sysinclude/x11/x.h c:/discover/prebuilt/learn/model/shared/pset/sysinclude/x11/x.h.pset_FLDX_0000
h 1 /sysinclude/x11/xfuncproto.h c:/discover/prebuilt/learn/source/shared/sysinclude/x11/xfuncproto.h_FLDX_1000 /sysinclude/x11/xfuncproto.h c:/discover/prebuilt/learn/model/shared/pset/sysinclude/x11/xfuncproto.h.pset_FLDX_0000
h 1 /sysinclude/x11/xlib.h c:/discover/prebuilt/learn/source/shared/sysinclude/x11/xlib.h_FLDX_1000 /sysinclude/x11/xlib.h c:/discover/prebuilt/learn/model/shared/pset/sysinclude/x11/xlib.h.pset_FLDX_0000
h 1 /sysinclude/x11/xosdefs.h c:/discover/prebuilt/learn/source/shared/sysinclude/x11/xosdefs.h_FLDX_1000 /sysinclude/x11/xosdefs.h c:/discover/prebuilt/learn/model/shared/pset/sysinclude/x11/xosdefs.h.pset_FLDX_0000
h 1 /sysinclude/x11/xresource.h c:/discover/prebuilt/learn/source/shared/sysinclude/x11/xresource.h_FLDX_1000 /sysinclude/x11/xresource.h c:/discover/prebuilt/learn/model/shared/pset/sysinclude/x11/xresource.h.pset_FLDX_0000
h 1 /sysinclude/x11/xutil.h c:/discover/prebuilt/learn/source/shared/sysinclude/x11/xutil.h_FLDX_1000 /sysinclude/x11/xutil.h c:/discover/prebuilt/learn/model/shared/pset/sysinclude/x11/xutil.h.pset_FLDX_0000
h 1 /sysinclude/xm/baseclassi.h c:/discover/prebuilt/learn/source/shared/sysinclude/xm/baseclassi.h_FLDX_1000 /sysinclude/xm/baseclassi.h c:/discover/prebuilt/learn/model/shared/pset/sysinclude/xm/baseclassi.h.pset_FLDX_0000
h 1 /sysinclude/xm/bulletinb.h c:/discover/prebuilt/learn/source/shared/sysinclude/xm/bulletinb.h_FLDX_1000 /sysinclude/xm/bulletinb.h c:/discover/prebuilt/learn/model/shared/pset/sysinclude/xm/bulletinb.h.pset_FLDX_0000
h 1 /sysinclude/xm/drawnb.h c:/discover/prebuilt/learn/source/shared/sysinclude/xm/drawnb.h_FLDX_1000 /sysinclude/xm/drawnb.h c:/discover/prebuilt/learn/model/shared/pset/sysinclude/xm/drawnb.h.pset_FLDX_0000
h 1 /sysinclude/xm/extobject.h c:/discover/prebuilt/learn/source/shared/sysinclude/xm/extobject.h_FLDX_1000 /sysinclude/xm/extobject.h c:/discover/prebuilt/learn/model/shared/pset/sysinclude/xm/extobject.h.pset_FLDX_0000
h 1 /sysinclude/xm/form.h c:/discover/prebuilt/learn/source/shared/sysinclude/xm/form.h_FLDX_1000 /sysinclude/xm/form.h c:/discover/prebuilt/learn/model/shared/pset/sysinclude/xm/form.h.pset_FLDX_0000
h 1 /sysinclude/xm/frame.h c:/discover/prebuilt/learn/source/shared/sysinclude/xm/frame.h_FLDX_1000 /sysinclude/xm/frame.h c:/discover/prebuilt/learn/model/shared/pset/sysinclude/xm/frame.h.pset_FLDX_0000
h 1 /sysinclude/xm/label.h c:/discover/prebuilt/learn/source/shared/sysinclude/xm/label.h_FLDX_1000 /sysinclude/xm/label.h c:/discover/prebuilt/learn/model/shared/pset/sysinclude/xm/label.h.pset_FLDX_0000
h 1 /sysinclude/xm/mainw.h c:/discover/prebuilt/learn/source/shared/sysinclude/xm/mainw.h_FLDX_1000 /sysinclude/xm/mainw.h c:/discover/prebuilt/learn/model/shared/pset/sysinclude/xm/mainw.h.pset_FLDX_0000
h 1 /sysinclude/xm/pushb.h c:/discover/prebuilt/learn/source/shared/sysinclude/xm/pushb.h_FLDX_1000 /sysinclude/xm/pushb.h c:/discover/prebuilt/learn/model/shared/pset/sysinclude/xm/pushb.h.pset_FLDX_0000
h 1 /sysinclude/xm/rowcolumn.h c:/discover/prebuilt/learn/source/shared/sysinclude/xm/rowcolumn.h_FLDX_1000 /sysinclude/xm/rowcolumn.h c:/discover/prebuilt/learn/model/shared/pset/sysinclude/xm/rowcolumn.h.pset_FLDX_0000
h 1 /sysinclude/xm/scrolledw.h c:/discover/prebuilt/learn/source/shared/sysinclude/xm/scrolledw.h_FLDX_1000 /sysinclude/xm/scrolledw.h c:/discover/prebuilt/learn/model/shared/pset/sysinclude/xm/scrolledw.h.pset_FLDX_0000
h 1 /sysinclude/xm/traversal.h c:/discover/prebuilt/learn/source/shared/sysinclude/xm/traversal.h_FLDX_1000 /sysinclude/xm/traversal.h c:/discover/prebuilt/learn/model/shared/pset/sysinclude/xm/traversal.h.pset_FLDX_0000
h 1 /sysinclude/xm/vendore.h c:/discover/prebuilt/learn/source/shared/sysinclude/xm/vendore.h_FLDX_1000 /sysinclude/xm/vendore.h c:/discover/prebuilt/learn/model/shared/pset/sysinclude/xm/vendore.h.pset_FLDX_0000
h 1 /sysinclude/xm/virtkeys.h c:/discover/prebuilt/learn/source/shared/sysinclude/xm/virtkeys.h_FLDX_1000 /sysinclude/xm/virtkeys.h c:/discover/prebuilt/learn/model/shared/pset/sysinclude/xm/virtkeys.h.pset_FLDX_0000
h 1 /sysinclude/xm/xm.h c:/discover/prebuilt/learn/source/shared/sysinclude/xm/xm.h_FLDX_1000 /sysinclude/xm/xm.h c:/discover/prebuilt/learn/model/shared/pset/sysinclude/xm/xm.h.pset_FLDX_0000
h 1 /sysinclude/xm/xmp.h c:/discover/prebuilt/learn/source/shared/sysinclude/xm/xmp.h_FLDX_1000 /sysinclude/xm/xmp.h c:/discover/prebuilt/learn/model/shared/pset/sysinclude/xm/xmp.h.pset_FLDX_0000
