c:/discover/prebuilt/learn/source/shared/xip/doc/requirements.doc
c:/discover/prebuilt/learn/source/shared/xip/include/canvas.h
c:/discover/prebuilt/learn/source/shared/xip/include/dt.h
c:/discover/prebuilt/learn/source/shared/xip/include/externals.h
c:/discover/prebuilt/learn/source/shared/xip/include/extra.h
c:/discover/prebuilt/learn/source/shared/xip/include/extra2.h
c:/discover/prebuilt/learn/source/shared/xip/include/image_win.h
c:/discover/prebuilt/learn/source/shared/xip/include/stage.h
c:/discover/prebuilt/learn/source/shared/xip/include/xip.h
c:/discover/prebuilt/learn/source/shared/xip/src/canvas.c
c:/discover/prebuilt/learn/source/shared/xip/src/color.c
c:/discover/prebuilt/learn/source/shared/xip/src/fonts.c
c:/discover/prebuilt/learn/source/shared/xip/src/image_win.c
c:/discover/prebuilt/learn/source/shared/xip/src/init.c
c:/discover/prebuilt/learn/source/shared/xip/src/pipeline.c
c:/discover/prebuilt/learn/source/shared/xip/src/stage.c
c:/discover/prebuilt/learn/source/shared/xip/src/xip.c
c:/discover/prebuilt/learn/source/shared/ttt/doc/requirements.doc
c:/discover/prebuilt/learn/source/shared/ttt/doc/specification.doc
c:/discover/prebuilt/learn/source/shared/ttt/include/application.h
c:/discover/prebuilt/learn/source/shared/ttt/include/board.h
c:/discover/prebuilt/learn/source/shared/ttt/include/color.h
c:/discover/prebuilt/learn/source/shared/ttt/include/display.h
c:/discover/prebuilt/learn/source/shared/ttt/include/displayapp.h
c:/discover/prebuilt/learn/source/shared/ttt/include/displayboard.h
c:/discover/prebuilt/learn/source/shared/ttt/include/displaybutton.h
c:/discover/prebuilt/learn/source/shared/ttt/include/displaycontrol.h
c:/discover/prebuilt/learn/source/shared/ttt/include/displayscore.h
c:/discover/prebuilt/learn/source/shared/ttt/include/displaysquare.h
c:/discover/prebuilt/learn/source/shared/ttt/include/displaystatus.h
c:/discover/prebuilt/learn/source/shared/ttt/include/displaytictactoegame.h
c:/discover/prebuilt/learn/source/shared/ttt/include/functypes.h
c:/discover/prebuilt/learn/source/shared/ttt/include/game.h
c:/discover/prebuilt/learn/source/shared/ttt/include/gameboard.h
c:/discover/prebuilt/learn/source/shared/ttt/include/history.h
c:/discover/prebuilt/learn/source/shared/ttt/include/humanplayer.h
c:/discover/prebuilt/learn/source/shared/ttt/include/location.h
c:/discover/prebuilt/learn/source/shared/ttt/include/main.h
c:/discover/prebuilt/learn/source/shared/ttt/include/move.h
c:/discover/prebuilt/learn/source/shared/ttt/include/mycomputerplayer.h
c:/discover/prebuilt/learn/source/shared/ttt/include/player.h
c:/discover/prebuilt/learn/source/shared/ttt/include/square.h
c:/discover/prebuilt/learn/source/shared/ttt/include/tictactoegame.h
c:/discover/prebuilt/learn/source/shared/ttt/include/tictactoemove.h
c:/discover/prebuilt/learn/source/shared/ttt/include/x11_intrinsic.h
c:/discover/prebuilt/learn/source/shared/ttt/src/application.cpp
c:/discover/prebuilt/learn/source/shared/ttt/src/board.cpp
c:/discover/prebuilt/learn/source/shared/ttt/src/color.cpp
c:/discover/prebuilt/learn/source/shared/ttt/src/display.cpp
c:/discover/prebuilt/learn/source/shared/ttt/src/displayapp.cpp
c:/discover/prebuilt/learn/source/shared/ttt/src/displayboard.cpp
c:/discover/prebuilt/learn/source/shared/ttt/src/displaybutton.cpp
c:/discover/prebuilt/learn/source/shared/ttt/src/displaycontrol.cpp
c:/discover/prebuilt/learn/source/shared/ttt/src/displaysquare.cpp
c:/discover/prebuilt/learn/source/shared/ttt/src/displaystatus.cpp
c:/discover/prebuilt/learn/source/shared/ttt/src/game.cpp
c:/discover/prebuilt/learn/source/shared/ttt/src/gameboard.cpp
c:/discover/prebuilt/learn/source/shared/ttt/src/history.cpp
c:/discover/prebuilt/learn/source/shared/ttt/src/humanplayer.cpp
c:/discover/prebuilt/learn/source/shared/ttt/src/location.cpp
c:/discover/prebuilt/learn/source/shared/ttt/src/main.cpp
c:/discover/prebuilt/learn/source/shared/ttt/src/move.cpp
c:/discover/prebuilt/learn/source/shared/ttt/src/mycomputerplayer.cpp
c:/discover/prebuilt/learn/source/shared/ttt/src/player.cpp
c:/discover/prebuilt/learn/source/shared/ttt/src/square.cpp
c:/discover/prebuilt/learn/source/shared/ttt/src/tictactoegame.cpp
c:/discover/prebuilt/learn/source/shared/ttt/src/tictactoemove.cpp
c:/discover/prebuilt/learn/source/shared/sysinclude/_g_config.h
c:/discover/prebuilt/learn/source/shared/sysinclude/iostream.h
c:/discover/prebuilt/learn/source/shared/sysinclude/libio.h
c:/discover/prebuilt/learn/source/shared/sysinclude/mrm/mrmappl.h
c:/discover/prebuilt/learn/source/shared/sysinclude/mrm/mrmdecls.h
c:/discover/prebuilt/learn/source/shared/sysinclude/mrm/mrmpublic.h
c:/discover/prebuilt/learn/source/shared/sysinclude/stdarg.h
c:/discover/prebuilt/learn/source/shared/sysinclude/stddef.h
c:/discover/prebuilt/learn/source/shared/sysinclude/stdio.h
c:/discover/prebuilt/learn/source/shared/sysinclude/stdlib.h
c:/discover/prebuilt/learn/source/shared/sysinclude/streambuf.h
c:/discover/prebuilt/learn/source/shared/sysinclude/string.h
c:/discover/prebuilt/learn/source/shared/sysinclude/sys/fcntl.h
c:/discover/prebuilt/learn/source/shared/sysinclude/sys/fcntlcom.h
c:/discover/prebuilt/learn/source/shared/sysinclude/sys/stat.h
c:/discover/prebuilt/learn/source/shared/sysinclude/sys/stdtypes.h
c:/discover/prebuilt/learn/source/shared/sysinclude/sys/types.h
c:/discover/prebuilt/learn/source/shared/sysinclude/time.h
c:/discover/prebuilt/learn/source/shared/sysinclude/va-sparc.h
c:/discover/prebuilt/learn/source/shared/sysinclude/x11/composite.h
c:/discover/prebuilt/learn/source/shared/sysinclude/x11/compositep.h
c:/discover/prebuilt/learn/source/shared/sysinclude/x11/constrainp.h
c:/discover/prebuilt/learn/source/shared/sysinclude/x11/constraint.h
c:/discover/prebuilt/learn/source/shared/sysinclude/x11/core.h
c:/discover/prebuilt/learn/source/shared/sysinclude/x11/corep.h
c:/discover/prebuilt/learn/source/shared/sysinclude/x11/intrinsic.h
c:/discover/prebuilt/learn/source/shared/sysinclude/x11/intrinsicp.h
c:/discover/prebuilt/learn/source/shared/sysinclude/x11/object.h
c:/discover/prebuilt/learn/source/shared/sysinclude/x11/objectp.h
c:/discover/prebuilt/learn/source/shared/sysinclude/x11/rectobj.h
c:/discover/prebuilt/learn/source/shared/sysinclude/x11/rectobjp.h
c:/discover/prebuilt/learn/source/shared/sysinclude/x11/shell.h
c:/discover/prebuilt/learn/source/shared/sysinclude/x11/shellp.h
c:/discover/prebuilt/learn/source/shared/sysinclude/x11/stringdefs.h
c:/discover/prebuilt/learn/source/shared/sysinclude/x11/vendor.h
c:/discover/prebuilt/learn/source/shared/sysinclude/x11/vendorp.h
c:/discover/prebuilt/learn/source/shared/sysinclude/x11/x.h
c:/discover/prebuilt/learn/source/shared/sysinclude/x11/xfuncproto.h
c:/discover/prebuilt/learn/source/shared/sysinclude/x11/xlib.h
c:/discover/prebuilt/learn/source/shared/sysinclude/x11/xosdefs.h
c:/discover/prebuilt/learn/source/shared/sysinclude/x11/xresource.h
c:/discover/prebuilt/learn/source/shared/sysinclude/x11/xutil.h
c:/discover/prebuilt/learn/source/shared/sysinclude/xm/baseclassi.h
c:/discover/prebuilt/learn/source/shared/sysinclude/xm/bulletinb.h
c:/discover/prebuilt/learn/source/shared/sysinclude/xm/drawnb.h
c:/discover/prebuilt/learn/source/shared/sysinclude/xm/extobject.h
c:/discover/prebuilt/learn/source/shared/sysinclude/xm/form.h
c:/discover/prebuilt/learn/source/shared/sysinclude/xm/frame.h
c:/discover/prebuilt/learn/source/shared/sysinclude/xm/label.h
c:/discover/prebuilt/learn/source/shared/sysinclude/xm/mainw.h
c:/discover/prebuilt/learn/source/shared/sysinclude/xm/pushb.h
c:/discover/prebuilt/learn/source/shared/sysinclude/xm/rowcolumn.h
c:/discover/prebuilt/learn/source/shared/sysinclude/xm/scrolledw.h
c:/discover/prebuilt/learn/source/shared/sysinclude/xm/traversal.h
c:/discover/prebuilt/learn/source/shared/sysinclude/xm/vendore.h
c:/discover/prebuilt/learn/source/shared/sysinclude/xm/virtkeys.h
c:/discover/prebuilt/learn/source/shared/sysinclude/xm/xm.h
c:/discover/prebuilt/learn/source/shared/sysinclude/xm/xmp.h
