c_drive/program files/swemancipation/prebuilt/source/xerces/javax/xml/parsers/documentbuilder.java
c_drive/program files/swemancipation/prebuilt/source/xerces/javax/xml/parsers/documentbuilderfactory.java
c_drive/program files/swemancipation/prebuilt/source/xerces/javax/xml/parsers/factoryconfigurationerror.java
c_drive/program files/swemancipation/prebuilt/source/xerces/javax/xml/parsers/parserconfigurationexception.java
c_drive/program files/swemancipation/prebuilt/source/xerces/javax/xml/parsers/saxparser.java
c_drive/program files/swemancipation/prebuilt/source/xerces/javax/xml/parsers/saxparserfactory.java
c_drive/program files/swemancipation/prebuilt/source/xerces/org/apache/wml/wmlaccesselement.java
c_drive/program files/swemancipation/prebuilt/source/xerces/org/apache/wml/wmlaelement.java
c_drive/program files/swemancipation/prebuilt/source/xerces/org/apache/wml/wmlanchorelement.java
c_drive/program files/swemancipation/prebuilt/source/xerces/org/apache/wml/wmlbelement.java
c_drive/program files/swemancipation/prebuilt/source/xerces/org/apache/wml/wmlbigelement.java
c_drive/program files/swemancipation/prebuilt/source/xerces/org/apache/wml/wmlbrelement.java
c_drive/program files/swemancipation/prebuilt/source/xerces/org/apache/wml/wmlcardelement.java
c_drive/program files/swemancipation/prebuilt/source/xerces/org/apache/wml/wmldocument.java
c_drive/program files/swemancipation/prebuilt/source/xerces/org/apache/wml/wmldoelement.java
c_drive/program files/swemancipation/prebuilt/source/xerces/org/apache/wml/wmldomimplementation.java
c_drive/program files/swemancipation/prebuilt/source/xerces/org/apache/wml/wmlelement.java
c_drive/program files/swemancipation/prebuilt/source/xerces/org/apache/wml/wmlemelement.java
c_drive/program files/swemancipation/prebuilt/source/xerces/org/apache/wml/wmlfieldsetelement.java
c_drive/program files/swemancipation/prebuilt/source/xerces/org/apache/wml/wmlgoelement.java
c_drive/program files/swemancipation/prebuilt/source/xerces/org/apache/wml/wmlheadelement.java
c_drive/program files/swemancipation/prebuilt/source/xerces/org/apache/wml/wmlielement.java
c_drive/program files/swemancipation/prebuilt/source/xerces/org/apache/wml/wmlimgelement.java
c_drive/program files/swemancipation/prebuilt/source/xerces/org/apache/wml/wmlinputelement.java
c_drive/program files/swemancipation/prebuilt/source/xerces/org/apache/wml/wmlmetaelement.java
c_drive/program files/swemancipation/prebuilt/source/xerces/org/apache/wml/wmlnoopelement.java
c_drive/program files/swemancipation/prebuilt/source/xerces/org/apache/wml/wmloneventelement.java
c_drive/program files/swemancipation/prebuilt/source/xerces/org/apache/wml/wmloptgroupelement.java
c_drive/program files/swemancipation/prebuilt/source/xerces/org/apache/wml/wmloptionelement.java
c_drive/program files/swemancipation/prebuilt/source/xerces/org/apache/wml/wmlpelement.java
c_drive/program files/swemancipation/prebuilt/source/xerces/org/apache/wml/wmlpostfieldelement.java
c_drive/program files/swemancipation/prebuilt/source/xerces/org/apache/wml/wmlprevelement.java
c_drive/program files/swemancipation/prebuilt/source/xerces/org/apache/wml/wmlrefreshelement.java
c_drive/program files/swemancipation/prebuilt/source/xerces/org/apache/wml/wmlselectelement.java
c_drive/program files/swemancipation/prebuilt/source/xerces/org/apache/wml/wmlsetvarelement.java
c_drive/program files/swemancipation/prebuilt/source/xerces/org/apache/wml/wmlsmallelement.java
c_drive/program files/swemancipation/prebuilt/source/xerces/org/apache/wml/wmlstrongelement.java
c_drive/program files/swemancipation/prebuilt/source/xerces/org/apache/wml/wmltableelement.java
c_drive/program files/swemancipation/prebuilt/source/xerces/org/apache/wml/wmltdelement.java
c_drive/program files/swemancipation/prebuilt/source/xerces/org/apache/wml/wmltemplateelement.java
c_drive/program files/swemancipation/prebuilt/source/xerces/org/apache/wml/wmltimerelement.java
c_drive/program files/swemancipation/prebuilt/source/xerces/org/apache/wml/wmltrelement.java
c_drive/program files/swemancipation/prebuilt/source/xerces/org/apache/wml/wmluelement.java
c_drive/program files/swemancipation/prebuilt/source/xerces/org/apache/wml/wmlwmlelement.java
c_drive/program files/swemancipation/prebuilt/source/xerces/org/w3c/dom/attr.java
c_drive/program files/swemancipation/prebuilt/source/xerces/org/w3c/dom/cdatasection.java
c_drive/program files/swemancipation/prebuilt/source/xerces/org/w3c/dom/characterdata.java
c_drive/program files/swemancipation/prebuilt/source/xerces/org/w3c/dom/comment.java
c_drive/program files/swemancipation/prebuilt/source/xerces/org/w3c/dom/document.java
c_drive/program files/swemancipation/prebuilt/source/xerces/org/w3c/dom/documentfragment.java
c_drive/program files/swemancipation/prebuilt/source/xerces/org/w3c/dom/documenttype.java
c_drive/program files/swemancipation/prebuilt/source/xerces/org/w3c/dom/domexception.java
c_drive/program files/swemancipation/prebuilt/source/xerces/org/w3c/dom/domimplementation.java
c_drive/program files/swemancipation/prebuilt/source/xerces/org/w3c/dom/element.java
c_drive/program files/swemancipation/prebuilt/source/xerces/org/w3c/dom/entity.java
c_drive/program files/swemancipation/prebuilt/source/xerces/org/w3c/dom/entityreference.java
c_drive/program files/swemancipation/prebuilt/source/xerces/org/w3c/dom/namednodemap.java
c_drive/program files/swemancipation/prebuilt/source/xerces/org/w3c/dom/node.java
c_drive/program files/swemancipation/prebuilt/source/xerces/org/w3c/dom/nodelist.java
c_drive/program files/swemancipation/prebuilt/source/xerces/org/w3c/dom/notation.java
c_drive/program files/swemancipation/prebuilt/source/xerces/org/w3c/dom/processinginstruction.java
c_drive/program files/swemancipation/prebuilt/source/xerces/org/w3c/dom/text.java
c_drive/program files/swemancipation/prebuilt/source/xerces/org/xml/sax/attributelist.java
c_drive/program files/swemancipation/prebuilt/source/xerces/org/xml/sax/attributes.java
c_drive/program files/swemancipation/prebuilt/source/xerces/org/xml/sax/contenthandler.java
c_drive/program files/swemancipation/prebuilt/source/xerces/org/xml/sax/documenthandler.java
c_drive/program files/swemancipation/prebuilt/source/xerces/org/xml/sax/dtdhandler.java
c_drive/program files/swemancipation/prebuilt/source/xerces/org/xml/sax/entityresolver.java
c_drive/program files/swemancipation/prebuilt/source/xerces/org/xml/sax/errorhandler.java
c_drive/program files/swemancipation/prebuilt/source/xerces/org/xml/sax/handlerbase.java
c_drive/program files/swemancipation/prebuilt/source/xerces/org/xml/sax/inputsource.java
c_drive/program files/swemancipation/prebuilt/source/xerces/org/xml/sax/locator.java
c_drive/program files/swemancipation/prebuilt/source/xerces/org/xml/sax/parser.java
c_drive/program files/swemancipation/prebuilt/source/xerces/org/xml/sax/saxexception.java
c_drive/program files/swemancipation/prebuilt/source/xerces/org/xml/sax/saxnotrecognizedexception.java
c_drive/program files/swemancipation/prebuilt/source/xerces/org/xml/sax/saxnotsupportedexception.java
c_drive/program files/swemancipation/prebuilt/source/xerces/org/xml/sax/saxparseexception.java
c_drive/program files/swemancipation/prebuilt/source/xerces/org/xml/sax/xmlfilter.java
c_drive/program files/swemancipation/prebuilt/source/xerces/org/xml/sax/xmlreader.java
c_drive/program files/swemancipation/prebuilt/source/xerces/org/apache/html/dom/htmlanchorelementimpl.java
c_drive/program files/swemancipation/prebuilt/source/xerces/org/apache/html/dom/htmlappletelementimpl.java
c_drive/program files/swemancipation/prebuilt/source/xerces/org/apache/html/dom/htmlareaelementimpl.java
c_drive/program files/swemancipation/prebuilt/source/xerces/org/apache/html/dom/htmlbaseelementimpl.java
c_drive/program files/swemancipation/prebuilt/source/xerces/org/apache/html/dom/htmlbasefontelementimpl.java
c_drive/program files/swemancipation/prebuilt/source/xerces/org/apache/html/dom/htmlbodyelementimpl.java
c_drive/program files/swemancipation/prebuilt/source/xerces/org/apache/html/dom/htmlbrelementimpl.java
c_drive/program files/swemancipation/prebuilt/source/xerces/org/apache/html/dom/htmlbuilder.java
c_drive/program files/swemancipation/prebuilt/source/xerces/org/apache/html/dom/htmlbuttonelementimpl.java
c_drive/program files/swemancipation/prebuilt/source/xerces/org/apache/html/dom/htmlcollectionimpl.java
c_drive/program files/swemancipation/prebuilt/source/xerces/org/apache/html/dom/htmldirectoryelementimpl.java
c_drive/program files/swemancipation/prebuilt/source/xerces/org/apache/html/dom/htmldivelementimpl.java
c_drive/program files/swemancipation/prebuilt/source/xerces/org/apache/html/dom/htmldlistelementimpl.java
c_drive/program files/swemancipation/prebuilt/source/xerces/org/apache/html/dom/htmldocumentimpl.java
c_drive/program files/swemancipation/prebuilt/source/xerces/org/apache/html/dom/htmldomimplementationimpl.java
c_drive/program files/swemancipation/prebuilt/source/xerces/org/apache/html/dom/htmlelementimpl.java
c_drive/program files/swemancipation/prebuilt/source/xerces/org/apache/html/dom/htmlfieldsetelementimpl.java
c_drive/program files/swemancipation/prebuilt/source/xerces/org/apache/html/dom/htmlfontelementimpl.java
c_drive/program files/swemancipation/prebuilt/source/xerces/org/apache/html/dom/htmlformcontrol.java
c_drive/program files/swemancipation/prebuilt/source/xerces/org/apache/html/dom/htmlformelementimpl.java
c_drive/program files/swemancipation/prebuilt/source/xerces/org/apache/html/dom/htmlframeelementimpl.java
c_drive/program files/swemancipation/prebuilt/source/xerces/org/apache/html/dom/htmlframesetelementimpl.java
c_drive/program files/swemancipation/prebuilt/source/xerces/org/apache/html/dom/htmlheadelementimpl.java
c_drive/program files/swemancipation/prebuilt/source/xerces/org/apache/html/dom/htmlheadingelementimpl.java
c_drive/program files/swemancipation/prebuilt/source/xerces/org/apache/html/dom/htmlhrelementimpl.java
c_drive/program files/swemancipation/prebuilt/source/xerces/org/apache/html/dom/htmlhtmlelementimpl.java
c_drive/program files/swemancipation/prebuilt/source/xerces/org/apache/html/dom/htmliframeelementimpl.java
c_drive/program files/swemancipation/prebuilt/source/xerces/org/apache/html/dom/htmlimageelementimpl.java
c_drive/program files/swemancipation/prebuilt/source/xerces/org/apache/html/dom/htmlinputelementimpl.java
c_drive/program files/swemancipation/prebuilt/source/xerces/org/apache/html/dom/htmlisindexelementimpl.java
c_drive/program files/swemancipation/prebuilt/source/xerces/org/apache/html/dom/htmllabelelementimpl.java
c_drive/program files/swemancipation/prebuilt/source/xerces/org/apache/html/dom/htmllegendelementimpl.java
c_drive/program files/swemancipation/prebuilt/source/xerces/org/apache/html/dom/htmllielementimpl.java
c_drive/program files/swemancipation/prebuilt/source/xerces/org/apache/html/dom/htmllinkelementimpl.java
c_drive/program files/swemancipation/prebuilt/source/xerces/org/apache/html/dom/htmlmapelementimpl.java
c_drive/program files/swemancipation/prebuilt/source/xerces/org/apache/html/dom/htmlmenuelementimpl.java
c_drive/program files/swemancipation/prebuilt/source/xerces/org/apache/html/dom/htmlmetaelementimpl.java
c_drive/program files/swemancipation/prebuilt/source/xerces/org/apache/html/dom/htmlmodelementimpl.java
c_drive/program files/swemancipation/prebuilt/source/xerces/org/apache/html/dom/htmlobjectelementimpl.java
c_drive/program files/swemancipation/prebuilt/source/xerces/org/apache/html/dom/htmlolistelementimpl.java
c_drive/program files/swemancipation/prebuilt/source/xerces/org/apache/html/dom/htmloptgroupelementimpl.java
c_drive/program files/swemancipation/prebuilt/source/xerces/org/apache/html/dom/htmloptionelementimpl.java
c_drive/program files/swemancipation/prebuilt/source/xerces/org/apache/html/dom/htmlparagraphelementimpl.java
c_drive/program files/swemancipation/prebuilt/source/xerces/org/apache/html/dom/htmlparamelementimpl.java
c_drive/program files/swemancipation/prebuilt/source/xerces/org/apache/html/dom/htmlpreelementimpl.java
c_drive/program files/swemancipation/prebuilt/source/xerces/org/apache/html/dom/htmlquoteelementimpl.java
c_drive/program files/swemancipation/prebuilt/source/xerces/org/apache/html/dom/htmlscriptelementimpl.java
c_drive/program files/swemancipation/prebuilt/source/xerces/org/apache/html/dom/htmlselectelementimpl.java
c_drive/program files/swemancipation/prebuilt/source/xerces/org/apache/html/dom/htmlstyleelementimpl.java
c_drive/program files/swemancipation/prebuilt/source/xerces/org/apache/html/dom/htmltablecaptionelementimpl.java
c_drive/program files/swemancipation/prebuilt/source/xerces/org/apache/html/dom/htmltablecellelementimpl.java
c_drive/program files/swemancipation/prebuilt/source/xerces/org/apache/html/dom/htmltablecolelementimpl.java
c_drive/program files/swemancipation/prebuilt/source/xerces/org/apache/html/dom/htmltableelementimpl.java
c_drive/program files/swemancipation/prebuilt/source/xerces/org/apache/html/dom/htmltablerowelementimpl.java
c_drive/program files/swemancipation/prebuilt/source/xerces/org/apache/html/dom/htmltablesectionelementimpl.java
c_drive/program files/swemancipation/prebuilt/source/xerces/org/apache/html/dom/htmltextareaelementimpl.java
c_drive/program files/swemancipation/prebuilt/source/xerces/org/apache/html/dom/htmltitleelementimpl.java
c_drive/program files/swemancipation/prebuilt/source/xerces/org/apache/html/dom/htmlulistelementimpl.java
c_drive/program files/swemancipation/prebuilt/source/xerces/org/apache/html/dom/namenodelistimpl.java
c_drive/program files/swemancipation/prebuilt/source/xerces/org/apache/wml/dom/wmlaccesselementimpl.java
c_drive/program files/swemancipation/prebuilt/source/xerces/org/apache/wml/dom/wmlaelementimpl.java
c_drive/program files/swemancipation/prebuilt/source/xerces/org/apache/wml/dom/wmlanchorelementimpl.java
c_drive/program files/swemancipation/prebuilt/source/xerces/org/apache/wml/dom/wmlbelementimpl.java
c_drive/program files/swemancipation/prebuilt/source/xerces/org/apache/wml/dom/wmlbigelementimpl.java
c_drive/program files/swemancipation/prebuilt/source/xerces/org/apache/wml/dom/wmlbrelementimpl.java
c_drive/program files/swemancipation/prebuilt/source/xerces/org/apache/wml/dom/wmlcardelementimpl.java
c_drive/program files/swemancipation/prebuilt/source/xerces/org/apache/wml/dom/wmldocumentimpl.java
c_drive/program files/swemancipation/prebuilt/source/xerces/org/apache/wml/dom/wmldoelementimpl.java
c_drive/program files/swemancipation/prebuilt/source/xerces/org/apache/wml/dom/wmldomimplementationimpl.java
c_drive/program files/swemancipation/prebuilt/source/xerces/org/apache/wml/dom/wmlelementimpl.java
c_drive/program files/swemancipation/prebuilt/source/xerces/org/apache/wml/dom/wmlemelementimpl.java
c_drive/program files/swemancipation/prebuilt/source/xerces/org/apache/wml/dom/wmlfieldsetelementimpl.java
c_drive/program files/swemancipation/prebuilt/source/xerces/org/apache/wml/dom/wmlgoelementimpl.java
c_drive/program files/swemancipation/prebuilt/source/xerces/org/apache/wml/dom/wmlheadelementimpl.java
c_drive/program files/swemancipation/prebuilt/source/xerces/org/apache/wml/dom/wmlielementimpl.java
c_drive/program files/swemancipation/prebuilt/source/xerces/org/apache/wml/dom/wmlimgelementimpl.java
c_drive/program files/swemancipation/prebuilt/source/xerces/org/apache/wml/dom/wmlinputelementimpl.java
c_drive/program files/swemancipation/prebuilt/source/xerces/org/apache/wml/dom/wmlmetaelementimpl.java
c_drive/program files/swemancipation/prebuilt/source/xerces/org/apache/wml/dom/wmlnoopelementimpl.java
c_drive/program files/swemancipation/prebuilt/source/xerces/org/apache/wml/dom/wmloneventelementimpl.java
c_drive/program files/swemancipation/prebuilt/source/xerces/org/apache/wml/dom/wmloptgroupelementimpl.java
c_drive/program files/swemancipation/prebuilt/source/xerces/org/apache/wml/dom/wmloptionelementimpl.java
c_drive/program files/swemancipation/prebuilt/source/xerces/org/apache/wml/dom/wmlpelementimpl.java
c_drive/program files/swemancipation/prebuilt/source/xerces/org/apache/wml/dom/wmlpostfieldelementimpl.java
c_drive/program files/swemancipation/prebuilt/source/xerces/org/apache/wml/dom/wmlprevelementimpl.java
c_drive/program files/swemancipation/prebuilt/source/xerces/org/apache/wml/dom/wmlrefreshelementimpl.java
c_drive/program files/swemancipation/prebuilt/source/xerces/org/apache/wml/dom/wmlselectelementimpl.java
c_drive/program files/swemancipation/prebuilt/source/xerces/org/apache/wml/dom/wmlsetvarelementimpl.java
c_drive/program files/swemancipation/prebuilt/source/xerces/org/apache/wml/dom/wmlsmallelementimpl.java
c_drive/program files/swemancipation/prebuilt/source/xerces/org/apache/wml/dom/wmlstrongelementimpl.java
c_drive/program files/swemancipation/prebuilt/source/xerces/org/apache/wml/dom/wmltableelementimpl.java
c_drive/program files/swemancipation/prebuilt/source/xerces/org/apache/wml/dom/wmltdelementimpl.java
c_drive/program files/swemancipation/prebuilt/source/xerces/org/apache/wml/dom/wmltemplateelementimpl.java
c_drive/program files/swemancipation/prebuilt/source/xerces/org/apache/wml/dom/wmltimerelementimpl.java
c_drive/program files/swemancipation/prebuilt/source/xerces/org/apache/wml/dom/wmltrelementimpl.java
c_drive/program files/swemancipation/prebuilt/source/xerces/org/apache/wml/dom/wmluelementimpl.java
c_drive/program files/swemancipation/prebuilt/source/xerces/org/apache/wml/dom/wmlwmlelementimpl.java
c_drive/program files/swemancipation/prebuilt/source/xerces/org/apache/xerces/dom/attributemap.java
c_drive/program files/swemancipation/prebuilt/source/xerces/org/apache/xerces/dom/attrimpl.java
c_drive/program files/swemancipation/prebuilt/source/xerces/org/apache/xerces/dom/attrnsimpl.java
c_drive/program files/swemancipation/prebuilt/source/xerces/org/apache/xerces/dom/cdatasectionimpl.java
c_drive/program files/swemancipation/prebuilt/source/xerces/org/apache/xerces/dom/characterdataimpl.java
c_drive/program files/swemancipation/prebuilt/source/xerces/org/apache/xerces/dom/childnode.java
c_drive/program files/swemancipation/prebuilt/source/xerces/org/apache/xerces/dom/commentimpl.java
c_drive/program files/swemancipation/prebuilt/source/xerces/org/apache/xerces/dom/deepnodelistimpl.java
c_drive/program files/swemancipation/prebuilt/source/xerces/org/apache/xerces/dom/deferredattrimpl.java
c_drive/program files/swemancipation/prebuilt/source/xerces/org/apache/xerces/dom/deferredattrnsimpl.java
c_drive/program files/swemancipation/prebuilt/source/xerces/org/apache/xerces/dom/deferredcdatasectionimpl.java
c_drive/program files/swemancipation/prebuilt/source/xerces/org/apache/xerces/dom/deferredcommentimpl.java
c_drive/program files/swemancipation/prebuilt/source/xerces/org/apache/xerces/dom/deferreddocumentimpl.java
c_drive/program files/swemancipation/prebuilt/source/xerces/org/apache/xerces/dom/deferreddocumenttypeimpl.java
c_drive/program files/swemancipation/prebuilt/source/xerces/org/apache/xerces/dom/deferredelementdefinitionimpl.java
c_drive/program files/swemancipation/prebuilt/source/xerces/org/apache/xerces/dom/deferredelementimpl.java
c_drive/program files/swemancipation/prebuilt/source/xerces/org/apache/xerces/dom/deferredelementnsimpl.java
c_drive/program files/swemancipation/prebuilt/source/xerces/org/apache/xerces/dom/deferredentityimpl.java
c_drive/program files/swemancipation/prebuilt/source/xerces/org/apache/xerces/dom/deferredentityreferenceimpl.java
c_drive/program files/swemancipation/prebuilt/source/xerces/org/apache/xerces/dom/deferrednode.java
c_drive/program files/swemancipation/prebuilt/source/xerces/org/apache/xerces/dom/deferrednotationimpl.java
c_drive/program files/swemancipation/prebuilt/source/xerces/org/apache/xerces/dom/deferredprocessinginstructionimpl.java
c_drive/program files/swemancipation/prebuilt/source/xerces/org/apache/xerces/dom/deferredtextimpl.java
c_drive/program files/swemancipation/prebuilt/source/xerces/org/apache/xerces/dom/documentfragmentimpl.java
c_drive/program files/swemancipation/prebuilt/source/xerces/org/apache/xerces/dom/documentimpl.java
c_drive/program files/swemancipation/prebuilt/source/xerces/org/apache/xerces/dom/documenttypeimpl.java
c_drive/program files/swemancipation/prebuilt/source/xerces/org/apache/xerces/dom/domimplementationimpl.java
c_drive/program files/swemancipation/prebuilt/source/xerces/org/apache/xerces/dom/elementdefinitionimpl.java
c_drive/program files/swemancipation/prebuilt/source/xerces/org/apache/xerces/dom/elementimpl.java
c_drive/program files/swemancipation/prebuilt/source/xerces/org/apache/xerces/dom/elementnsimpl.java
c_drive/program files/swemancipation/prebuilt/source/xerces/org/apache/xerces/dom/entityimpl.java
c_drive/program files/swemancipation/prebuilt/source/xerces/org/apache/xerces/dom/entityreferenceimpl.java
c_drive/program files/swemancipation/prebuilt/source/xerces/org/apache/xerces/dom/lcount.java
c_drive/program files/swemancipation/prebuilt/source/xerces/org/apache/xerces/dom/namednodemapimpl.java
c_drive/program files/swemancipation/prebuilt/source/xerces/org/apache/xerces/dom/nodeimpl.java
c_drive/program files/swemancipation/prebuilt/source/xerces/org/apache/xerces/dom/nodeiteratorimpl.java
c_drive/program files/swemancipation/prebuilt/source/xerces/org/apache/xerces/dom/notationimpl.java
c_drive/program files/swemancipation/prebuilt/source/xerces/org/apache/xerces/dom/parentnode.java
c_drive/program files/swemancipation/prebuilt/source/xerces/org/apache/xerces/dom/processinginstructionimpl.java
c_drive/program files/swemancipation/prebuilt/source/xerces/org/apache/xerces/dom/rangeexceptionimpl.java
c_drive/program files/swemancipation/prebuilt/source/xerces/org/apache/xerces/dom/rangeimpl.java
c_drive/program files/swemancipation/prebuilt/source/xerces/org/apache/xerces/dom/textimpl.java
c_drive/program files/swemancipation/prebuilt/source/xerces/org/apache/xerces/dom/treewalkerimpl.java
c_drive/program files/swemancipation/prebuilt/source/xerces/org/apache/xerces/domx/xgrammarwriter.java
c_drive/program files/swemancipation/prebuilt/source/xerces/org/apache/xerces/framework/version.java
c_drive/program files/swemancipation/prebuilt/source/xerces/org/apache/xerces/framework/xmlattrlist.java
c_drive/program files/swemancipation/prebuilt/source/xerces/org/apache/xerces/framework/xmlcontentspec.java
c_drive/program files/swemancipation/prebuilt/source/xerces/org/apache/xerces/framework/xmldocumenthandler.java
c_drive/program files/swemancipation/prebuilt/source/xerces/org/apache/xerces/framework/xmldocumentscanner.java
c_drive/program files/swemancipation/prebuilt/source/xerces/org/apache/xerces/framework/xmldtdscanner.java
c_drive/program files/swemancipation/prebuilt/source/xerces/org/apache/xerces/framework/xmlerrorreporter.java
c_drive/program files/swemancipation/prebuilt/source/xerces/org/apache/xerces/framework/xmlparser.java
c_drive/program files/swemancipation/prebuilt/source/xerces/org/apache/xerces/jaxp/defaultvalidationerrorhandler.java
c_drive/program files/swemancipation/prebuilt/source/xerces/org/apache/xerces/jaxp/documentbuilderfactoryimpl.java
c_drive/program files/swemancipation/prebuilt/source/xerces/org/apache/xerces/jaxp/documentbuilderimpl.java
c_drive/program files/swemancipation/prebuilt/source/xerces/org/apache/xerces/jaxp/saxparserfactoryimpl.java
c_drive/program files/swemancipation/prebuilt/source/xerces/org/apache/xerces/jaxp/saxparserimpl.java
c_drive/program files/swemancipation/prebuilt/source/xerces/org/apache/xerces/msg/datatypemessages.java
c_drive/program files/swemancipation/prebuilt/source/xerces/org/apache/xerces/msg/exceptionmessages.java
c_drive/program files/swemancipation/prebuilt/source/xerces/org/apache/xerces/msg/exceptionmessageslocalizer.java
c_drive/program files/swemancipation/prebuilt/source/xerces/org/apache/xerces/msg/implementationmessages.java
c_drive/program files/swemancipation/prebuilt/source/xerces/org/apache/xerces/msg/schemamessages.java
c_drive/program files/swemancipation/prebuilt/source/xerces/org/apache/xerces/msg/xmlmessages.java
c_drive/program files/swemancipation/prebuilt/source/xerces/org/apache/xerces/parsers/domparser.java
c_drive/program files/swemancipation/prebuilt/source/xerces/org/apache/xerces/parsers/saxparser.java
c_drive/program files/swemancipation/prebuilt/source/xerces/org/apache/xerces/readers/abstractcharreader.java
c_drive/program files/swemancipation/prebuilt/source/xerces/org/apache/xerces/readers/charreader.java
c_drive/program files/swemancipation/prebuilt/source/xerces/org/apache/xerces/readers/defaultentityhandler.java
c_drive/program files/swemancipation/prebuilt/source/xerces/org/apache/xerces/readers/defaultreaderfactory.java
c_drive/program files/swemancipation/prebuilt/source/xerces/org/apache/xerces/readers/ebcdicrecognizer.java
c_drive/program files/swemancipation/prebuilt/source/xerces/org/apache/xerces/readers/mime2java.java
c_drive/program files/swemancipation/prebuilt/source/xerces/org/apache/xerces/readers/streamingcharreader.java
c_drive/program files/swemancipation/prebuilt/source/xerces/org/apache/xerces/readers/stringreader.java
c_drive/program files/swemancipation/prebuilt/source/xerces/org/apache/xerces/readers/ucsreader.java
c_drive/program files/swemancipation/prebuilt/source/xerces/org/apache/xerces/readers/ucsrecognizer.java
c_drive/program files/swemancipation/prebuilt/source/xerces/org/apache/xerces/readers/utf8charreader.java
c_drive/program files/swemancipation/prebuilt/source/xerces/org/apache/xerces/readers/utf8reader.java
c_drive/program files/swemancipation/prebuilt/source/xerces/org/apache/xerces/readers/utf8recognizer.java
c_drive/program files/swemancipation/prebuilt/source/xerces/org/apache/xerces/readers/xcatalog.java
c_drive/program files/swemancipation/prebuilt/source/xerces/org/apache/xerces/readers/xmlcataloghandler.java
c_drive/program files/swemancipation/prebuilt/source/xerces/org/apache/xerces/readers/xmldeclrecognizer.java
c_drive/program files/swemancipation/prebuilt/source/xerces/org/apache/xerces/readers/xmlentityhandler.java
c_drive/program files/swemancipation/prebuilt/source/xerces/org/apache/xerces/readers/xmlentityreader.java
c_drive/program files/swemancipation/prebuilt/source/xerces/org/apache/xerces/readers/xmlentityreaderfactory.java
c_drive/program files/swemancipation/prebuilt/source/xerces/org/apache/xerces/utils/base64.java
c_drive/program files/swemancipation/prebuilt/source/xerces/org/apache/xerces/utils/chardatachunk.java
c_drive/program files/swemancipation/prebuilt/source/xerces/org/apache/xerces/utils/chunkybytearray.java
c_drive/program files/swemancipation/prebuilt/source/xerces/org/apache/xerces/utils/chunkychararray.java
c_drive/program files/swemancipation/prebuilt/source/xerces/org/apache/xerces/utils/hash2inttable.java
c_drive/program files/swemancipation/prebuilt/source/xerces/org/apache/xerces/utils/hexbin.java
c_drive/program files/swemancipation/prebuilt/source/xerces/org/apache/xerces/utils/implementationmessages.java
c_drive/program files/swemancipation/prebuilt/source/xerces/org/apache/xerces/utils/intstack.java
c_drive/program files/swemancipation/prebuilt/source/xerces/org/apache/xerces/utils/iso8601format.java
c_drive/program files/swemancipation/prebuilt/source/xerces/org/apache/xerces/utils/namespacesscope.java
c_drive/program files/swemancipation/prebuilt/source/xerces/org/apache/xerces/utils/qname.java
c_drive/program files/swemancipation/prebuilt/source/xerces/org/apache/xerces/utils/stringhasher.java
c_drive/program files/swemancipation/prebuilt/source/xerces/org/apache/xerces/utils/stringpool.java
c_drive/program files/swemancipation/prebuilt/source/xerces/org/apache/xerces/utils/symbolcache.java
c_drive/program files/swemancipation/prebuilt/source/xerces/org/apache/xerces/utils/uri.java
c_drive/program files/swemancipation/prebuilt/source/xerces/org/apache/xerces/utils/utf8datachunk.java
c_drive/program files/swemancipation/prebuilt/source/xerces/org/apache/xerces/utils/xmlcharacterproperties.java
c_drive/program files/swemancipation/prebuilt/source/xerces/org/apache/xerces/utils/xmlmessageprovider.java
c_drive/program files/swemancipation/prebuilt/source/xerces/org/apache/xerces/utils/xmlmessages.java
c_drive/program files/swemancipation/prebuilt/source/xerces/org/apache/xml/serialize/basemarkupserializer.java
c_drive/program files/swemancipation/prebuilt/source/xerces/org/apache/xml/serialize/domserializer.java
c_drive/program files/swemancipation/prebuilt/source/xerces/org/apache/xml/serialize/elementstate.java
c_drive/program files/swemancipation/prebuilt/source/xerces/org/apache/xml/serialize/encodinginfo.java
c_drive/program files/swemancipation/prebuilt/source/xerces/org/apache/xml/serialize/encodings.java
c_drive/program files/swemancipation/prebuilt/source/xerces/org/apache/xml/serialize/htmldtd.java
c_drive/program files/swemancipation/prebuilt/source/xerces/org/apache/xml/serialize/htmlserializer.java
c_drive/program files/swemancipation/prebuilt/source/xerces/org/apache/xml/serialize/indentprinter.java
c_drive/program files/swemancipation/prebuilt/source/xerces/org/apache/xml/serialize/lineseparator.java
c_drive/program files/swemancipation/prebuilt/source/xerces/org/apache/xml/serialize/method.java
c_drive/program files/swemancipation/prebuilt/source/xerces/org/apache/xml/serialize/outputformat.java
c_drive/program files/swemancipation/prebuilt/source/xerces/org/apache/xml/serialize/printer.java
c_drive/program files/swemancipation/prebuilt/source/xerces/org/apache/xml/serialize/serializer.java
c_drive/program files/swemancipation/prebuilt/source/xerces/org/apache/xml/serialize/serializerfactory.java
c_drive/program files/swemancipation/prebuilt/source/xerces/org/apache/xml/serialize/serializerfactoryimpl.java
c_drive/program files/swemancipation/prebuilt/source/xerces/org/apache/xml/serialize/sieveencodinginfo.java
c_drive/program files/swemancipation/prebuilt/source/xerces/org/apache/xml/serialize/textserializer.java
c_drive/program files/swemancipation/prebuilt/source/xerces/org/apache/xml/serialize/xhtmlserializer.java
c_drive/program files/swemancipation/prebuilt/source/xerces/org/apache/xml/serialize/xmlserializer.java
c_drive/program files/swemancipation/prebuilt/source/xerces/org/w3c/dom/events/documentevent.java
c_drive/program files/swemancipation/prebuilt/source/xerces/org/w3c/dom/events/event.java
c_drive/program files/swemancipation/prebuilt/source/xerces/org/w3c/dom/events/eventexception.java
c_drive/program files/swemancipation/prebuilt/source/xerces/org/w3c/dom/events/eventlistener.java
c_drive/program files/swemancipation/prebuilt/source/xerces/org/w3c/dom/events/eventtarget.java
c_drive/program files/swemancipation/prebuilt/source/xerces/org/w3c/dom/events/mutationevent.java
c_drive/program files/swemancipation/prebuilt/source/xerces/org/w3c/dom/html/htmlanchorelement.java
c_drive/program files/swemancipation/prebuilt/source/xerces/org/w3c/dom/html/htmlappletelement.java
c_drive/program files/swemancipation/prebuilt/source/xerces/org/w3c/dom/html/htmlareaelement.java
c_drive/program files/swemancipation/prebuilt/source/xerces/org/w3c/dom/html/htmlbaseelement.java
c_drive/program files/swemancipation/prebuilt/source/xerces/org/w3c/dom/html/htmlbasefontelement.java
c_drive/program files/swemancipation/prebuilt/source/xerces/org/w3c/dom/html/htmlbodyelement.java
c_drive/program files/swemancipation/prebuilt/source/xerces/org/w3c/dom/html/htmlbrelement.java
c_drive/program files/swemancipation/prebuilt/source/xerces/org/w3c/dom/html/htmlbuttonelement.java
c_drive/program files/swemancipation/prebuilt/source/xerces/org/w3c/dom/html/htmlcollection.java
c_drive/program files/swemancipation/prebuilt/source/xerces/org/w3c/dom/html/htmldirectoryelement.java
c_drive/program files/swemancipation/prebuilt/source/xerces/org/w3c/dom/html/htmldivelement.java
c_drive/program files/swemancipation/prebuilt/source/xerces/org/w3c/dom/html/htmldlistelement.java
c_drive/program files/swemancipation/prebuilt/source/xerces/org/w3c/dom/html/htmldocument.java
c_drive/program files/swemancipation/prebuilt/source/xerces/org/w3c/dom/html/htmldomimplementation.java
c_drive/program files/swemancipation/prebuilt/source/xerces/org/w3c/dom/html/htmlelement.java
c_drive/program files/swemancipation/prebuilt/source/xerces/org/w3c/dom/html/htmlfieldsetelement.java
c_drive/program files/swemancipation/prebuilt/source/xerces/org/w3c/dom/html/htmlfontelement.java
c_drive/program files/swemancipation/prebuilt/source/xerces/org/w3c/dom/html/htmlformelement.java
c_drive/program files/swemancipation/prebuilt/source/xerces/org/w3c/dom/html/htmlframeelement.java
c_drive/program files/swemancipation/prebuilt/source/xerces/org/w3c/dom/html/htmlframesetelement.java
c_drive/program files/swemancipation/prebuilt/source/xerces/org/w3c/dom/html/htmlheadelement.java
c_drive/program files/swemancipation/prebuilt/source/xerces/org/w3c/dom/html/htmlheadingelement.java
c_drive/program files/swemancipation/prebuilt/source/xerces/org/w3c/dom/html/htmlhrelement.java
c_drive/program files/swemancipation/prebuilt/source/xerces/org/w3c/dom/html/htmlhtmlelement.java
c_drive/program files/swemancipation/prebuilt/source/xerces/org/w3c/dom/html/htmliframeelement.java
c_drive/program files/swemancipation/prebuilt/source/xerces/org/w3c/dom/html/htmlimageelement.java
c_drive/program files/swemancipation/prebuilt/source/xerces/org/w3c/dom/html/htmlinputelement.java
c_drive/program files/swemancipation/prebuilt/source/xerces/org/w3c/dom/html/htmlisindexelement.java
c_drive/program files/swemancipation/prebuilt/source/xerces/org/w3c/dom/html/htmllabelelement.java
c_drive/program files/swemancipation/prebuilt/source/xerces/org/w3c/dom/html/htmllegendelement.java
c_drive/program files/swemancipation/prebuilt/source/xerces/org/w3c/dom/html/htmllielement.java
c_drive/program files/swemancipation/prebuilt/source/xerces/org/w3c/dom/html/htmllinkelement.java
c_drive/program files/swemancipation/prebuilt/source/xerces/org/w3c/dom/html/htmlmapelement.java
c_drive/program files/swemancipation/prebuilt/source/xerces/org/w3c/dom/html/htmlmenuelement.java
c_drive/program files/swemancipation/prebuilt/source/xerces/org/w3c/dom/html/htmlmetaelement.java
c_drive/program files/swemancipation/prebuilt/source/xerces/org/w3c/dom/html/htmlmodelement.java
c_drive/program files/swemancipation/prebuilt/source/xerces/org/w3c/dom/html/htmlobjectelement.java
c_drive/program files/swemancipation/prebuilt/source/xerces/org/w3c/dom/html/htmlolistelement.java
c_drive/program files/swemancipation/prebuilt/source/xerces/org/w3c/dom/html/htmloptgroupelement.java
c_drive/program files/swemancipation/prebuilt/source/xerces/org/w3c/dom/html/htmloptionelement.java
c_drive/program files/swemancipation/prebuilt/source/xerces/org/w3c/dom/html/htmlparagraphelement.java
c_drive/program files/swemancipation/prebuilt/source/xerces/org/w3c/dom/html/htmlparamelement.java
c_drive/program files/swemancipation/prebuilt/source/xerces/org/w3c/dom/html/htmlpreelement.java
c_drive/program files/swemancipation/prebuilt/source/xerces/org/w3c/dom/html/htmlquoteelement.java
c_drive/program files/swemancipation/prebuilt/source/xerces/org/w3c/dom/html/htmlscriptelement.java
c_drive/program files/swemancipation/prebuilt/source/xerces/org/w3c/dom/html/htmlselectelement.java
c_drive/program files/swemancipation/prebuilt/source/xerces/org/w3c/dom/html/htmlstyleelement.java
c_drive/program files/swemancipation/prebuilt/source/xerces/org/w3c/dom/html/htmltablecaptionelement.java
c_drive/program files/swemancipation/prebuilt/source/xerces/org/w3c/dom/html/htmltablecellelement.java
c_drive/program files/swemancipation/prebuilt/source/xerces/org/w3c/dom/html/htmltablecolelement.java
c_drive/program files/swemancipation/prebuilt/source/xerces/org/w3c/dom/html/htmltableelement.java
c_drive/program files/swemancipation/prebuilt/source/xerces/org/w3c/dom/html/htmltablerowelement.java
c_drive/program files/swemancipation/prebuilt/source/xerces/org/w3c/dom/html/htmltablesectionelement.java
c_drive/program files/swemancipation/prebuilt/source/xerces/org/w3c/dom/html/htmltextareaelement.java
c_drive/program files/swemancipation/prebuilt/source/xerces/org/w3c/dom/html/htmltitleelement.java
c_drive/program files/swemancipation/prebuilt/source/xerces/org/w3c/dom/html/htmlulistelement.java
c_drive/program files/swemancipation/prebuilt/source/xerces/org/w3c/dom/ranges/documentrange.java
c_drive/program files/swemancipation/prebuilt/source/xerces/org/w3c/dom/ranges/range.java
c_drive/program files/swemancipation/prebuilt/source/xerces/org/w3c/dom/ranges/rangeexception.java
c_drive/program files/swemancipation/prebuilt/source/xerces/org/w3c/dom/traversal/documenttraversal.java
c_drive/program files/swemancipation/prebuilt/source/xerces/org/w3c/dom/traversal/nodefilter.java
c_drive/program files/swemancipation/prebuilt/source/xerces/org/w3c/dom/traversal/nodeiterator.java
c_drive/program files/swemancipation/prebuilt/source/xerces/org/w3c/dom/traversal/treewalker.java
c_drive/program files/swemancipation/prebuilt/source/xerces/org/xml/sax/ext/declhandler.java
c_drive/program files/swemancipation/prebuilt/source/xerces/org/xml/sax/ext/lexicalhandler.java
c_drive/program files/swemancipation/prebuilt/source/xerces/org/xml/sax/helpers/attributelistimpl.java
c_drive/program files/swemancipation/prebuilt/source/xerces/org/xml/sax/helpers/attributesimpl.java
c_drive/program files/swemancipation/prebuilt/source/xerces/org/xml/sax/helpers/defaulthandler.java
c_drive/program files/swemancipation/prebuilt/source/xerces/org/xml/sax/helpers/locatorimpl.java
c_drive/program files/swemancipation/prebuilt/source/xerces/org/xml/sax/helpers/namespacesupport.java
c_drive/program files/swemancipation/prebuilt/source/xerces/org/xml/sax/helpers/parseradapter.java
c_drive/program files/swemancipation/prebuilt/source/xerces/org/xml/sax/helpers/parserfactory.java
c_drive/program files/swemancipation/prebuilt/source/xerces/org/xml/sax/helpers/xmlfilterimpl.java
c_drive/program files/swemancipation/prebuilt/source/xerces/org/xml/sax/helpers/xmlreaderadapter.java
c_drive/program files/swemancipation/prebuilt/source/xerces/org/xml/sax/helpers/xmlreaderfactory.java
c_drive/program files/swemancipation/prebuilt/source/xerces/org/apache/xerces/dom/events/eventimpl.java
c_drive/program files/swemancipation/prebuilt/source/xerces/org/apache/xerces/dom/events/mutationeventimpl.java
c_drive/program files/swemancipation/prebuilt/source/xerces/org/apache/xerces/utils/regex/bmpattern.java
c_drive/program files/swemancipation/prebuilt/source/xerces/org/apache/xerces/utils/regex/match.java
c_drive/program files/swemancipation/prebuilt/source/xerces/org/apache/xerces/utils/regex/op.java
c_drive/program files/swemancipation/prebuilt/source/xerces/org/apache/xerces/utils/regex/parseexception.java
c_drive/program files/swemancipation/prebuilt/source/xerces/org/apache/xerces/utils/regex/parserforxmlschema.java
c_drive/program files/swemancipation/prebuilt/source/xerces/org/apache/xerces/utils/regex/rangetoken.java
c_drive/program files/swemancipation/prebuilt/source/xerces/org/apache/xerces/utils/regex/regexparser.java
c_drive/program files/swemancipation/prebuilt/source/xerces/org/apache/xerces/utils/regex/regularexpression.java
c_drive/program files/swemancipation/prebuilt/source/xerces/org/apache/xerces/utils/regex/reutil.java
c_drive/program files/swemancipation/prebuilt/source/xerces/org/apache/xerces/utils/regex/token.java
c_drive/program files/swemancipation/prebuilt/source/xerces/org/apache/xerces/validators/common/allcontentmodel.java
c_drive/program files/swemancipation/prebuilt/source/xerces/org/apache/xerces/validators/common/cmany.java
c_drive/program files/swemancipation/prebuilt/source/xerces/org/apache/xerces/validators/common/cmbinop.java
c_drive/program files/swemancipation/prebuilt/source/xerces/org/apache/xerces/validators/common/cmexception.java
c_drive/program files/swemancipation/prebuilt/source/xerces/org/apache/xerces/validators/common/cmleaf.java
c_drive/program files/swemancipation/prebuilt/source/xerces/org/apache/xerces/validators/common/cmnode.java
c_drive/program files/swemancipation/prebuilt/source/xerces/org/apache/xerces/validators/common/cmstateset.java
c_drive/program files/swemancipation/prebuilt/source/xerces/org/apache/xerces/validators/common/cmuniop.java
c_drive/program files/swemancipation/prebuilt/source/xerces/org/apache/xerces/validators/common/contentleafnametypevector.java
c_drive/program files/swemancipation/prebuilt/source/xerces/org/apache/xerces/validators/common/dfacontentmodel.java
c_drive/program files/swemancipation/prebuilt/source/xerces/org/apache/xerces/validators/common/elementwildcard.java
c_drive/program files/swemancipation/prebuilt/source/xerces/org/apache/xerces/validators/common/grammar.java
c_drive/program files/swemancipation/prebuilt/source/xerces/org/apache/xerces/validators/common/grammarresolver.java
c_drive/program files/swemancipation/prebuilt/source/xerces/org/apache/xerces/validators/common/grammarresolverimpl.java
c_drive/program files/swemancipation/prebuilt/source/xerces/org/apache/xerces/validators/common/insertableelementsinfo.java
c_drive/program files/swemancipation/prebuilt/source/xerces/org/apache/xerces/validators/common/mixedcontentmodel.java
c_drive/program files/swemancipation/prebuilt/source/xerces/org/apache/xerces/validators/common/simplecontentmodel.java
c_drive/program files/swemancipation/prebuilt/source/xerces/org/apache/xerces/validators/common/xmlattributedecl.java
c_drive/program files/swemancipation/prebuilt/source/xerces/org/apache/xerces/validators/common/xmlcontentmodel.java
c_drive/program files/swemancipation/prebuilt/source/xerces/org/apache/xerces/validators/common/xmlelementdecl.java
c_drive/program files/swemancipation/prebuilt/source/xerces/org/apache/xerces/validators/common/xmlvalidator.java
c_drive/program files/swemancipation/prebuilt/source/xerces/org/apache/xerces/validators/datatype/abstractdatatypevalidator.java
c_drive/program files/swemancipation/prebuilt/source/xerces/org/apache/xerces/validators/datatype/abstractnumericfacetvalidator.java
c_drive/program files/swemancipation/prebuilt/source/xerces/org/apache/xerces/validators/datatype/abstractnumericvalidator.java
c_drive/program files/swemancipation/prebuilt/source/xerces/org/apache/xerces/validators/datatype/abstractstringvalidator.java
c_drive/program files/swemancipation/prebuilt/source/xerces/org/apache/xerces/validators/datatype/anyuridatatypevalidator.java
c_drive/program files/swemancipation/prebuilt/source/xerces/org/apache/xerces/validators/datatype/base64binarydatatypevalidator.java
c_drive/program files/swemancipation/prebuilt/source/xerces/org/apache/xerces/validators/datatype/booleandatatypevalidator.java
c_drive/program files/swemancipation/prebuilt/source/xerces/org/apache/xerces/validators/datatype/datatypemessageprovider.java
c_drive/program files/swemancipation/prebuilt/source/xerces/org/apache/xerces/validators/datatype/datatypevalidator.java
c_drive/program files/swemancipation/prebuilt/source/xerces/org/apache/xerces/validators/datatype/datatypevalidatorfactory.java
c_drive/program files/swemancipation/prebuilt/source/xerces/org/apache/xerces/validators/datatype/datatypevalidatorfactoryimpl.java
c_drive/program files/swemancipation/prebuilt/source/xerces/org/apache/xerces/validators/datatype/datedatatypevalidator.java
c_drive/program files/swemancipation/prebuilt/source/xerces/org/apache/xerces/validators/datatype/datetimedatatypevalidator.java
c_drive/program files/swemancipation/prebuilt/source/xerces/org/apache/xerces/validators/datatype/datetimevalidator.java
c_drive/program files/swemancipation/prebuilt/source/xerces/org/apache/xerces/validators/datatype/daydatatypevalidator.java
c_drive/program files/swemancipation/prebuilt/source/xerces/org/apache/xerces/validators/datatype/decimaldatatypevalidator.java
c_drive/program files/swemancipation/prebuilt/source/xerces/org/apache/xerces/validators/datatype/doubledatatypevalidator.java
c_drive/program files/swemancipation/prebuilt/source/xerces/org/apache/xerces/validators/datatype/durationdatatypevalidator.java
c_drive/program files/swemancipation/prebuilt/source/xerces/org/apache/xerces/validators/datatype/entitydatatypevalidator.java
c_drive/program files/swemancipation/prebuilt/source/xerces/org/apache/xerces/validators/datatype/floatdatatypevalidator.java
c_drive/program files/swemancipation/prebuilt/source/xerces/org/apache/xerces/validators/datatype/hexbinarydatatypevalidator.java
c_drive/program files/swemancipation/prebuilt/source/xerces/org/apache/xerces/validators/datatype/iddatatypevalidator.java
c_drive/program files/swemancipation/prebuilt/source/xerces/org/apache/xerces/validators/datatype/idrefdatatypevalidator.java
c_drive/program files/swemancipation/prebuilt/source/xerces/org/apache/xerces/validators/datatype/invaliddatatypefacetexception.java
c_drive/program files/swemancipation/prebuilt/source/xerces/org/apache/xerces/validators/datatype/invaliddatatypevalueexception.java
c_drive/program files/swemancipation/prebuilt/source/xerces/org/apache/xerces/validators/datatype/listdatatypevalidator.java
c_drive/program files/swemancipation/prebuilt/source/xerces/org/apache/xerces/validators/datatype/monthdatatypevalidator.java
c_drive/program files/swemancipation/prebuilt/source/xerces/org/apache/xerces/validators/datatype/monthdaydatatypevalidator.java
c_drive/program files/swemancipation/prebuilt/source/xerces/org/apache/xerces/validators/datatype/notationdatatypevalidator.java
c_drive/program files/swemancipation/prebuilt/source/xerces/org/apache/xerces/validators/datatype/qnamedatatypevalidator.java
c_drive/program files/swemancipation/prebuilt/source/xerces/org/apache/xerces/validators/datatype/schemadatetimeexception.java
c_drive/program files/swemancipation/prebuilt/source/xerces/org/apache/xerces/validators/datatype/statemessagedatatype.java
c_drive/program files/swemancipation/prebuilt/source/xerces/org/apache/xerces/validators/datatype/stringdatatypevalidator.java
c_drive/program files/swemancipation/prebuilt/source/xerces/org/apache/xerces/validators/datatype/timedatatypevalidator.java
c_drive/program files/swemancipation/prebuilt/source/xerces/org/apache/xerces/validators/datatype/uniondatatypevalidator.java
c_drive/program files/swemancipation/prebuilt/source/xerces/org/apache/xerces/validators/datatype/xmlexception.java
c_drive/program files/swemancipation/prebuilt/source/xerces/org/apache/xerces/validators/datatype/yeardatatypevalidator.java
c_drive/program files/swemancipation/prebuilt/source/xerces/org/apache/xerces/validators/datatype/yearmonthdatatypevalidator.java
c_drive/program files/swemancipation/prebuilt/source/xerces/org/apache/xerces/validators/dtd/dtdgrammar.java
c_drive/program files/swemancipation/prebuilt/source/xerces/org/apache/xerces/validators/schema/generalattrcheck.java
c_drive/program files/swemancipation/prebuilt/source/xerces/org/apache/xerces/validators/schema/schemagrammar.java
c_drive/program files/swemancipation/prebuilt/source/xerces/org/apache/xerces/validators/schema/schemamessageprovider.java
c_drive/program files/swemancipation/prebuilt/source/xerces/org/apache/xerces/validators/schema/schemasymbols.java
c_drive/program files/swemancipation/prebuilt/source/xerces/org/apache/xerces/validators/schema/substitutiongroupcomparator.java
c_drive/program files/swemancipation/prebuilt/source/xerces/org/apache/xerces/validators/schema/traverseschema.java
c_drive/program files/swemancipation/prebuilt/source/xerces/org/apache/xerces/validators/schema/xutil.java
c_drive/program files/swemancipation/prebuilt/source/xerces/org/apache/xerces/validators/schema/identity/field.java
c_drive/program files/swemancipation/prebuilt/source/xerces/org/apache/xerces/validators/schema/identity/fieldactivator.java
c_drive/program files/swemancipation/prebuilt/source/xerces/org/apache/xerces/validators/schema/identity/identityconstraint.java
c_drive/program files/swemancipation/prebuilt/source/xerces/org/apache/xerces/validators/schema/identity/idvalue.java
c_drive/program files/swemancipation/prebuilt/source/xerces/org/apache/xerces/validators/schema/identity/key.java
c_drive/program files/swemancipation/prebuilt/source/xerces/org/apache/xerces/validators/schema/identity/keyref.java
c_drive/program files/swemancipation/prebuilt/source/xerces/org/apache/xerces/validators/schema/identity/selector.java
c_drive/program files/swemancipation/prebuilt/source/xerces/org/apache/xerces/validators/schema/identity/unique.java
c_drive/program files/swemancipation/prebuilt/source/xerces/org/apache/xerces/validators/schema/identity/valuestore.java
c_drive/program files/swemancipation/prebuilt/source/xerces/org/apache/xerces/validators/schema/identity/xpath.java
c_drive/program files/swemancipation/prebuilt/source/xerces/org/apache/xerces/validators/schema/identity/xpathexception.java
c_drive/program files/swemancipation/prebuilt/source/xerces/org/apache/xerces/validators/schema/identity/xpathmatcher.java
