#project_name:ROOT
$sharedSrcRoot/org/apache/xerces/dom/treewalkerimpl.java	1043322576	java	$sharedSrcRoot	--package_name "org.apache.xerces.dom"  -w --jdk --classpath "$PSETHOME/jre/lib/rt.jar;$sharedSrcRoot"
$sharedSrcRoot/org/xml/sax/attributes.java	1043322584	java	$sharedSrcRoot	--package_name "org.xml.sax"  -w --jdk --classpath "$PSETHOME/jre/lib/rt.jar;$sharedSrcRoot"
$sharedSrcRoot/org/w3c/dom/html/htmliframeelement.java	1043322582	java	$sharedSrcRoot	--package_name "org.w3c.dom.html"  -w --jdk --classpath "$PSETHOME/jre/lib/rt.jar;$sharedSrcRoot"
$sharedSrcRoot/org/w3c/dom/html/htmlparagraphelement.java	1043322582	java	$sharedSrcRoot	--package_name "org.w3c.dom.html"  -w --jdk --classpath "$PSETHOME/jre/lib/rt.jar;$sharedSrcRoot"
$sharedSrcRoot/org/apache/wml/wmlcardelement.java	1043322574	java	$sharedSrcRoot	--package_name "org.apache.wml"  -w --jdk --classpath "$PSETHOME/jre/lib/rt.jar;$sharedSrcRoot"
$sharedSrcRoot/org/apache/html/dom/htmllegendelementimpl.java	1043322574	java	$sharedSrcRoot	--package_name "org.apache.html.dom"  -w --jdk --classpath "$PSETHOME/jre/lib/rt.jar;$sharedSrcRoot"
$sharedSrcRoot/org/apache/xerces/parsers/domparser.java	1043322578	java	$sharedSrcRoot	--package_name "org.apache.xerces.parsers"  -w --jdk --classpath "$PSETHOME/jre/lib/rt.jar;$sharedSrcRoot"
$sharedSrcRoot/org/apache/wml/wmldomimplementation.java	1043322574	java	$sharedSrcRoot	--package_name "org.apache.wml"  -w --jdk --classpath "$PSETHOME/jre/lib/rt.jar;$sharedSrcRoot"
$sharedSrcRoot/org/apache/wml/wmlstrongelement.java	1043322574	java	$sharedSrcRoot	--package_name "org.apache.wml"  -w --jdk --classpath "$PSETHOME/jre/lib/rt.jar;$sharedSrcRoot"
$sharedSrcRoot/org/apache/xml/serialize/method.java	1043322582	java	$sharedSrcRoot	--package_name "org.apache.xml.serialize"  -w --jdk --classpath "$PSETHOME/jre/lib/rt.jar;$sharedSrcRoot"
$sharedSrcRoot/org/apache/html/dom/htmlisindexelementimpl.java	1043322574	java	$sharedSrcRoot	--package_name "org.apache.html.dom"  -w --jdk --classpath "$PSETHOME/jre/lib/rt.jar;$sharedSrcRoot"
$sharedSrcRoot/org/w3c/dom/documenttype.java	1043322582	java	$sharedSrcRoot	--package_name "org.w3c.dom"  -w --jdk --classpath "$PSETHOME/jre/lib/rt.jar;$sharedSrcRoot"
$sharedSrcRoot/org/apache/xml/serialize/printer.java	1043322582	java	$sharedSrcRoot	--package_name "org.apache.xml.serialize"  -w --jdk --classpath "$PSETHOME/jre/lib/rt.jar;$sharedSrcRoot"
$sharedSrcRoot/org/apache/xerces/validators/schema/identity/xpath.java	1043322580	java	$sharedSrcRoot	--package_name "org.apache.xerces.validators.schema.identity"  -w --jdk --classpath "$PSETHOME/jre/lib/rt.jar;$sharedSrcRoot"
$sharedSrcRoot/org/apache/xerces/dom/textimpl.java	1043322576	java	$sharedSrcRoot	--package_name "org.apache.xerces.dom"  -w --jdk --classpath "$PSETHOME/jre/lib/rt.jar;$sharedSrcRoot"
$sharedSrcRoot/org/apache/xerces/readers/xcatalog.java	1043322578	java	$sharedSrcRoot	--package_name "org.apache.xerces.readers"  -w --jdk --classpath "$PSETHOME/jre/lib/rt.jar;$sharedSrcRoot"
$sharedSrcRoot/org/apache/wml/dom/wmlmetaelementimpl.java	1043322574	java	$sharedSrcRoot	--package_name "org.apache.wml.dom"  -w --jdk --classpath "$PSETHOME/jre/lib/rt.jar;$sharedSrcRoot"
$sharedSrcRoot/org/apache/wml/dom/wmltableelementimpl.java	1043322574	java	$sharedSrcRoot	--package_name "org.apache.wml.dom"  -w --jdk --classpath "$PSETHOME/jre/lib/rt.jar;$sharedSrcRoot"
$sharedSrcRoot/org/w3c/dom/html/htmlappletelement.java	1043322582	java	$sharedSrcRoot	--package_name "org.w3c.dom.html"  -w --jdk --classpath "$PSETHOME/jre/lib/rt.jar;$sharedSrcRoot"
$sharedSrcRoot/org/w3c/dom/html/htmlmetaelement.java	1043322582	java	$sharedSrcRoot	--package_name "org.w3c.dom.html"  -w --jdk --classpath "$PSETHOME/jre/lib/rt.jar;$sharedSrcRoot"
$sharedSrcRoot/org/apache/xerces/dom/elementimpl.java	1043322576	java	$sharedSrcRoot	--package_name "org.apache.xerces.dom"  -w --jdk --classpath "$PSETHOME/jre/lib/rt.jar;$sharedSrcRoot"
$sharedSrcRoot/org/apache/html/dom/htmldlistelementimpl.java	1043322572	java	$sharedSrcRoot	--package_name "org.apache.html.dom"  -w --jdk --classpath "$PSETHOME/jre/lib/rt.jar;$sharedSrcRoot"
$sharedSrcRoot/org/apache/xerces/validators/datatype/stringdatatypevalidator.java	1043322580	java	$sharedSrcRoot	--package_name "org.apache.xerces.validators.datatype"  -w --jdk --classpath "$PSETHOME/jre/lib/rt.jar;$sharedSrcRoot"
$sharedSrcRoot/org/apache/xml/serialize/sieveencodinginfo.java	1043322582	java	$sharedSrcRoot	--package_name "org.apache.xml.serialize"  -w --jdk --classpath "$PSETHOME/jre/lib/rt.jar;$sharedSrcRoot"
$sharedSrcRoot/org/apache/xml/serialize/htmlserializer.java	1043322582	java	$sharedSrcRoot	--package_name "org.apache.xml.serialize"  -w --jdk --classpath "$PSETHOME/jre/lib/rt.jar;$sharedSrcRoot"
$sharedSrcRoot/org/apache/xerces/readers/mime2java.java	1043322578	java	$sharedSrcRoot	--package_name "org.apache.xerces.readers"  -w --jdk --classpath "$PSETHOME/jre/lib/rt.jar;$sharedSrcRoot"
$sharedSrcRoot/org/apache/wml/wmlaccesselement.java	1043322574	java	$sharedSrcRoot	--package_name "org.apache.wml"  -w --jdk --classpath "$PSETHOME/jre/lib/rt.jar;$sharedSrcRoot"
$sharedSrcRoot/org/apache/html/dom/htmlpreelementimpl.java	1043322574	java	$sharedSrcRoot	--package_name "org.apache.html.dom"  -w --jdk --classpath "$PSETHOME/jre/lib/rt.jar;$sharedSrcRoot"
$sharedSrcRoot/org/xml/sax/xmlreader.java	1043322584	java	$sharedSrcRoot	--package_name "org.xml.sax"  -w --jdk --classpath "$PSETHOME/jre/lib/rt.jar;$sharedSrcRoot"
$sharedSrcRoot/org/w3c/dom/html/htmllielement.java	1043322582	java	$sharedSrcRoot	--package_name "org.w3c.dom.html"  -w --jdk --classpath "$PSETHOME/jre/lib/rt.jar;$sharedSrcRoot"
$sharedSrcRoot/org/w3c/dom/html/htmlhtmlelement.java	1043322582	java	$sharedSrcRoot	--package_name "org.w3c.dom.html"  -w --jdk --classpath "$PSETHOME/jre/lib/rt.jar;$sharedSrcRoot"
$sharedSrcRoot/org/apache/xerces/dom/childnode.java	1043322576	java	$sharedSrcRoot	--package_name "org.apache.xerces.dom"  -w --jdk --classpath "$PSETHOME/jre/lib/rt.jar;$sharedSrcRoot"
$sharedSrcRoot/org/apache/xerces/validators/common/cmstateset.java	1043322578	java	$sharedSrcRoot	--package_name "org.apache.xerces.validators.common"  -w --jdk --classpath "$PSETHOME/jre/lib/rt.jar;$sharedSrcRoot"
$sharedSrcRoot/org/apache/xerces/dom/deferredattrimpl.java	1043322576	java	$sharedSrcRoot	--package_name "org.apache.xerces.dom"  -w --jdk --classpath "$PSETHOME/jre/lib/rt.jar;$sharedSrcRoot"
$sharedSrcRoot/org/apache/wml/wmlprevelement.java	1043322574	java	$sharedSrcRoot	--package_name "org.apache.wml"  -w --jdk --classpath "$PSETHOME/jre/lib/rt.jar;$sharedSrcRoot"
$sharedSrcRoot/org/apache/html/dom/htmlbasefontelementimpl.java	1043322572	java	$sharedSrcRoot	--package_name "org.apache.html.dom"  -w --jdk --classpath "$PSETHOME/jre/lib/rt.jar;$sharedSrcRoot"
$sharedSrcRoot/org/apache/xerces/validators/datatype/datatypevalidatorfactoryimpl.java	1043322580	java	$sharedSrcRoot	--package_name "org.apache.xerces.validators.datatype"  -w --jdk --classpath "$PSETHOME/jre/lib/rt.jar;$sharedSrcRoot"
$sharedSrcRoot/org/apache/xerces/readers/stringreader.java	1043322578	java	$sharedSrcRoot	--package_name "org.apache.xerces.readers"  -w --jdk --classpath "$PSETHOME/jre/lib/rt.jar;$sharedSrcRoot"
$sharedSrcRoot/org/apache/xerces/validators/schema/schemagrammar.java	1043322580	java	$sharedSrcRoot	--package_name "org.apache.xerces.validators.schema"  -w --jdk --classpath "$PSETHOME/jre/lib/rt.jar;$sharedSrcRoot"
$sharedSrcRoot/org/apache/xerces/dom/processinginstructionimpl.java	1043322576	java	$sharedSrcRoot	--package_name "org.apache.xerces.dom"  -w --jdk --classpath "$PSETHOME/jre/lib/rt.jar;$sharedSrcRoot"
$sharedSrcRoot/org/apache/wml/dom/wmloneventelementimpl.java	1043322574	java	$sharedSrcRoot	--package_name "org.apache.wml.dom"  -w --jdk --classpath "$PSETHOME/jre/lib/rt.jar;$sharedSrcRoot"
$sharedSrcRoot/org/apache/xerces/utils/xmlmessageprovider.java	1043322578	java	$sharedSrcRoot	--package_name "org.apache.xerces.utils"  -w --jdk --classpath "$PSETHOME/jre/lib/rt.jar;$sharedSrcRoot"
$sharedSrcRoot/org/apache/xerces/validators/datatype/invaliddatatypevalueexception.java	1043322580	java	$sharedSrcRoot	--package_name "org.apache.xerces.validators.datatype"  -w --jdk --classpath "$PSETHOME/jre/lib/rt.jar;$sharedSrcRoot"
$sharedSrcRoot/org/apache/html/dom/htmlobjectelementimpl.java	1043322574	java	$sharedSrcRoot	--package_name "org.apache.html.dom"  -w --jdk --classpath "$PSETHOME/jre/lib/rt.jar;$sharedSrcRoot"
$sharedSrcRoot/org/apache/wml/wmltrelement.java	1043322574	java	$sharedSrcRoot	--package_name "org.apache.wml"  -w --jdk --classpath "$PSETHOME/jre/lib/rt.jar;$sharedSrcRoot"
$sharedSrcRoot/org/xml/sax/saxparseexception.java	1043322584	java	$sharedSrcRoot	--package_name "org.xml.sax"  -w --jdk --classpath "$PSETHOME/jre/lib/rt.jar;$sharedSrcRoot"
$sharedSrcRoot/org/apache/xerces/validators/common/cmbinop.java	1043322578	java	$sharedSrcRoot	--package_name "org.apache.xerces.validators.common"  -w --jdk --classpath "$PSETHOME/jre/lib/rt.jar;$sharedSrcRoot"
$sharedSrcRoot/org/apache/xerces/dom/characterdataimpl.java	1043322576	java	$sharedSrcRoot	--package_name "org.apache.xerces.dom"  -w --jdk --classpath "$PSETHOME/jre/lib/rt.jar;$sharedSrcRoot"
$sharedSrcRoot/org/apache/wml/wmltableelement.java	1043322574	java	$sharedSrcRoot	--package_name "org.apache.wml"  -w --jdk --classpath "$PSETHOME/jre/lib/rt.jar;$sharedSrcRoot"
$sharedSrcRoot/org/xml/sax/dtdhandler.java	1043322584	java	$sharedSrcRoot	--package_name "org.xml.sax"  -w --jdk --classpath "$PSETHOME/jre/lib/rt.jar;$sharedSrcRoot"
$sharedSrcRoot/org/apache/xerces/validators/schema/identity/idvalue.java	1043322580	java	$sharedSrcRoot	--package_name "org.apache.xerces.validators.schema.identity"  -w --jdk --classpath "$PSETHOME/jre/lib/rt.jar;$sharedSrcRoot"
$sharedSrcRoot/org/apache/xerces/utils/xmlcharacterproperties.java	1043322578	java	$sharedSrcRoot	--package_name "org.apache.xerces.utils"  -w --jdk --classpath "$PSETHOME/jre/lib/rt.jar;$sharedSrcRoot"
$sharedSrcRoot/org/apache/xerces/framework/xmldocumenthandler.java	1043322576	java	$sharedSrcRoot	--package_name "org.apache.xerces.framework"  -w --jdk --classpath "$PSETHOME/jre/lib/rt.jar;$sharedSrcRoot"
$sharedSrcRoot/org/w3c/dom/html/htmltableelement.java	1043322582	java	$sharedSrcRoot	--package_name "org.w3c.dom.html"  -w --jdk --classpath "$PSETHOME/jre/lib/rt.jar;$sharedSrcRoot"
$sharedSrcRoot/org/apache/xerces/dom/deferrednotationimpl.java	1043322576	java	$sharedSrcRoot	--package_name "org.apache.xerces.dom"  -w --jdk --classpath "$PSETHOME/jre/lib/rt.jar;$sharedSrcRoot"
$sharedSrcRoot/org/apache/xerces/validators/datatype/doubledatatypevalidator.java	1043322580	java	$sharedSrcRoot	--package_name "org.apache.xerces.validators.datatype"  -w --jdk --classpath "$PSETHOME/jre/lib/rt.jar;$sharedSrcRoot"
$sharedSrcRoot/org/apache/wml/wmlpelement.java	1043322574	java	$sharedSrcRoot	--package_name "org.apache.wml"  -w --jdk --classpath "$PSETHOME/jre/lib/rt.jar;$sharedSrcRoot"
$sharedSrcRoot/org/apache/xerces/validators/datatype/listdatatypevalidator.java	1043322580	java	$sharedSrcRoot	--package_name "org.apache.xerces.validators.datatype"  -w --jdk --classpath "$PSETHOME/jre/lib/rt.jar;$sharedSrcRoot"
$sharedSrcRoot/org/apache/wml/dom/wmlinputelementimpl.java	1043322574	java	$sharedSrcRoot	--package_name "org.apache.wml.dom"  -w --jdk --classpath "$PSETHOME/jre/lib/rt.jar;$sharedSrcRoot"
$sharedSrcRoot/org/apache/wml/wmlemelement.java	1043322574	java	$sharedSrcRoot	--package_name "org.apache.wml"  -w --jdk --classpath "$PSETHOME/jre/lib/rt.jar;$sharedSrcRoot"
$sharedSrcRoot/org/w3c/dom/html/htmlstyleelement.java	1043322582	java	$sharedSrcRoot	--package_name "org.w3c.dom.html"  -w --jdk --classpath "$PSETHOME/jre/lib/rt.jar;$sharedSrcRoot"
$sharedSrcRoot/org/apache/xerces/validators/schema/identity/xpathexception.java	1043322580	java	$sharedSrcRoot	--package_name "org.apache.xerces.validators.schema.identity"  -w --jdk --classpath "$PSETHOME/jre/lib/rt.jar;$sharedSrcRoot"
$sharedSrcRoot/org/apache/xerces/dom/deferredcommentimpl.java	1043322576	java	$sharedSrcRoot	--package_name "org.apache.xerces.dom"  -w --jdk --classpath "$PSETHOME/jre/lib/rt.jar;$sharedSrcRoot"
$sharedSrcRoot/org/w3c/dom/html/htmlheadelement.java	1043322582	java	$sharedSrcRoot	--package_name "org.w3c.dom.html"  -w --jdk --classpath "$PSETHOME/jre/lib/rt.jar;$sharedSrcRoot"
$sharedSrcRoot/org/w3c/dom/html/htmlbasefontelement.java	1043322582	java	$sharedSrcRoot	--package_name "org.w3c.dom.html"  -w --jdk --classpath "$PSETHOME/jre/lib/rt.jar;$sharedSrcRoot"
$sharedSrcRoot/org/apache/xerces/jaxp/defaultvalidationerrorhandler.java	1043322576	java	$sharedSrcRoot	--package_name "org.apache.xerces.jaxp"  -w --jdk --classpath "$PSETHOME/jre/lib/rt.jar;$sharedSrcRoot"
$sharedSrcRoot/org/w3c/dom/html/htmlframesetelement.java	1043322582	java	$sharedSrcRoot	--package_name "org.w3c.dom.html"  -w --jdk --classpath "$PSETHOME/jre/lib/rt.jar;$sharedSrcRoot"
$sharedSrcRoot/org/apache/xerces/validators/common/cmuniop.java	1043322578	java	$sharedSrcRoot	--package_name "org.apache.xerces.validators.common"  -w --jdk --classpath "$PSETHOME/jre/lib/rt.jar;$sharedSrcRoot"
$sharedSrcRoot/org/apache/xml/serialize/textserializer.java	1043322582	java	$sharedSrcRoot	--package_name "org.apache.xml.serialize"  -w --jdk --classpath "$PSETHOME/jre/lib/rt.jar;$sharedSrcRoot"
$sharedSrcRoot/org/apache/xerces/utils/hexbin.java	1043322578	java	$sharedSrcRoot	--package_name "org.apache.xerces.utils"  -w --jdk --classpath "$PSETHOME/jre/lib/rt.jar;$sharedSrcRoot"
$sharedSrcRoot/org/apache/wml/dom/wmlstrongelementimpl.java	1043322574	java	$sharedSrcRoot	--package_name "org.apache.wml.dom"  -w --jdk --classpath "$PSETHOME/jre/lib/rt.jar;$sharedSrcRoot"
$sharedSrcRoot/org/apache/xerces/dom/deferredentityimpl.java	1043322576	java	$sharedSrcRoot	--package_name "org.apache.xerces.dom"  -w --jdk --classpath "$PSETHOME/jre/lib/rt.jar;$sharedSrcRoot"
$sharedSrcRoot/org/w3c/dom/document.java	1043322582	java	$sharedSrcRoot	--package_name "org.w3c.dom"  -w --jdk --classpath "$PSETHOME/jre/lib/rt.jar;$sharedSrcRoot"
$sharedSrcRoot/org/apache/wml/dom/wmlelementimpl.java	1043322574	java	$sharedSrcRoot	--package_name "org.apache.wml.dom"  -w --jdk --classpath "$PSETHOME/jre/lib/rt.jar;$sharedSrcRoot"
$sharedSrcRoot/org/apache/xerces/validators/schema/traverseschema.java	1043322580	java	$sharedSrcRoot	--package_name "org.apache.xerces.validators.schema"  -w --jdk --classpath "$PSETHOME/jre/lib/rt.jar;$sharedSrcRoot"
$sharedSrcRoot/org/apache/xerces/framework/xmlattrlist.java	1043322576	java	$sharedSrcRoot	--package_name "org.apache.xerces.framework"  -w --jdk --classpath "$PSETHOME/jre/lib/rt.jar;$sharedSrcRoot"
$sharedSrcRoot/org/apache/xerces/validators/datatype/invaliddatatypefacetexception.java	1043322580	java	$sharedSrcRoot	--package_name "org.apache.xerces.validators.datatype"  -w --jdk --classpath "$PSETHOME/jre/lib/rt.jar;$sharedSrcRoot"
$sharedSrcRoot/org/apache/xerces/utils/regex/token.java	1043322578	java	$sharedSrcRoot	--package_name "org.apache.xerces.utils.regex"  -w --jdk --classpath "$PSETHOME/jre/lib/rt.jar;$sharedSrcRoot"
$sharedSrcRoot/org/apache/html/dom/htmllabelelementimpl.java	1043322574	java	$sharedSrcRoot	--package_name "org.apache.html.dom"  -w --jdk --classpath "$PSETHOME/jre/lib/rt.jar;$sharedSrcRoot"
$sharedSrcRoot/org/apache/xerces/readers/utf8reader.java	1043322578	java	$sharedSrcRoot	--package_name "org.apache.xerces.readers"  -w --jdk --classpath "$PSETHOME/jre/lib/rt.jar;$sharedSrcRoot"
$sharedSrcRoot/org/w3c/dom/domexception.java	1043322582	java	$sharedSrcRoot	--package_name "org.w3c.dom"  -w --jdk --classpath "$PSETHOME/jre/lib/rt.jar;$sharedSrcRoot"
$sharedSrcRoot/org/apache/wml/dom/wmlrefreshelementimpl.java	1043322574	java	$sharedSrcRoot	--package_name "org.apache.wml.dom"  -w --jdk --classpath "$PSETHOME/jre/lib/rt.jar;$sharedSrcRoot"
$sharedSrcRoot/org/apache/wml/wmlinputelement.java	1043322574	java	$sharedSrcRoot	--package_name "org.apache.wml"  -w --jdk --classpath "$PSETHOME/jre/lib/rt.jar;$sharedSrcRoot"
$sharedSrcRoot/javax/xml/parsers/factoryconfigurationerror.java	1043322572	java	$sharedSrcRoot	--package_name "javax.xml.parsers"  -w --jdk --classpath "$PSETHOME/jre/lib/rt.jar;$sharedSrcRoot"
$sharedSrcRoot/org/xml/sax/inputsource.java	1043322584	java	$sharedSrcRoot	--package_name "org.xml.sax"  -w --jdk --classpath "$PSETHOME/jre/lib/rt.jar;$sharedSrcRoot"
$sharedSrcRoot/org/apache/xerces/validators/datatype/entitydatatypevalidator.java	1043322580	java	$sharedSrcRoot	--package_name "org.apache.xerces.validators.datatype"  -w --jdk --classpath "$PSETHOME/jre/lib/rt.jar;$sharedSrcRoot"
$sharedSrcRoot/org/w3c/dom/html/htmlinputelement.java	1043322582	java	$sharedSrcRoot	--package_name "org.w3c.dom.html"  -w --jdk --classpath "$PSETHOME/jre/lib/rt.jar;$sharedSrcRoot"
$sharedSrcRoot/org/w3c/dom/html/htmlparamelement.java	1043322582	java	$sharedSrcRoot	--package_name "org.w3c.dom.html"  -w --jdk --classpath "$PSETHOME/jre/lib/rt.jar;$sharedSrcRoot"
$sharedSrcRoot/org/apache/xerces/validators/datatype/booleandatatypevalidator.java	1043322580	java	$sharedSrcRoot	--package_name "org.apache.xerces.validators.datatype"  -w --jdk --classpath "$PSETHOME/jre/lib/rt.jar;$sharedSrcRoot"
$sharedSrcRoot/org/apache/xerces/dom/events/mutationeventimpl.java	1043322576	java	$sharedSrcRoot	--package_name "org.apache.xerces.dom.events"  -w --jdk --classpath "$PSETHOME/jre/lib/rt.jar;$sharedSrcRoot"
$sharedSrcRoot/org/w3c/dom/html/htmlmenuelement.java	1043322582	java	$sharedSrcRoot	--package_name "org.w3c.dom.html"  -w --jdk --classpath "$PSETHOME/jre/lib/rt.jar;$sharedSrcRoot"
$sharedSrcRoot/org/apache/html/dom/htmlbodyelementimpl.java	1043322572	java	$sharedSrcRoot	--package_name "org.apache.html.dom"  -w --jdk --classpath "$PSETHOME/jre/lib/rt.jar;$sharedSrcRoot"
$sharedSrcRoot/org/apache/wml/wmlnoopelement.java	1043322574	java	$sharedSrcRoot	--package_name "org.apache.wml"  -w --jdk --classpath "$PSETHOME/jre/lib/rt.jar;$sharedSrcRoot"
$sharedSrcRoot/org/apache/xerces/validators/common/xmlattributedecl.java	1043322580	java	$sharedSrcRoot	--package_name "org.apache.xerces.validators.common"  -w --jdk --classpath "$PSETHOME/jre/lib/rt.jar;$sharedSrcRoot"
$sharedSrcRoot/org/apache/wml/dom/wmlnoopelementimpl.java	1043322574	java	$sharedSrcRoot	--package_name "org.apache.wml.dom"  -w --jdk --classpath "$PSETHOME/jre/lib/rt.jar;$sharedSrcRoot"
$sharedSrcRoot/org/apache/wml/wmlimgelement.java	1043322574	java	$sharedSrcRoot	--package_name "org.apache.wml"  -w --jdk --classpath "$PSETHOME/jre/lib/rt.jar;$sharedSrcRoot"
$sharedSrcRoot/org/apache/xerces/validators/schema/xutil.java	1043322580	java	$sharedSrcRoot	--package_name "org.apache.xerces.validators.schema"  -w --jdk --classpath "$PSETHOME/jre/lib/rt.jar;$sharedSrcRoot"
$sharedSrcRoot/org/xml/sax/helpers/parseradapter.java	1043322584	java	$sharedSrcRoot	--package_name "org.xml.sax.helpers"  -w --jdk --classpath "$PSETHOME/jre/lib/rt.jar;$sharedSrcRoot"
$sharedSrcRoot/org/apache/xerces/dom/deferreddocumentimpl.java	1043322576	java	$sharedSrcRoot	--package_name "org.apache.xerces.dom"  -w --jdk --classpath "$PSETHOME/jre/lib/rt.jar;$sharedSrcRoot"
$sharedSrcRoot/org/w3c/dom/html/htmlmapelement.java	1043322582	java	$sharedSrcRoot	--package_name "org.w3c.dom.html"  -w --jdk --classpath "$PSETHOME/jre/lib/rt.jar;$sharedSrcRoot"
$sharedSrcRoot/org/apache/xerces/msg/exceptionmessageslocalizer.java	1043322578	java	$sharedSrcRoot	--package_name "org.apache.xerces.msg"  -w --jdk --classpath "$PSETHOME/jre/lib/rt.jar;$sharedSrcRoot"
$sharedSrcRoot/org/apache/xerces/dom/documenttypeimpl.java	1043322576	java	$sharedSrcRoot	--package_name "org.apache.xerces.dom"  -w --jdk --classpath "$PSETHOME/jre/lib/rt.jar;$sharedSrcRoot"
$sharedSrcRoot/org/apache/xerces/validators/common/mixedcontentmodel.java	1043322580	java	$sharedSrcRoot	--package_name "org.apache.xerces.validators.common"  -w --jdk --classpath "$PSETHOME/jre/lib/rt.jar;$sharedSrcRoot"
$sharedSrcRoot/org/w3c/dom/html/htmltablerowelement.java	1043322582	java	$sharedSrcRoot	--package_name "org.w3c.dom.html"  -w --jdk --classpath "$PSETHOME/jre/lib/rt.jar;$sharedSrcRoot"
$sharedSrcRoot/org/apache/xerces/dom/lcount.java	1043322576	java	$sharedSrcRoot	--package_name "org.apache.xerces.dom"  -w --jdk --classpath "$PSETHOME/jre/lib/rt.jar;$sharedSrcRoot"
$sharedSrcRoot/org/apache/xerces/utils/chunkybytearray.java	1043322578	java	$sharedSrcRoot	--package_name "org.apache.xerces.utils"  -w --jdk --classpath "$PSETHOME/jre/lib/rt.jar;$sharedSrcRoot"
$sharedSrcRoot/org/apache/xerces/jaxp/saxparserfactoryimpl.java	1043322576	java	$sharedSrcRoot	--package_name "org.apache.xerces.jaxp"  -w --jdk --classpath "$PSETHOME/jre/lib/rt.jar;$sharedSrcRoot"
$sharedSrcRoot/org/apache/xerces/dom/events/eventimpl.java	1043322576	java	$sharedSrcRoot	--package_name "org.apache.xerces.dom.events"  -w --jdk --classpath "$PSETHOME/jre/lib/rt.jar;$sharedSrcRoot"
$sharedSrcRoot/org/apache/xml/serialize/elementstate.java	1043322582	java	$sharedSrcRoot	--package_name "org.apache.xml.serialize"  -w --jdk --classpath "$PSETHOME/jre/lib/rt.jar;$sharedSrcRoot"
$sharedSrcRoot/org/apache/xerces/validators/common/contentleafnametypevector.java	1043322578	java	$sharedSrcRoot	--package_name "org.apache.xerces.validators.common"  -w --jdk --classpath "$PSETHOME/jre/lib/rt.jar;$sharedSrcRoot"
$sharedSrcRoot/org/xml/sax/helpers/attributesimpl.java	1043322584	java	$sharedSrcRoot	--package_name "org.xml.sax.helpers"  -w --jdk --classpath "$PSETHOME/jre/lib/rt.jar;$sharedSrcRoot"
$sharedSrcRoot/org/apache/xerces/dom/notationimpl.java	1043322576	java	$sharedSrcRoot	--package_name "org.apache.xerces.dom"  -w --jdk --classpath "$PSETHOME/jre/lib/rt.jar;$sharedSrcRoot"
$sharedSrcRoot/org/apache/xerces/dom/deferredelementnsimpl.java	1043322576	java	$sharedSrcRoot	--package_name "org.apache.xerces.dom"  -w --jdk --classpath "$PSETHOME/jre/lib/rt.jar;$sharedSrcRoot"
$sharedSrcRoot/org/apache/xerces/dom/rangeimpl.java	1043322576	java	$sharedSrcRoot	--package_name "org.apache.xerces.dom"  -w --jdk --classpath "$PSETHOME/jre/lib/rt.jar;$sharedSrcRoot"
$sharedSrcRoot/org/apache/xml/serialize/htmldtd.java	1043322582	java	$sharedSrcRoot	--package_name "org.apache.xml.serialize"  -w --jdk --classpath "$PSETHOME/jre/lib/rt.jar;$sharedSrcRoot"
$sharedSrcRoot/org/apache/wml/wmlwmlelement.java	1043322574	java	$sharedSrcRoot	--package_name "org.apache.wml"  -w --jdk --classpath "$PSETHOME/jre/lib/rt.jar;$sharedSrcRoot"
$sharedSrcRoot/org/w3c/dom/html/htmllinkelement.java	1043322582	java	$sharedSrcRoot	--package_name "org.w3c.dom.html"  -w --jdk --classpath "$PSETHOME/jre/lib/rt.jar;$sharedSrcRoot"
$sharedSrcRoot/org/apache/xerces/validators/common/elementwildcard.java	1043322580	java	$sharedSrcRoot	--package_name "org.apache.xerces.validators.common"  -w --jdk --classpath "$PSETHOME/jre/lib/rt.jar;$sharedSrcRoot"
$sharedSrcRoot/org/apache/xerces/dom/elementdefinitionimpl.java	1043322576	java	$sharedSrcRoot	--package_name "org.apache.xerces.dom"  -w --jdk --classpath "$PSETHOME/jre/lib/rt.jar;$sharedSrcRoot"
$sharedSrcRoot/org/apache/xerces/dom/deferrednode.java	1043322576	java	$sharedSrcRoot	--package_name "org.apache.xerces.dom"  -w --jdk --classpath "$PSETHOME/jre/lib/rt.jar;$sharedSrcRoot"
$sharedSrcRoot/org/apache/html/dom/htmlframeelementimpl.java	1043322574	java	$sharedSrcRoot	--package_name "org.apache.html.dom"  -w --jdk --classpath "$PSETHOME/jre/lib/rt.jar;$sharedSrcRoot"
$sharedSrcRoot/org/apache/wml/wmlgoelement.java	1043322574	java	$sharedSrcRoot	--package_name "org.apache.wml"  -w --jdk --classpath "$PSETHOME/jre/lib/rt.jar;$sharedSrcRoot"
$sharedSrcRoot/org/xml/sax/helpers/xmlreaderadapter.java	1043322584	java	$sharedSrcRoot	--package_name "org.xml.sax.helpers"  -w --jdk --classpath "$PSETHOME/jre/lib/rt.jar;$sharedSrcRoot"
$sharedSrcRoot/org/apache/xml/serialize/outputformat.java	1043322582	java	$sharedSrcRoot	--package_name "org.apache.xml.serialize"  -w --jdk --classpath "$PSETHOME/jre/lib/rt.jar;$sharedSrcRoot"
$sharedSrcRoot/org/apache/xml/serialize/encodings.java	1043322582	java	$sharedSrcRoot	--package_name "org.apache.xml.serialize"  -w --jdk --classpath "$PSETHOME/jre/lib/rt.jar;$sharedSrcRoot"
$sharedSrcRoot/org/apache/xml/serialize/domserializer.java	1043322582	java	$sharedSrcRoot	--package_name "org.apache.xml.serialize"  -w --jdk --classpath "$PSETHOME/jre/lib/rt.jar;$sharedSrcRoot"
$sharedSrcRoot/org/apache/xerces/utils/namespacesscope.java	1043322578	java	$sharedSrcRoot	--package_name "org.apache.xerces.utils"  -w --jdk --classpath "$PSETHOME/jre/lib/rt.jar;$sharedSrcRoot"
$sharedSrcRoot/org/apache/xerces/validators/common/cmexception.java	1043322578	java	$sharedSrcRoot	--package_name "org.apache.xerces.validators.common"  -w --jdk --classpath "$PSETHOME/jre/lib/rt.jar;$sharedSrcRoot"
$sharedSrcRoot/org/apache/xerces/utils/regex/reutil.java	1043322578	java	$sharedSrcRoot	--package_name "org.apache.xerces.utils.regex"  -w --jdk --classpath "$PSETHOME/jre/lib/rt.jar;$sharedSrcRoot"
$sharedSrcRoot/org/apache/xerces/msg/xmlmessages.java	1043322578	java	$sharedSrcRoot	--package_name "org.apache.xerces.msg"  -w --jdk --classpath "$PSETHOME/jre/lib/rt.jar;$sharedSrcRoot"
$sharedSrcRoot/org/apache/xerces/dom/parentnode.java	1043322576	java	$sharedSrcRoot	--package_name "org.apache.xerces.dom"  -w --jdk --classpath "$PSETHOME/jre/lib/rt.jar;$sharedSrcRoot"
$sharedSrcRoot/org/apache/html/dom/htmlbrelementimpl.java	1043322572	java	$sharedSrcRoot	--package_name "org.apache.html.dom"  -w --jdk --classpath "$PSETHOME/jre/lib/rt.jar;$sharedSrcRoot"
$sharedSrcRoot/org/w3c/dom/html/htmldomimplementation.java	1043322582	java	$sharedSrcRoot	--package_name "org.w3c.dom.html"  -w --jdk --classpath "$PSETHOME/jre/lib/rt.jar;$sharedSrcRoot"
$sharedSrcRoot/org/apache/wml/dom/wmlselectelementimpl.java	1043322574	java	$sharedSrcRoot	--package_name "org.apache.wml.dom"  -w --jdk --classpath "$PSETHOME/jre/lib/rt.jar;$sharedSrcRoot"
$sharedSrcRoot/org/apache/html/dom/htmlparagraphelementimpl.java	1043322574	java	$sharedSrcRoot	--package_name "org.apache.html.dom"  -w --jdk --classpath "$PSETHOME/jre/lib/rt.jar;$sharedSrcRoot"
$sharedSrcRoot/org/apache/xerces/validators/schema/identity/selector.java	1043322580	java	$sharedSrcRoot	--package_name "org.apache.xerces.validators.schema.identity"  -w --jdk --classpath "$PSETHOME/jre/lib/rt.jar;$sharedSrcRoot"
$sharedSrcRoot/org/apache/xerces/validators/datatype/datetimedatatypevalidator.java	1043322580	java	$sharedSrcRoot	--package_name "org.apache.xerces.validators.datatype"  -w --jdk --classpath "$PSETHOME/jre/lib/rt.jar;$sharedSrcRoot"
$sharedSrcRoot/org/apache/wml/dom/wmlaelementimpl.java	1043322574	java	$sharedSrcRoot	--package_name "org.apache.wml.dom"  -w --jdk --classpath "$PSETHOME/jre/lib/rt.jar;$sharedSrcRoot"
$sharedSrcRoot/org/apache/xml/serialize/basemarkupserializer.java	1043322582	java	$sharedSrcRoot	--package_name "org.apache.xml.serialize"  -w --jdk --classpath "$PSETHOME/jre/lib/rt.jar;$sharedSrcRoot"
$sharedSrcRoot/org/apache/xerces/framework/version.java	1043322576	java	$sharedSrcRoot	--package_name "org.apache.xerces.framework"  -w --jdk --classpath "$PSETHOME/jre/lib/rt.jar;$sharedSrcRoot"
$sharedSrcRoot/org/apache/wml/dom/wmlbelementimpl.java	1043322574	java	$sharedSrcRoot	--package_name "org.apache.wml.dom"  -w --jdk --classpath "$PSETHOME/jre/lib/rt.jar;$sharedSrcRoot"
$sharedSrcRoot/org/apache/xml/serialize/xhtmlserializer.java	1043322582	java	$sharedSrcRoot	--package_name "org.apache.xml.serialize"  -w --jdk --classpath "$PSETHOME/jre/lib/rt.jar;$sharedSrcRoot"
$sharedSrcRoot/org/apache/xerces/validators/common/allcontentmodel.java	1043322578	java	$sharedSrcRoot	--package_name "org.apache.xerces.validators.common"  -w --jdk --classpath "$PSETHOME/jre/lib/rt.jar;$sharedSrcRoot"
$sharedSrcRoot/org/apache/wml/wmlmetaelement.java	1043322574	java	$sharedSrcRoot	--package_name "org.apache.wml"  -w --jdk --classpath "$PSETHOME/jre/lib/rt.jar;$sharedSrcRoot"
$sharedSrcRoot/org/apache/xerces/validators/common/cmleaf.java	1043322578	java	$sharedSrcRoot	--package_name "org.apache.xerces.validators.common"  -w --jdk --classpath "$PSETHOME/jre/lib/rt.jar;$sharedSrcRoot"
$sharedSrcRoot/org/apache/xerces/parsers/saxparser.java	1043322578	java	$sharedSrcRoot	--package_name "org.apache.xerces.parsers"  -w --jdk --classpath "$PSETHOME/jre/lib/rt.jar;$sharedSrcRoot"
$sharedSrcRoot/org/apache/wml/dom/wmlielementimpl.java	1043322574	java	$sharedSrcRoot	--package_name "org.apache.wml.dom"  -w --jdk --classpath "$PSETHOME/jre/lib/rt.jar;$sharedSrcRoot"
$sharedSrcRoot/org/apache/xerces/dom/elementnsimpl.java	1043322576	java	$sharedSrcRoot	--package_name "org.apache.xerces.dom"  -w --jdk --classpath "$PSETHOME/jre/lib/rt.jar;$sharedSrcRoot"
$sharedSrcRoot/org/apache/html/dom/htmlcollectionimpl.java	1043322572	java	$sharedSrcRoot	--package_name "org.apache.html.dom"  -w --jdk --classpath "$PSETHOME/jre/lib/rt.jar;$sharedSrcRoot"
$sharedSrcRoot/org/apache/xerces/utils/chunkychararray.java	1043322578	java	$sharedSrcRoot	--package_name "org.apache.xerces.utils"  -w --jdk --classpath "$PSETHOME/jre/lib/rt.jar;$sharedSrcRoot"
$sharedSrcRoot/org/xml/sax/ext/lexicalhandler.java	1043322584	java	$sharedSrcRoot	--package_name "org.xml.sax.ext"  -w --jdk --classpath "$PSETHOME/jre/lib/rt.jar;$sharedSrcRoot"
$sharedSrcRoot/org/apache/xml/serialize/encodinginfo.java	1043322582	java	$sharedSrcRoot	--package_name "org.apache.xml.serialize"  -w --jdk --classpath "$PSETHOME/jre/lib/rt.jar;$sharedSrcRoot"
$sharedSrcRoot/org/apache/xerces/utils/stringpool.java	1043322578	java	$sharedSrcRoot	--package_name "org.apache.xerces.utils"  -w --jdk --classpath "$PSETHOME/jre/lib/rt.jar;$sharedSrcRoot"
$sharedSrcRoot/org/apache/xerces/utils/chardatachunk.java	1043322578	java	$sharedSrcRoot	--package_name "org.apache.xerces.utils"  -w --jdk --classpath "$PSETHOME/jre/lib/rt.jar;$sharedSrcRoot"
$sharedSrcRoot/org/apache/wml/dom/wmlwmlelementimpl.java	1043322576	java	$sharedSrcRoot	--package_name "org.apache.wml.dom"  -w --jdk --classpath "$PSETHOME/jre/lib/rt.jar;$sharedSrcRoot"
$sharedSrcRoot/org/apache/wml/dom/wmlfieldsetelementimpl.java	1043322574	java	$sharedSrcRoot	--package_name "org.apache.wml.dom"  -w --jdk --classpath "$PSETHOME/jre/lib/rt.jar;$sharedSrcRoot"
$sharedSrcRoot/org/apache/wml/dom/wmlpelementimpl.java	1043322574	java	$sharedSrcRoot	--package_name "org.apache.wml.dom"  -w --jdk --classpath "$PSETHOME/jre/lib/rt.jar;$sharedSrcRoot"
$sharedSrcRoot/org/apache/xerces/utils/qname.java	1043322578	java	$sharedSrcRoot	--package_name "org.apache.xerces.utils"  -w --jdk --classpath "$PSETHOME/jre/lib/rt.jar;$sharedSrcRoot"
$sharedSrcRoot/org/w3c/dom/html/htmlfieldsetelement.java	1043322582	java	$sharedSrcRoot	--package_name "org.w3c.dom.html"  -w --jdk --classpath "$PSETHOME/jre/lib/rt.jar;$sharedSrcRoot"
$sharedSrcRoot/org/apache/xerces/dom/commentimpl.java	1043322576	java	$sharedSrcRoot	--package_name "org.apache.xerces.dom"  -w --jdk --classpath "$PSETHOME/jre/lib/rt.jar;$sharedSrcRoot"
$sharedSrcRoot/org/apache/wml/dom/wmluelementimpl.java	1043322576	java	$sharedSrcRoot	--package_name "org.apache.wml.dom"  -w --jdk --classpath "$PSETHOME/jre/lib/rt.jar;$sharedSrcRoot"
$sharedSrcRoot/org/w3c/dom/html/htmldirectoryelement.java	1043322582	java	$sharedSrcRoot	--package_name "org.w3c.dom.html"  -w --jdk --classpath "$PSETHOME/jre/lib/rt.jar;$sharedSrcRoot"
$sharedSrcRoot/org/apache/xerces/utils/utf8datachunk.java	1043322578	java	$sharedSrcRoot	--package_name "org.apache.xerces.utils"  -w --jdk --classpath "$PSETHOME/jre/lib/rt.jar;$sharedSrcRoot"
$sharedSrcRoot/org/apache/html/dom/htmlulistelementimpl.java	1043322574	java	$sharedSrcRoot	--package_name "org.apache.html.dom"  -w --jdk --classpath "$PSETHOME/jre/lib/rt.jar;$sharedSrcRoot"
$sharedSrcRoot/org/apache/wml/dom/wmlanchorelementimpl.java	1043322574	java	$sharedSrcRoot	--package_name "org.apache.wml.dom"  -w --jdk --classpath "$PSETHOME/jre/lib/rt.jar;$sharedSrcRoot"
$sharedSrcRoot/org/apache/wml/dom/wmlprevelementimpl.java	1043322574	java	$sharedSrcRoot	--package_name "org.apache.wml.dom"  -w --jdk --classpath "$PSETHOME/jre/lib/rt.jar;$sharedSrcRoot"
$sharedSrcRoot/org/apache/xerces/validators/schema/generalattrcheck.java	1043322580	java	$sharedSrcRoot	--package_name "org.apache.xerces.validators.schema"  -w --jdk --classpath "$PSETHOME/jre/lib/rt.jar;$sharedSrcRoot"
$sharedSrcRoot/org/apache/xerces/validators/datatype/idrefdatatypevalidator.java	1043322580	java	$sharedSrcRoot	--package_name "org.apache.xerces.validators.datatype"  -w --jdk --classpath "$PSETHOME/jre/lib/rt.jar;$sharedSrcRoot"
$sharedSrcRoot/org/apache/xerces/dom/documentimpl.java	1043322576	java	$sharedSrcRoot	--package_name "org.apache.xerces.dom"  -w --jdk --classpath "$PSETHOME/jre/lib/rt.jar;$sharedSrcRoot"
$sharedSrcRoot/org/apache/html/dom/htmldirectoryelementimpl.java	1043322572	java	$sharedSrcRoot	--package_name "org.apache.html.dom"  -w --jdk --classpath "$PSETHOME/jre/lib/rt.jar;$sharedSrcRoot"
$sharedSrcRoot/org/apache/wml/wmltimerelement.java	1043322574	java	$sharedSrcRoot	--package_name "org.apache.wml"  -w --jdk --classpath "$PSETHOME/jre/lib/rt.jar;$sharedSrcRoot"
$sharedSrcRoot/org/apache/xerces/validators/schema/schemasymbols.java	1043322580	java	$sharedSrcRoot	--package_name "org.apache.xerces.validators.schema"  -w --jdk --classpath "$PSETHOME/jre/lib/rt.jar;$sharedSrcRoot"
$sharedSrcRoot/org/apache/html/dom/htmlframesetelementimpl.java	1043322574	java	$sharedSrcRoot	--package_name "org.apache.html.dom"  -w --jdk --classpath "$PSETHOME/jre/lib/rt.jar;$sharedSrcRoot"
$sharedSrcRoot/org/apache/xerces/dom/deferreddocumenttypeimpl.java	1043322576	java	$sharedSrcRoot	--package_name "org.apache.xerces.dom"  -w --jdk --classpath "$PSETHOME/jre/lib/rt.jar;$sharedSrcRoot"
$sharedSrcRoot/org/apache/xml/serialize/indentprinter.java	1043322582	java	$sharedSrcRoot	--package_name "org.apache.xml.serialize"  -w --jdk --classpath "$PSETHOME/jre/lib/rt.jar;$sharedSrcRoot"
$sharedSrcRoot/org/apache/xerces/validators/datatype/timedatatypevalidator.java	1043322580	java	$sharedSrcRoot	--package_name "org.apache.xerces.validators.datatype"  -w --jdk --classpath "$PSETHOME/jre/lib/rt.jar;$sharedSrcRoot"
$sharedSrcRoot/org/apache/xerces/validators/datatype/abstractstringvalidator.java	1043322580	java	$sharedSrcRoot	--package_name "org.apache.xerces.validators.datatype"  -w --jdk --classpath "$PSETHOME/jre/lib/rt.jar;$sharedSrcRoot"
$sharedSrcRoot/org/apache/html/dom/htmlbaseelementimpl.java	1043322572	java	$sharedSrcRoot	--package_name "org.apache.html.dom"  -w --jdk --classpath "$PSETHOME/jre/lib/rt.jar;$sharedSrcRoot"
$sharedSrcRoot/org/w3c/dom/html/htmldivelement.java	1043322582	java	$sharedSrcRoot	--package_name "org.w3c.dom.html"  -w --jdk --classpath "$PSETHOME/jre/lib/rt.jar;$sharedSrcRoot"
$sharedSrcRoot/org/apache/xerces/validators/common/grammar.java	1043322580	java	$sharedSrcRoot	--package_name "org.apache.xerces.validators.common"  -w --jdk --classpath "$PSETHOME/jre/lib/rt.jar;$sharedSrcRoot"
$sharedSrcRoot/org/apache/html/dom/htmldomimplementationimpl.java	1043322572	java	$sharedSrcRoot	--package_name "org.apache.html.dom"  -w --jdk --classpath "$PSETHOME/jre/lib/rt.jar;$sharedSrcRoot"
$sharedSrcRoot/org/apache/html/dom/htmlbuttonelementimpl.java	1043322572	java	$sharedSrcRoot	--package_name "org.apache.html.dom"  -w --jdk --classpath "$PSETHOME/jre/lib/rt.jar;$sharedSrcRoot"
$sharedSrcRoot/org/xml/sax/xmlfilter.java	1043322584	java	$sharedSrcRoot	--package_name "org.xml.sax"  -w --jdk --classpath "$PSETHOME/jre/lib/rt.jar;$sharedSrcRoot"
$sharedSrcRoot/org/apache/xerces/validators/datatype/anyuridatatypevalidator.java	1043322580	java	$sharedSrcRoot	--package_name "org.apache.xerces.validators.datatype"  -w --jdk --classpath "$PSETHOME/jre/lib/rt.jar;$sharedSrcRoot"
$sharedSrcRoot/org/apache/html/dom/namenodelistimpl.java	1043322574	java	$sharedSrcRoot	--package_name "org.apache.html.dom"  -w --jdk --classpath "$PSETHOME/jre/lib/rt.jar;$sharedSrcRoot"
$sharedSrcRoot/org/apache/xerces/dom/nodeiteratorimpl.java	1043322576	java	$sharedSrcRoot	--package_name "org.apache.xerces.dom"  -w --jdk --classpath "$PSETHOME/jre/lib/rt.jar;$sharedSrcRoot"
$sharedSrcRoot/org/apache/html/dom/htmlappletelementimpl.java	1043322572	java	$sharedSrcRoot	--package_name "org.apache.html.dom"  -w --jdk --classpath "$PSETHOME/jre/lib/rt.jar;$sharedSrcRoot"
$sharedSrcRoot/org/apache/xerces/jaxp/documentbuilderfactoryimpl.java	1043322576	java	$sharedSrcRoot	--package_name "org.apache.xerces.jaxp"  -w --jdk --classpath "$PSETHOME/jre/lib/rt.jar;$sharedSrcRoot"
$sharedSrcRoot/org/apache/wml/wmlheadelement.java	1043322574	java	$sharedSrcRoot	--package_name "org.apache.wml"  -w --jdk --classpath "$PSETHOME/jre/lib/rt.jar;$sharedSrcRoot"
$sharedSrcRoot/org/apache/xerces/validators/datatype/datedatatypevalidator.java	1043322580	java	$sharedSrcRoot	--package_name "org.apache.xerces.validators.datatype"  -w --jdk --classpath "$PSETHOME/jre/lib/rt.jar;$sharedSrcRoot"
$sharedSrcRoot/org/apache/xerces/dom/cdatasectionimpl.java	1043322576	java	$sharedSrcRoot	--package_name "org.apache.xerces.dom"  -w --jdk --classpath "$PSETHOME/jre/lib/rt.jar;$sharedSrcRoot"
$sharedSrcRoot/org/apache/wml/dom/wmlbigelementimpl.java	1043322574	java	$sharedSrcRoot	--package_name "org.apache.wml.dom"  -w --jdk --classpath "$PSETHOME/jre/lib/rt.jar;$sharedSrcRoot"
$sharedSrcRoot/org/w3c/dom/html/htmlheadingelement.java	1043322582	java	$sharedSrcRoot	--package_name "org.w3c.dom.html"  -w --jdk --classpath "$PSETHOME/jre/lib/rt.jar;$sharedSrcRoot"
$sharedSrcRoot/org/apache/wml/wmldocument.java	1043322574	java	$sharedSrcRoot	--package_name "org.apache.wml"  -w --jdk --classpath "$PSETHOME/jre/lib/rt.jar;$sharedSrcRoot"
$sharedSrcRoot/org/apache/xerces/validators/common/simplecontentmodel.java	1043322580	java	$sharedSrcRoot	--package_name "org.apache.xerces.validators.common"  -w --jdk --classpath "$PSETHOME/jre/lib/rt.jar;$sharedSrcRoot"
$sharedSrcRoot/org/apache/xml/serialize/lineseparator.java	1043322582	java	$sharedSrcRoot	--package_name "org.apache.xml.serialize"  -w --jdk --classpath "$PSETHOME/jre/lib/rt.jar;$sharedSrcRoot"
$sharedSrcRoot/org/apache/xerces/validators/common/dfacontentmodel.java	1043322578	java	$sharedSrcRoot	--package_name "org.apache.xerces.validators.common"  -w --jdk --classpath "$PSETHOME/jre/lib/rt.jar;$sharedSrcRoot"
$sharedSrcRoot/org/apache/xerces/validators/schema/identity/unique.java	1043322580	java	$sharedSrcRoot	--package_name "org.apache.xerces.validators.schema.identity"  -w --jdk --classpath "$PSETHOME/jre/lib/rt.jar;$sharedSrcRoot"
$sharedSrcRoot/org/w3c/dom/html/htmlscriptelement.java	1043322582	java	$sharedSrcRoot	--package_name "org.w3c.dom.html"  -w --jdk --classpath "$PSETHOME/jre/lib/rt.jar;$sharedSrcRoot"
$sharedSrcRoot/org/w3c/dom/html/htmldocument.java	1043322582	java	$sharedSrcRoot	--package_name "org.w3c.dom.html"  -w --jdk --classpath "$PSETHOME/jre/lib/rt.jar;$sharedSrcRoot"
$sharedSrcRoot/org/apache/xerces/validators/datatype/monthdaydatatypevalidator.java	1043322580	java	$sharedSrcRoot	--package_name "org.apache.xerces.validators.datatype"  -w --jdk --classpath "$PSETHOME/jre/lib/rt.jar;$sharedSrcRoot"
$sharedSrcRoot/org/apache/xerces/validators/datatype/monthdatatypevalidator.java	1043322580	java	$sharedSrcRoot	--package_name "org.apache.xerces.validators.datatype"  -w --jdk --classpath "$PSETHOME/jre/lib/rt.jar;$sharedSrcRoot"
$sharedSrcRoot/org/w3c/dom/ranges/range.java	1043322584	java	$sharedSrcRoot	--package_name "org.w3c.dom.ranges"  -w --jdk --classpath "$PSETHOME/jre/lib/rt.jar;$sharedSrcRoot"
$sharedSrcRoot/org/apache/xerces/validators/datatype/uniondatatypevalidator.java	1043322580	java	$sharedSrcRoot	--package_name "org.apache.xerces.validators.datatype"  -w --jdk --classpath "$PSETHOME/jre/lib/rt.jar;$sharedSrcRoot"
$sharedSrcRoot/org/apache/xerces/dom/entityimpl.java	1043322576	java	$sharedSrcRoot	--package_name "org.apache.xerces.dom"  -w --jdk --classpath "$PSETHOME/jre/lib/rt.jar;$sharedSrcRoot"
$sharedSrcRoot/org/w3c/dom/html/htmlbaseelement.java	1043322582	java	$sharedSrcRoot	--package_name "org.w3c.dom.html"  -w --jdk --classpath "$PSETHOME/jre/lib/rt.jar;$sharedSrcRoot"
$sharedSrcRoot/org/apache/wml/wmlselectelement.java	1043322574	java	$sharedSrcRoot	--package_name "org.apache.wml"  -w --jdk --classpath "$PSETHOME/jre/lib/rt.jar;$sharedSrcRoot"
$sharedSrcRoot/org/apache/xerces/readers/xmlentityhandler.java	1043322578	java	$sharedSrcRoot	--package_name "org.apache.xerces.readers"  -w --jdk --classpath "$PSETHOME/jre/lib/rt.jar;$sharedSrcRoot"
$sharedSrcRoot/org/apache/xerces/dom/attributemap.java	1043322576	java	$sharedSrcRoot	--package_name "org.apache.xerces.dom"  -w --jdk --classpath "$PSETHOME/jre/lib/rt.jar;$sharedSrcRoot"
$sharedSrcRoot/org/apache/xerces/validators/datatype/iddatatypevalidator.java	1043322580	java	$sharedSrcRoot	--package_name "org.apache.xerces.validators.datatype"  -w --jdk --classpath "$PSETHOME/jre/lib/rt.jar;$sharedSrcRoot"
$sharedSrcRoot/org/w3c/dom/nodelist.java	1043322582	java	$sharedSrcRoot	--package_name "org.w3c.dom"  -w --jdk --classpath "$PSETHOME/jre/lib/rt.jar;$sharedSrcRoot"
$sharedSrcRoot/org/apache/html/dom/htmlareaelementimpl.java	1043322572	java	$sharedSrcRoot	--package_name "org.apache.html.dom"  -w --jdk --classpath "$PSETHOME/jre/lib/rt.jar;$sharedSrcRoot"
$sharedSrcRoot/org/w3c/dom/html/htmltitleelement.java	1043322582	java	$sharedSrcRoot	--package_name "org.w3c.dom.html"  -w --jdk --classpath "$PSETHOME/jre/lib/rt.jar;$sharedSrcRoot"
$sharedSrcRoot/org/w3c/dom/html/htmlimageelement.java	1043322582	java	$sharedSrcRoot	--package_name "org.w3c.dom.html"  -w --jdk --classpath "$PSETHOME/jre/lib/rt.jar;$sharedSrcRoot"
$sharedSrcRoot/org/apache/xerces/dom/nodeimpl.java	1043322576	java	$sharedSrcRoot	--package_name "org.apache.xerces.dom"  -w --jdk --classpath "$PSETHOME/jre/lib/rt.jar;$sharedSrcRoot"
$sharedSrcRoot/org/apache/xerces/validators/datatype/abstractdatatypevalidator.java	1043322580	java	$sharedSrcRoot	--package_name "org.apache.xerces.validators.datatype"  -w --jdk --classpath "$PSETHOME/jre/lib/rt.jar;$sharedSrcRoot"
$sharedSrcRoot/org/w3c/dom/html/htmlpreelement.java	1043322582	java	$sharedSrcRoot	--package_name "org.w3c.dom.html"  -w --jdk --classpath "$PSETHOME/jre/lib/rt.jar;$sharedSrcRoot"
$sharedSrcRoot/org/w3c/dom/ranges/rangeexception.java	1043322584	java	$sharedSrcRoot	--package_name "org.w3c.dom.ranges"  -w --jdk --classpath "$PSETHOME/jre/lib/rt.jar;$sharedSrcRoot"
$sharedSrcRoot/org/w3c/dom/events/eventlistener.java	1043322582	java	$sharedSrcRoot	--package_name "org.w3c.dom.events"  -w --jdk --classpath "$PSETHOME/jre/lib/rt.jar;$sharedSrcRoot"
$sharedSrcRoot/org/apache/xerces/dom/entityreferenceimpl.java	1043322576	java	$sharedSrcRoot	--package_name "org.apache.xerces.dom"  -w --jdk --classpath "$PSETHOME/jre/lib/rt.jar;$sharedSrcRoot"
$sharedSrcRoot/org/apache/html/dom/htmltitleelementimpl.java	1043322574	java	$sharedSrcRoot	--package_name "org.apache.html.dom"  -w --jdk --classpath "$PSETHOME/jre/lib/rt.jar;$sharedSrcRoot"
$sharedSrcRoot/org/w3c/dom/html/htmllegendelement.java	1043322582	java	$sharedSrcRoot	--package_name "org.w3c.dom.html"  -w --jdk --classpath "$PSETHOME/jre/lib/rt.jar;$sharedSrcRoot"
$sharedSrcRoot/org/apache/wml/dom/wmlaccesselementimpl.java	1043322574	java	$sharedSrcRoot	--package_name "org.apache.wml.dom"  -w --jdk --classpath "$PSETHOME/jre/lib/rt.jar;$sharedSrcRoot"
$sharedSrcRoot/org/w3c/dom/documentfragment.java	1043322582	java	$sharedSrcRoot	--package_name "org.w3c.dom"  -w --jdk --classpath "$PSETHOME/jre/lib/rt.jar;$sharedSrcRoot"
$sharedSrcRoot/org/apache/xerces/msg/implementationmessages.java	1043322578	java	$sharedSrcRoot	--package_name "org.apache.xerces.msg"  -w --jdk --classpath "$PSETHOME/jre/lib/rt.jar;$sharedSrcRoot"
$sharedSrcRoot/org/apache/wml/wmlbrelement.java	1043322574	java	$sharedSrcRoot	--package_name "org.apache.wml"  -w --jdk --classpath "$PSETHOME/jre/lib/rt.jar;$sharedSrcRoot"
$sharedSrcRoot/org/w3c/dom/events/eventexception.java	1043322582	java	$sharedSrcRoot	--package_name "org.w3c.dom.events"  -w --jdk --classpath "$PSETHOME/jre/lib/rt.jar;$sharedSrcRoot"
$sharedSrcRoot/org/apache/xerces/readers/xmlentityreader.java	1043322578	java	$sharedSrcRoot	--package_name "org.apache.xerces.readers"  -w --jdk --classpath "$PSETHOME/jre/lib/rt.jar;$sharedSrcRoot"
$sharedSrcRoot/org/apache/xerces/utils/regex/rangetoken.java	1043322578	java	$sharedSrcRoot	--package_name "org.apache.xerces.utils.regex"  -w --jdk --classpath "$PSETHOME/jre/lib/rt.jar;$sharedSrcRoot"
$sharedSrcRoot/org/apache/xerces/readers/ucsrecognizer.java	1043322578	java	$sharedSrcRoot	--package_name "org.apache.xerces.readers"  -w --jdk --classpath "$PSETHOME/jre/lib/rt.jar;$sharedSrcRoot"
$sharedSrcRoot/org/apache/wml/wmloptionelement.java	1043322574	java	$sharedSrcRoot	--package_name "org.apache.wml"  -w --jdk --classpath "$PSETHOME/jre/lib/rt.jar;$sharedSrcRoot"
$sharedSrcRoot/org/w3c/dom/traversal/treewalker.java	1043322584	java	$sharedSrcRoot	--package_name "org.w3c.dom.traversal"  -w --jdk --classpath "$PSETHOME/jre/lib/rt.jar;$sharedSrcRoot"
$sharedSrcRoot/org/apache/xerces/jaxp/documentbuilderimpl.java	1043322576	java	$sharedSrcRoot	--package_name "org.apache.xerces.jaxp"  -w --jdk --classpath "$PSETHOME/jre/lib/rt.jar;$sharedSrcRoot"
$sharedSrcRoot/org/xml/sax/helpers/xmlfilterimpl.java	1043322584	java	$sharedSrcRoot	--package_name "org.xml.sax.helpers"  -w --jdk --classpath "$PSETHOME/jre/lib/rt.jar;$sharedSrcRoot"
$sharedSrcRoot/org/apache/xerces/dom/attrimpl.java	1043322576	java	$sharedSrcRoot	--package_name "org.apache.xerces.dom"  -w --jdk --classpath "$PSETHOME/jre/lib/rt.jar;$sharedSrcRoot"
$sharedSrcRoot/org/apache/xerces/dom/rangeexceptionimpl.java	1043322576	java	$sharedSrcRoot	--package_name "org.apache.xerces.dom"  -w --jdk --classpath "$PSETHOME/jre/lib/rt.jar;$sharedSrcRoot"
$sharedSrcRoot/org/xml/sax/parser.java	1043322584	java	$sharedSrcRoot	--package_name "org.xml.sax"  -w --jdk --classpath "$PSETHOME/jre/lib/rt.jar;$sharedSrcRoot"
$sharedSrcRoot/org/w3c/dom/entity.java	1043322582	java	$sharedSrcRoot	--package_name "org.w3c.dom"  -w --jdk --classpath "$PSETHOME/jre/lib/rt.jar;$sharedSrcRoot"
$sharedSrcRoot/org/xml/sax/entityresolver.java	1043322584	java	$sharedSrcRoot	--package_name "org.xml.sax"  -w --jdk --classpath "$PSETHOME/jre/lib/rt.jar;$sharedSrcRoot"
$sharedSrcRoot/org/apache/html/dom/htmlscriptelementimpl.java	1043322574	java	$sharedSrcRoot	--package_name "org.apache.html.dom"  -w --jdk --classpath "$PSETHOME/jre/lib/rt.jar;$sharedSrcRoot"
$sharedSrcRoot/org/xml/sax/saxnotsupportedexception.java	1043322584	java	$sharedSrcRoot	--package_name "org.xml.sax"  -w --jdk --classpath "$PSETHOME/jre/lib/rt.jar;$sharedSrcRoot"
$sharedSrcRoot/org/apache/xerces/utils/base64.java	1043322578	java	$sharedSrcRoot	--package_name "org.apache.xerces.utils"  -w --jdk --classpath "$PSETHOME/jre/lib/rt.jar;$sharedSrcRoot"
$sharedSrcRoot/org/xml/sax/ext/declhandler.java	1043322584	java	$sharedSrcRoot	--package_name "org.xml.sax.ext"  -w --jdk --classpath "$PSETHOME/jre/lib/rt.jar;$sharedSrcRoot"
$sharedSrcRoot/org/xml/sax/saxnotrecognizedexception.java	1043322584	java	$sharedSrcRoot	--package_name "org.xml.sax"  -w --jdk --classpath "$PSETHOME/jre/lib/rt.jar;$sharedSrcRoot"
$sharedSrcRoot/org/apache/xerces/utils/symbolcache.java	1043322578	java	$sharedSrcRoot	--package_name "org.apache.xerces.utils"  -w --jdk --classpath "$PSETHOME/jre/lib/rt.jar;$sharedSrcRoot"
$sharedSrcRoot/org/apache/xerces/validators/common/grammarresolverimpl.java	1043322580	java	$sharedSrcRoot	--package_name "org.apache.xerces.validators.common"  -w --jdk --classpath "$PSETHOME/jre/lib/rt.jar;$sharedSrcRoot"
$sharedSrcRoot/org/apache/html/dom/htmlselectelementimpl.java	1043322574	java	$sharedSrcRoot	--package_name "org.apache.html.dom"  -w --jdk --classpath "$PSETHOME/jre/lib/rt.jar;$sharedSrcRoot"
$sharedSrcRoot/org/apache/html/dom/htmlmodelementimpl.java	1043322574	java	$sharedSrcRoot	--package_name "org.apache.html.dom"  -w --jdk --classpath "$PSETHOME/jre/lib/rt.jar;$sharedSrcRoot"
$sharedSrcRoot/org/apache/xerces/readers/xmlentityreaderfactory.java	1043322578	java	$sharedSrcRoot	--package_name "org.apache.xerces.readers"  -w --jdk --classpath "$PSETHOME/jre/lib/rt.jar;$sharedSrcRoot"
$sharedSrcRoot/org/w3c/dom/html/htmlbodyelement.java	1043322582	java	$sharedSrcRoot	--package_name "org.w3c.dom.html"  -w --jdk --classpath "$PSETHOME/jre/lib/rt.jar;$sharedSrcRoot"
$sharedSrcRoot/org/apache/xerces/validators/schema/identity/fieldactivator.java	1043322580	java	$sharedSrcRoot	--package_name "org.apache.xerces.validators.schema.identity"  -w --jdk --classpath "$PSETHOME/jre/lib/rt.jar;$sharedSrcRoot"
$sharedSrcRoot/org/apache/xerces/validators/datatype/xmlexception.java	1043322580	java	$sharedSrcRoot	--package_name "org.apache.xerces.validators.datatype"  -w --jdk --classpath "$PSETHOME/jre/lib/rt.jar;$sharedSrcRoot"
$sharedSrcRoot/org/apache/xerces/dom/deferredcdatasectionimpl.java	1043322576	java	$sharedSrcRoot	--package_name "org.apache.xerces.dom"  -w --jdk --classpath "$PSETHOME/jre/lib/rt.jar;$sharedSrcRoot"
$sharedSrcRoot/org/apache/xerces/validators/datatype/statemessagedatatype.java	1043322580	java	$sharedSrcRoot	--package_name "org.apache.xerces.validators.datatype"  -w --jdk --classpath "$PSETHOME/jre/lib/rt.jar;$sharedSrcRoot"
$sharedSrcRoot/org/apache/xerces/validators/common/cmnode.java	1043322578	java	$sharedSrcRoot	--package_name "org.apache.xerces.validators.common"  -w --jdk --classpath "$PSETHOME/jre/lib/rt.jar;$sharedSrcRoot"
$sharedSrcRoot/org/apache/xerces/framework/xmldocumentscanner.java	1043322576	java	$sharedSrcRoot	--package_name "org.apache.xerces.framework"  -w --jdk --classpath "$PSETHOME/jre/lib/rt.jar;$sharedSrcRoot"
$sharedSrcRoot/org/apache/xerces/utils/regex/match.java	1043322578	java	$sharedSrcRoot	--package_name "org.apache.xerces.utils.regex"  -w --jdk --classpath "$PSETHOME/jre/lib/rt.jar;$sharedSrcRoot"
$sharedSrcRoot/org/w3c/dom/events/mutationevent.java	1043322582	java	$sharedSrcRoot	--package_name "org.w3c.dom.events"  -w --jdk --classpath "$PSETHOME/jre/lib/rt.jar;$sharedSrcRoot"
$sharedSrcRoot/org/xml/sax/errorhandler.java	1043322584	java	$sharedSrcRoot	--package_name "org.xml.sax"  -w --jdk --classpath "$PSETHOME/jre/lib/rt.jar;$sharedSrcRoot"
$sharedSrcRoot/org/w3c/dom/html/htmlobjectelement.java	1043322582	java	$sharedSrcRoot	--package_name "org.w3c.dom.html"  -w --jdk --classpath "$PSETHOME/jre/lib/rt.jar;$sharedSrcRoot"
$sharedSrcRoot/org/apache/html/dom/htmlheadingelementimpl.java	1043322574	java	$sharedSrcRoot	--package_name "org.apache.html.dom"  -w --jdk --classpath "$PSETHOME/jre/lib/rt.jar;$sharedSrcRoot"
$sharedSrcRoot/org/apache/wml/dom/wmlcardelementimpl.java	1043322574	java	$sharedSrcRoot	--package_name "org.apache.wml.dom"  -w --jdk --classpath "$PSETHOME/jre/lib/rt.jar;$sharedSrcRoot"
$sharedSrcRoot/org/apache/wml/dom/wmlimgelementimpl.java	1043322574	java	$sharedSrcRoot	--package_name "org.apache.wml.dom"  -w --jdk --classpath "$PSETHOME/jre/lib/rt.jar;$sharedSrcRoot"
$sharedSrcRoot/org/apache/wml/wmloneventelement.java	1043322574	java	$sharedSrcRoot	--package_name "org.apache.wml"  -w --jdk --classpath "$PSETHOME/jre/lib/rt.jar;$sharedSrcRoot"
$sharedSrcRoot/org/w3c/dom/html/htmlbuttonelement.java	1043322582	java	$sharedSrcRoot	--package_name "org.w3c.dom.html"  -w --jdk --classpath "$PSETHOME/jre/lib/rt.jar;$sharedSrcRoot"
$sharedSrcRoot/org/w3c/dom/processinginstruction.java	1043322582	java	$sharedSrcRoot	--package_name "org.w3c.dom"  -w --jdk --classpath "$PSETHOME/jre/lib/rt.jar;$sharedSrcRoot"
$sharedSrcRoot/org/apache/html/dom/htmlhtmlelementimpl.java	1043322574	java	$sharedSrcRoot	--package_name "org.apache.html.dom"  -w --jdk --classpath "$PSETHOME/jre/lib/rt.jar;$sharedSrcRoot"
$sharedSrcRoot/org/apache/wml/dom/wmloptgroupelementimpl.java	1043322574	java	$sharedSrcRoot	--package_name "org.apache.wml.dom"  -w --jdk --classpath "$PSETHOME/jre/lib/rt.jar;$sharedSrcRoot"
$sharedSrcRoot/org/apache/wml/dom/wmltimerelementimpl.java	1043322576	java	$sharedSrcRoot	--package_name "org.apache.wml.dom"  -w --jdk --classpath "$PSETHOME/jre/lib/rt.jar;$sharedSrcRoot"
$sharedSrcRoot/org/w3c/dom/html/htmloptgroupelement.java	1043322582	java	$sharedSrcRoot	--package_name "org.w3c.dom.html"  -w --jdk --classpath "$PSETHOME/jre/lib/rt.jar;$sharedSrcRoot"
$sharedSrcRoot/org/w3c/dom/html/htmldlistelement.java	1043322582	java	$sharedSrcRoot	--package_name "org.w3c.dom.html"  -w --jdk --classpath "$PSETHOME/jre/lib/rt.jar;$sharedSrcRoot"
$sharedSrcRoot/org/apache/html/dom/htmlanchorelementimpl.java	1043322572	java	$sharedSrcRoot	--package_name "org.apache.html.dom"  -w --jdk --classpath "$PSETHOME/jre/lib/rt.jar;$sharedSrcRoot"
$sharedSrcRoot/org/w3c/dom/characterdata.java	1043322582	java	$sharedSrcRoot	--package_name "org.w3c.dom"  -w --jdk --classpath "$PSETHOME/jre/lib/rt.jar;$sharedSrcRoot"
$sharedSrcRoot/org/apache/xerces/validators/datatype/yearmonthdatatypevalidator.java	1043322580	java	$sharedSrcRoot	--package_name "org.apache.xerces.validators.datatype"  -w --jdk --classpath "$PSETHOME/jre/lib/rt.jar;$sharedSrcRoot"
$sharedSrcRoot/org/apache/xerces/validators/datatype/datatypevalidatorfactory.java	1043322580	java	$sharedSrcRoot	--package_name "org.apache.xerces.validators.datatype"  -w --jdk --classpath "$PSETHOME/jre/lib/rt.jar;$sharedSrcRoot"
$sharedSrcRoot/org/w3c/dom/html/htmlolistelement.java	1043322582	java	$sharedSrcRoot	--package_name "org.w3c.dom.html"  -w --jdk --classpath "$PSETHOME/jre/lib/rt.jar;$sharedSrcRoot"
$sharedSrcRoot/javax/xml/parsers/saxparser.java	1043322572	java	$sharedSrcRoot	--package_name "javax.xml.parsers"  -w --jdk --classpath "$PSETHOME/jre/lib/rt.jar;$sharedSrcRoot"
$sharedSrcRoot/org/apache/wml/wmlfieldsetelement.java	1043322574	java	$sharedSrcRoot	--package_name "org.apache.wml"  -w --jdk --classpath "$PSETHOME/jre/lib/rt.jar;$sharedSrcRoot"
$sharedSrcRoot/org/w3c/dom/html/htmlulistelement.java	1043322584	java	$sharedSrcRoot	--package_name "org.w3c.dom.html"  -w --jdk --classpath "$PSETHOME/jre/lib/rt.jar;$sharedSrcRoot"
$sharedSrcRoot/org/apache/wml/dom/wmlbrelementimpl.java	1043322574	java	$sharedSrcRoot	--package_name "org.apache.wml.dom"  -w --jdk --classpath "$PSETHOME/jre/lib/rt.jar;$sharedSrcRoot"
$sharedSrcRoot/org/w3c/dom/traversal/documenttraversal.java	1043322584	java	$sharedSrcRoot	--package_name "org.w3c.dom.traversal"  -w --jdk --classpath "$PSETHOME/jre/lib/rt.jar;$sharedSrcRoot"
$sharedSrcRoot/org/apache/xerces/validators/common/cmany.java	1043322578	java	$sharedSrcRoot	--package_name "org.apache.xerces.validators.common"  -w --jdk --classpath "$PSETHOME/jre/lib/rt.jar;$sharedSrcRoot"
$sharedSrcRoot/org/apache/wml/wmltdelement.java	1043322574	java	$sharedSrcRoot	--package_name "org.apache.wml"  -w --jdk --classpath "$PSETHOME/jre/lib/rt.jar;$sharedSrcRoot"
$sharedSrcRoot/org/w3c/dom/html/htmltablecaptionelement.java	1043322582	java	$sharedSrcRoot	--package_name "org.w3c.dom.html"  -w --jdk --classpath "$PSETHOME/jre/lib/rt.jar;$sharedSrcRoot"
$sharedSrcRoot/org/apache/wml/dom/wmloptionelementimpl.java	1043322574	java	$sharedSrcRoot	--package_name "org.apache.wml.dom"  -w --jdk --classpath "$PSETHOME/jre/lib/rt.jar;$sharedSrcRoot"
$sharedSrcRoot/org/apache/xerces/readers/abstractcharreader.java	1043322578	java	$sharedSrcRoot	--package_name "org.apache.xerces.readers"  -w --jdk --classpath "$PSETHOME/jre/lib/rt.jar;$sharedSrcRoot"
$sharedSrcRoot/org/apache/xerces/msg/exceptionmessages.java	1043322578	java	$sharedSrcRoot	--package_name "org.apache.xerces.msg"  -w --jdk --classpath "$PSETHOME/jre/lib/rt.jar;$sharedSrcRoot"
$sharedSrcRoot/org/w3c/dom/html/htmlhrelement.java	1043322582	java	$sharedSrcRoot	--package_name "org.w3c.dom.html"  -w --jdk --classpath "$PSETHOME/jre/lib/rt.jar;$sharedSrcRoot"
$sharedSrcRoot/org/apache/xerces/dom/deferredattrnsimpl.java	1043322576	java	$sharedSrcRoot	--package_name "org.apache.xerces.dom"  -w --jdk --classpath "$PSETHOME/jre/lib/rt.jar;$sharedSrcRoot"
$sharedSrcRoot/org/apache/xerces/validators/datatype/datatypemessageprovider.java	1043322580	java	$sharedSrcRoot	--package_name "org.apache.xerces.validators.datatype"  -w --jdk --classpath "$PSETHOME/jre/lib/rt.jar;$sharedSrcRoot"
$sharedSrcRoot/org/apache/xerces/validators/datatype/abstractnumericvalidator.java	1043322580	java	$sharedSrcRoot	--package_name "org.apache.xerces.validators.datatype"  -w --jdk --classpath "$PSETHOME/jre/lib/rt.jar;$sharedSrcRoot"
$sharedSrcRoot/org/apache/html/dom/htmlfontelementimpl.java	1043322574	java	$sharedSrcRoot	--package_name "org.apache.html.dom"  -w --jdk --classpath "$PSETHOME/jre/lib/rt.jar;$sharedSrcRoot"
$sharedSrcRoot/org/apache/wml/wmlbelement.java	1043322574	java	$sharedSrcRoot	--package_name "org.apache.wml"  -w --jdk --classpath "$PSETHOME/jre/lib/rt.jar;$sharedSrcRoot"
$sharedSrcRoot/org/apache/xerces/domx/xgrammarwriter.java	1043322576	java	$sharedSrcRoot	--package_name "org.apache.xerces.domx"  -w --jdk --classpath "$PSETHOME/jre/lib/rt.jar;$sharedSrcRoot"
$sharedSrcRoot/org/w3c/dom/html/htmlmodelement.java	1043322582	java	$sharedSrcRoot	--package_name "org.w3c.dom.html"  -w --jdk --classpath "$PSETHOME/jre/lib/rt.jar;$sharedSrcRoot"
$sharedSrcRoot/org/apache/xerces/validators/datatype/datetimevalidator.java	1043322580	java	$sharedSrcRoot	--package_name "org.apache.xerces.validators.datatype"  -w --jdk --classpath "$PSETHOME/jre/lib/rt.jar;$sharedSrcRoot"
$sharedSrcRoot/org/apache/xerces/validators/datatype/qnamedatatypevalidator.java	1043322580	java	$sharedSrcRoot	--package_name "org.apache.xerces.validators.datatype"  -w --jdk --classpath "$PSETHOME/jre/lib/rt.jar;$sharedSrcRoot"
$sharedSrcRoot/org/apache/xml/serialize/xmlserializer.java	1043322582	java	$sharedSrcRoot	--package_name "org.apache.xml.serialize"  -w --jdk --classpath "$PSETHOME/jre/lib/rt.jar;$sharedSrcRoot"
$sharedSrcRoot/org/apache/html/dom/htmlmapelementimpl.java	1043322574	java	$sharedSrcRoot	--package_name "org.apache.html.dom"  -w --jdk --classpath "$PSETHOME/jre/lib/rt.jar;$sharedSrcRoot"
$sharedSrcRoot/org/apache/xerces/utils/regex/op.java	1043322578	java	$sharedSrcRoot	--package_name "org.apache.xerces.utils.regex"  -w --jdk --classpath "$PSETHOME/jre/lib/rt.jar;$sharedSrcRoot"
$sharedSrcRoot/org/apache/xerces/validators/schema/substitutiongroupcomparator.java	1043322580	java	$sharedSrcRoot	--package_name "org.apache.xerces.validators.schema"  -w --jdk --classpath "$PSETHOME/jre/lib/rt.jar;$sharedSrcRoot"
$sharedSrcRoot/org/apache/html/dom/htmlelementimpl.java	1043322574	java	$sharedSrcRoot	--package_name "org.apache.html.dom"  -w --jdk --classpath "$PSETHOME/jre/lib/rt.jar;$sharedSrcRoot"
$sharedSrcRoot/org/xml/sax/saxexception.java	1043322584	java	$sharedSrcRoot	--package_name "org.xml.sax"  -w --jdk --classpath "$PSETHOME/jre/lib/rt.jar;$sharedSrcRoot"
$sharedSrcRoot/org/xml/sax/documenthandler.java	1043322584	java	$sharedSrcRoot	--package_name "org.xml.sax"  -w --jdk --classpath "$PSETHOME/jre/lib/rt.jar;$sharedSrcRoot"
$sharedSrcRoot/org/apache/wml/wmlrefreshelement.java	1043322574	java	$sharedSrcRoot	--package_name "org.apache.wml"  -w --jdk --classpath "$PSETHOME/jre/lib/rt.jar;$sharedSrcRoot"
$sharedSrcRoot/org/apache/xml/serialize/serializerfactory.java	1043322582	java	$sharedSrcRoot	--package_name "org.apache.xml.serialize"  -w --jdk --classpath "$PSETHOME/jre/lib/rt.jar;$sharedSrcRoot"
$sharedSrcRoot/org/apache/html/dom/htmltablecellelementimpl.java	1043322574	java	$sharedSrcRoot	--package_name "org.apache.html.dom"  -w --jdk --classpath "$PSETHOME/jre/lib/rt.jar;$sharedSrcRoot"
$sharedSrcRoot/org/apache/html/dom/htmltableelementimpl.java	1043322574	java	$sharedSrcRoot	--package_name "org.apache.html.dom"  -w --jdk --classpath "$PSETHOME/jre/lib/rt.jar;$sharedSrcRoot"
$sharedSrcRoot/org/apache/xerces/dom/documentfragmentimpl.java	1043322576	java	$sharedSrcRoot	--package_name "org.apache.xerces.dom"  -w --jdk --classpath "$PSETHOME/jre/lib/rt.jar;$sharedSrcRoot"
$sharedSrcRoot/org/apache/xerces/validators/dtd/dtdgrammar.java	1043322580	java	$sharedSrcRoot	--package_name "org.apache.xerces.validators.dtd"  -w --jdk --classpath "$PSETHOME/jre/lib/rt.jar;$sharedSrcRoot"
$sharedSrcRoot/org/w3c/dom/html/htmlformelement.java	1043322582	java	$sharedSrcRoot	--package_name "org.w3c.dom.html"  -w --jdk --classpath "$PSETHOME/jre/lib/rt.jar;$sharedSrcRoot"
$sharedSrcRoot/org/w3c/dom/html/htmlfontelement.java	1043322582	java	$sharedSrcRoot	--package_name "org.w3c.dom.html"  -w --jdk --classpath "$PSETHOME/jre/lib/rt.jar;$sharedSrcRoot"
$sharedSrcRoot/org/apache/xerces/framework/xmlparser.java	1043322576	java	$sharedSrcRoot	--package_name "org.apache.xerces.framework"  -w --jdk --classpath "$PSETHOME/jre/lib/rt.jar;$sharedSrcRoot"
$sharedSrcRoot/javax/xml/parsers/documentbuilder.java	1043322572	java	$sharedSrcRoot	--package_name "javax.xml.parsers"  -w --jdk --classpath "$PSETHOME/jre/lib/rt.jar;$sharedSrcRoot"
$sharedSrcRoot/org/apache/wml/dom/wmldomimplementationimpl.java	1043322574	java	$sharedSrcRoot	--package_name "org.apache.wml.dom"  -w --jdk --classpath "$PSETHOME/jre/lib/rt.jar;$sharedSrcRoot"
$sharedSrcRoot/org/apache/wml/dom/wmltemplateelementimpl.java	1043322576	java	$sharedSrcRoot	--package_name "org.apache.wml.dom"  -w --jdk --classpath "$PSETHOME/jre/lib/rt.jar;$sharedSrcRoot"
$sharedSrcRoot/org/apache/xerces/msg/schemamessages.java	1043322578	java	$sharedSrcRoot	--package_name "org.apache.xerces.msg"  -w --jdk --classpath "$PSETHOME/jre/lib/rt.jar;$sharedSrcRoot"
$sharedSrcRoot/org/apache/xerces/validators/datatype/schemadatetimeexception.java	1043322580	java	$sharedSrcRoot	--package_name "org.apache.xerces.validators.datatype"  -w --jdk --classpath "$PSETHOME/jre/lib/rt.jar;$sharedSrcRoot"
$sharedSrcRoot/org/apache/html/dom/htmlmenuelementimpl.java	1043322574	java	$sharedSrcRoot	--package_name "org.apache.html.dom"  -w --jdk --classpath "$PSETHOME/jre/lib/rt.jar;$sharedSrcRoot"
$sharedSrcRoot/org/w3c/dom/html/htmlselectelement.java	1043322582	java	$sharedSrcRoot	--package_name "org.w3c.dom.html"  -w --jdk --classpath "$PSETHOME/jre/lib/rt.jar;$sharedSrcRoot"
$sharedSrcRoot/org/w3c/dom/html/htmllabelelement.java	1043322582	java	$sharedSrcRoot	--package_name "org.w3c.dom.html"  -w --jdk --classpath "$PSETHOME/jre/lib/rt.jar;$sharedSrcRoot"
$sharedSrcRoot/org/w3c/dom/html/htmlelement.java	1043322582	java	$sharedSrcRoot	--package_name "org.w3c.dom.html"  -w --jdk --classpath "$PSETHOME/jre/lib/rt.jar;$sharedSrcRoot"
$sharedSrcRoot/org/apache/html/dom/htmlhrelementimpl.java	1043322574	java	$sharedSrcRoot	--package_name "org.apache.html.dom"  -w --jdk --classpath "$PSETHOME/jre/lib/rt.jar;$sharedSrcRoot"
$sharedSrcRoot/org/apache/xerces/dom/deferredtextimpl.java	1043322576	java	$sharedSrcRoot	--package_name "org.apache.xerces.dom"  -w --jdk --classpath "$PSETHOME/jre/lib/rt.jar;$sharedSrcRoot"
$sharedSrcRoot/org/apache/html/dom/htmltextareaelementimpl.java	1043322574	java	$sharedSrcRoot	--package_name "org.apache.html.dom"  -w --jdk --classpath "$PSETHOME/jre/lib/rt.jar;$sharedSrcRoot"
$sharedSrcRoot/org/apache/xerces/utils/xmlmessages.java	1043322578	java	$sharedSrcRoot	--package_name "org.apache.xerces.utils"  -w --jdk --classpath "$PSETHOME/jre/lib/rt.jar;$sharedSrcRoot"
$sharedSrcRoot/org/w3c/dom/namednodemap.java	1043322582	java	$sharedSrcRoot	--package_name "org.w3c.dom"  -w --jdk --classpath "$PSETHOME/jre/lib/rt.jar;$sharedSrcRoot"
$sharedSrcRoot/org/apache/html/dom/htmltablerowelementimpl.java	1043322574	java	$sharedSrcRoot	--package_name "org.apache.html.dom"  -w --jdk --classpath "$PSETHOME/jre/lib/rt.jar;$sharedSrcRoot"
$sharedSrcRoot/org/w3c/dom/events/eventtarget.java	1043322582	java	$sharedSrcRoot	--package_name "org.w3c.dom.events"  -w --jdk --classpath "$PSETHOME/jre/lib/rt.jar;$sharedSrcRoot"
$sharedSrcRoot/org/apache/html/dom/htmlimageelementimpl.java	1043322574	java	$sharedSrcRoot	--package_name "org.apache.html.dom"  -w --jdk --classpath "$PSETHOME/jre/lib/rt.jar;$sharedSrcRoot"
$sharedSrcRoot/org/apache/xerces/utils/regex/regexparser.java	1043322578	java	$sharedSrcRoot	--package_name "org.apache.xerces.utils.regex"  -w --jdk --classpath "$PSETHOME/jre/lib/rt.jar;$sharedSrcRoot"
$sharedSrcRoot/org/apache/xerces/validators/common/xmlelementdecl.java	1043322580	java	$sharedSrcRoot	--package_name "org.apache.xerces.validators.common"  -w --jdk --classpath "$PSETHOME/jre/lib/rt.jar;$sharedSrcRoot"
$sharedSrcRoot/org/apache/wml/dom/wmldoelementimpl.java	1043322574	java	$sharedSrcRoot	--package_name "org.apache.wml.dom"  -w --jdk --classpath "$PSETHOME/jre/lib/rt.jar;$sharedSrcRoot"
$sharedSrcRoot/org/xml/sax/helpers/attributelistimpl.java	1043322584	java	$sharedSrcRoot	--package_name "org.xml.sax.helpers"  -w --jdk --classpath "$PSETHOME/jre/lib/rt.jar;$sharedSrcRoot"
$sharedSrcRoot/org/apache/wml/wmlsetvarelement.java	1043322574	java	$sharedSrcRoot	--package_name "org.apache.wml"  -w --jdk --classpath "$PSETHOME/jre/lib/rt.jar;$sharedSrcRoot"
$sharedSrcRoot/org/apache/xerces/dom/deferredelementdefinitionimpl.java	1043322576	java	$sharedSrcRoot	--package_name "org.apache.xerces.dom"  -w --jdk --classpath "$PSETHOME/jre/lib/rt.jar;$sharedSrcRoot"
$sharedSrcRoot/org/apache/xerces/validators/common/xmlvalidator.java	1043322580	java	$sharedSrcRoot	--package_name "org.apache.xerces.validators.common"  -w --jdk --classpath "$PSETHOME/jre/lib/rt.jar;$sharedSrcRoot"
$sharedSrcRoot/org/w3c/dom/html/htmlbrelement.java	1043322582	java	$sharedSrcRoot	--package_name "org.w3c.dom.html"  -w --jdk --classpath "$PSETHOME/jre/lib/rt.jar;$sharedSrcRoot"
$sharedSrcRoot/org/apache/xml/serialize/serializer.java	1043322582	java	$sharedSrcRoot	--package_name "org.apache.xml.serialize"  -w --jdk --classpath "$PSETHOME/jre/lib/rt.jar;$sharedSrcRoot"
$sharedSrcRoot/org/apache/wml/dom/wmltdelementimpl.java	1043322574	java	$sharedSrcRoot	--package_name "org.apache.wml.dom"  -w --jdk --classpath "$PSETHOME/jre/lib/rt.jar;$sharedSrcRoot"
$sharedSrcRoot/org/apache/xerces/validators/datatype/durationdatatypevalidator.java	1043322580	java	$sharedSrcRoot	--package_name "org.apache.xerces.validators.datatype"  -w --jdk --classpath "$PSETHOME/jre/lib/rt.jar;$sharedSrcRoot"
$sharedSrcRoot/org/apache/html/dom/htmlinputelementimpl.java	1043322574	java	$sharedSrcRoot	--package_name "org.apache.html.dom"  -w --jdk --classpath "$PSETHOME/jre/lib/rt.jar;$sharedSrcRoot"
$sharedSrcRoot/org/apache/wml/wmlanchorelement.java	1043322574	java	$sharedSrcRoot	--package_name "org.apache.wml"  -w --jdk --classpath "$PSETHOME/jre/lib/rt.jar;$sharedSrcRoot"
$sharedSrcRoot/org/xml/sax/helpers/namespacesupport.java	1043322584	java	$sharedSrcRoot	--package_name "org.xml.sax.helpers"  -w --jdk --classpath "$PSETHOME/jre/lib/rt.jar;$sharedSrcRoot"
$sharedSrcRoot/org/w3c/dom/html/htmloptionelement.java	1043322582	java	$sharedSrcRoot	--package_name "org.w3c.dom.html"  -w --jdk --classpath "$PSETHOME/jre/lib/rt.jar;$sharedSrcRoot"
$sharedSrcRoot/org/apache/xerces/utils/implementationmessages.java	1043322578	java	$sharedSrcRoot	--package_name "org.apache.xerces.utils"  -w --jdk --classpath "$PSETHOME/jre/lib/rt.jar;$sharedSrcRoot"
$sharedSrcRoot/org/apache/xerces/utils/regex/parserforxmlschema.java	1043322578	java	$sharedSrcRoot	--package_name "org.apache.xerces.utils.regex"  -w --jdk --classpath "$PSETHOME/jre/lib/rt.jar;$sharedSrcRoot"
$sharedSrcRoot/org/apache/xerces/validators/datatype/notationdatatypevalidator.java	1043322580	java	$sharedSrcRoot	--package_name "org.apache.xerces.validators.datatype"  -w --jdk --classpath "$PSETHOME/jre/lib/rt.jar;$sharedSrcRoot"
$sharedSrcRoot/org/w3c/dom/html/htmltextareaelement.java	1043322582	java	$sharedSrcRoot	--package_name "org.w3c.dom.html"  -w --jdk --classpath "$PSETHOME/jre/lib/rt.jar;$sharedSrcRoot"
$sharedSrcRoot/org/apache/xerces/readers/defaultreaderfactory.java	1043322578	java	$sharedSrcRoot	--package_name "org.apache.xerces.readers"  -w --jdk --classpath "$PSETHOME/jre/lib/rt.jar;$sharedSrcRoot"
$sharedSrcRoot/org/apache/wml/dom/wmltrelementimpl.java	1043322576	java	$sharedSrcRoot	--package_name "org.apache.wml.dom"  -w --jdk --classpath "$PSETHOME/jre/lib/rt.jar;$sharedSrcRoot"
$sharedSrcRoot/org/apache/xerces/readers/ebcdicrecognizer.java	1043322578	java	$sharedSrcRoot	--package_name "org.apache.xerces.readers"  -w --jdk --classpath "$PSETHOME/jre/lib/rt.jar;$sharedSrcRoot"
$sharedSrcRoot/org/apache/xerces/validators/schema/schemamessageprovider.java	1043322580	java	$sharedSrcRoot	--package_name "org.apache.xerces.validators.schema"  -w --jdk --classpath "$PSETHOME/jre/lib/rt.jar;$sharedSrcRoot"
$sharedSrcRoot/org/apache/xerces/readers/utf8charreader.java	1043322578	java	$sharedSrcRoot	--package_name "org.apache.xerces.readers"  -w --jdk --classpath "$PSETHOME/jre/lib/rt.jar;$sharedSrcRoot"
$sharedSrcRoot/org/apache/xerces/dom/deferredentityreferenceimpl.java	1043322576	java	$sharedSrcRoot	--package_name "org.apache.xerces.dom"  -w --jdk --classpath "$PSETHOME/jre/lib/rt.jar;$sharedSrcRoot"
$sharedSrcRoot/org/apache/xerces/validators/schema/identity/identityconstraint.java	1043322580	java	$sharedSrcRoot	--package_name "org.apache.xerces.validators.schema.identity"  -w --jdk --classpath "$PSETHOME/jre/lib/rt.jar;$sharedSrcRoot"
$sharedSrcRoot/org/apache/html/dom/htmltablecolelementimpl.java	1043322574	java	$sharedSrcRoot	--package_name "org.apache.html.dom"  -w --jdk --classpath "$PSETHOME/jre/lib/rt.jar;$sharedSrcRoot"
$sharedSrcRoot/org/apache/wml/dom/wmlemelementimpl.java	1043322574	java	$sharedSrcRoot	--package_name "org.apache.wml.dom"  -w --jdk --classpath "$PSETHOME/jre/lib/rt.jar;$sharedSrcRoot"
$sharedSrcRoot/org/apache/xerces/readers/utf8recognizer.java	1043322578	java	$sharedSrcRoot	--package_name "org.apache.xerces.readers"  -w --jdk --classpath "$PSETHOME/jre/lib/rt.jar;$sharedSrcRoot"
$sharedSrcRoot/javax/xml/parsers/documentbuilderfactory.java	1043322572	java	$sharedSrcRoot	--package_name "javax.xml.parsers"  -w --jdk --classpath "$PSETHOME/jre/lib/rt.jar;$sharedSrcRoot"
$sharedSrcRoot/org/apache/xerces/readers/defaultentityhandler.java	1043322578	java	$sharedSrcRoot	--package_name "org.apache.xerces.readers"  -w --jdk --classpath "$PSETHOME/jre/lib/rt.jar;$sharedSrcRoot"
$sharedSrcRoot/org/xml/sax/helpers/defaulthandler.java	1043322584	java	$sharedSrcRoot	--package_name "org.xml.sax.helpers"  -w --jdk --classpath "$PSETHOME/jre/lib/rt.jar;$sharedSrcRoot"
$sharedSrcRoot/org/apache/xerces/utils/regex/bmpattern.java	1043322578	java	$sharedSrcRoot	--package_name "org.apache.xerces.utils.regex"  -w --jdk --classpath "$PSETHOME/jre/lib/rt.jar;$sharedSrcRoot"
$sharedSrcRoot/org/apache/wml/wmlsmallelement.java	1043322574	java	$sharedSrcRoot	--package_name "org.apache.wml"  -w --jdk --classpath "$PSETHOME/jre/lib/rt.jar;$sharedSrcRoot"
$sharedSrcRoot/org/apache/html/dom/htmlfieldsetelementimpl.java	1043322574	java	$sharedSrcRoot	--package_name "org.apache.html.dom"  -w --jdk --classpath "$PSETHOME/jre/lib/rt.jar;$sharedSrcRoot"
$sharedSrcRoot/org/w3c/dom/attr.java	1043322582	java	$sharedSrcRoot	--package_name "org.w3c.dom"  -w --jdk --classpath "$PSETHOME/jre/lib/rt.jar;$sharedSrcRoot"
$sharedSrcRoot/org/apache/xerces/validators/common/xmlcontentmodel.java	1043322580	java	$sharedSrcRoot	--package_name "org.apache.xerces.validators.common"  -w --jdk --classpath "$PSETHOME/jre/lib/rt.jar;$sharedSrcRoot"
$sharedSrcRoot/org/apache/xerces/validators/datatype/base64binarydatatypevalidator.java	1043322580	java	$sharedSrcRoot	--package_name "org.apache.xerces.validators.datatype"  -w --jdk --classpath "$PSETHOME/jre/lib/rt.jar;$sharedSrcRoot"
$sharedSrcRoot/org/apache/wml/wmloptgroupelement.java	1043322574	java	$sharedSrcRoot	--package_name "org.apache.wml"  -w --jdk --classpath "$PSETHOME/jre/lib/rt.jar;$sharedSrcRoot"
$sharedSrcRoot/org/apache/html/dom/htmltablecaptionelementimpl.java	1043322574	java	$sharedSrcRoot	--package_name "org.apache.html.dom"  -w --jdk --classpath "$PSETHOME/jre/lib/rt.jar;$sharedSrcRoot"
$sharedSrcRoot/org/apache/xerces/dom/deferredprocessinginstructionimpl.java	1043322576	java	$sharedSrcRoot	--package_name "org.apache.xerces.dom"  -w --jdk --classpath "$PSETHOME/jre/lib/rt.jar;$sharedSrcRoot"
$sharedSrcRoot/org/apache/html/dom/htmloptionelementimpl.java	1043322574	java	$sharedSrcRoot	--package_name "org.apache.html.dom"  -w --jdk --classpath "$PSETHOME/jre/lib/rt.jar;$sharedSrcRoot"
$sharedSrcRoot/org/xml/sax/locator.java	1043322584	java	$sharedSrcRoot	--package_name "org.xml.sax"  -w --jdk --classpath "$PSETHOME/jre/lib/rt.jar;$sharedSrcRoot"
$sharedSrcRoot/org/apache/xerces/validators/datatype/yeardatatypevalidator.java	1043322580	java	$sharedSrcRoot	--package_name "org.apache.xerces.validators.datatype"  -w --jdk --classpath "$PSETHOME/jre/lib/rt.jar;$sharedSrcRoot"
$sharedSrcRoot/org/w3c/dom/events/event.java	1043322582	java	$sharedSrcRoot	--package_name "org.w3c.dom.events"  -w --jdk --classpath "$PSETHOME/jre/lib/rt.jar;$sharedSrcRoot"
$sharedSrcRoot/org/apache/xerces/validators/schema/identity/keyref.java	1043322580	java	$sharedSrcRoot	--package_name "org.apache.xerces.validators.schema.identity"  -w --jdk --classpath "$PSETHOME/jre/lib/rt.jar;$sharedSrcRoot"
$sharedSrcRoot/org/apache/xerces/dom/domimplementationimpl.java	1043322576	java	$sharedSrcRoot	--package_name "org.apache.xerces.dom"  -w --jdk --classpath "$PSETHOME/jre/lib/rt.jar;$sharedSrcRoot"
$sharedSrcRoot/org/apache/html/dom/htmltablesectionelementimpl.java	1043322574	java	$sharedSrcRoot	--package_name "org.apache.html.dom"  -w --jdk --classpath "$PSETHOME/jre/lib/rt.jar;$sharedSrcRoot"
$sharedSrcRoot/org/xml/sax/contenthandler.java	1043322584	java	$sharedSrcRoot	--package_name "org.xml.sax"  -w --jdk --classpath "$PSETHOME/jre/lib/rt.jar;$sharedSrcRoot"
$sharedSrcRoot/org/w3c/dom/html/htmltablecolelement.java	1043322582	java	$sharedSrcRoot	--package_name "org.w3c.dom.html"  -w --jdk --classpath "$PSETHOME/jre/lib/rt.jar;$sharedSrcRoot"
$sharedSrcRoot/org/apache/xerces/validators/schema/identity/xpathmatcher.java	1043322580	java	$sharedSrcRoot	--package_name "org.apache.xerces.validators.schema.identity"  -w --jdk --classpath "$PSETHOME/jre/lib/rt.jar;$sharedSrcRoot"
$sharedSrcRoot/org/apache/xerces/validators/schema/identity/key.java	1043322580	java	$sharedSrcRoot	--package_name "org.apache.xerces.validators.schema.identity"  -w --jdk --classpath "$PSETHOME/jre/lib/rt.jar;$sharedSrcRoot"
$sharedSrcRoot/org/apache/wml/wmlpostfieldelement.java	1043322574	java	$sharedSrcRoot	--package_name "org.apache.wml"  -w --jdk --classpath "$PSETHOME/jre/lib/rt.jar;$sharedSrcRoot"
$sharedSrcRoot/org/apache/xerces/validators/schema/identity/valuestore.java	1043322580	java	$sharedSrcRoot	--package_name "org.apache.xerces.validators.schema.identity"  -w --jdk --classpath "$PSETHOME/jre/lib/rt.jar;$sharedSrcRoot"
$sharedSrcRoot/org/w3c/dom/notation.java	1043322582	java	$sharedSrcRoot	--package_name "org.w3c.dom"  -w --jdk --classpath "$PSETHOME/jre/lib/rt.jar;$sharedSrcRoot"
$sharedSrcRoot/org/w3c/dom/traversal/nodefilter.java	1043322584	java	$sharedSrcRoot	--package_name "org.w3c.dom.traversal"  -w --jdk --classpath "$PSETHOME/jre/lib/rt.jar;$sharedSrcRoot"
$sharedSrcRoot/org/apache/xerces/readers/streamingcharreader.java	1043322578	java	$sharedSrcRoot	--package_name "org.apache.xerces.readers"  -w --jdk --classpath "$PSETHOME/jre/lib/rt.jar;$sharedSrcRoot"
$sharedSrcRoot/org/w3c/dom/html/htmlquoteelement.java	1043322582	java	$sharedSrcRoot	--package_name "org.w3c.dom.html"  -w --jdk --classpath "$PSETHOME/jre/lib/rt.jar;$sharedSrcRoot"
$sharedSrcRoot/org/apache/wml/wmlbigelement.java	1043322574	java	$sharedSrcRoot	--package_name "org.apache.wml"  -w --jdk --classpath "$PSETHOME/jre/lib/rt.jar;$sharedSrcRoot"
$sharedSrcRoot/org/apache/xerces/validators/datatype/daydatatypevalidator.java	1043322580	java	$sharedSrcRoot	--package_name "org.apache.xerces.validators.datatype"  -w --jdk --classpath "$PSETHOME/jre/lib/rt.jar;$sharedSrcRoot"
$sharedSrcRoot/org/apache/wml/wmldoelement.java	1043322574	java	$sharedSrcRoot	--package_name "org.apache.wml"  -w --jdk --classpath "$PSETHOME/jre/lib/rt.jar;$sharedSrcRoot"
$sharedSrcRoot/org/apache/wml/dom/wmldocumentimpl.java	1043322574	java	$sharedSrcRoot	--package_name "org.apache.wml.dom"  -w --jdk --classpath "$PSETHOME/jre/lib/rt.jar;$sharedSrcRoot"
$sharedSrcRoot/org/apache/html/dom/htmlolistelementimpl.java	1043322574	java	$sharedSrcRoot	--package_name "org.apache.html.dom"  -w --jdk --classpath "$PSETHOME/jre/lib/rt.jar;$sharedSrcRoot"
$sharedSrcRoot/org/apache/wml/dom/wmlsetvarelementimpl.java	1043322574	java	$sharedSrcRoot	--package_name "org.apache.wml.dom"  -w --jdk --classpath "$PSETHOME/jre/lib/rt.jar;$sharedSrcRoot"
$sharedSrcRoot/org/xml/sax/helpers/parserfactory.java	1043322584	java	$sharedSrcRoot	--package_name "org.xml.sax.helpers"  -w --jdk --classpath "$PSETHOME/jre/lib/rt.jar;$sharedSrcRoot"
$sharedSrcRoot/org/apache/html/dom/htmlquoteelementimpl.java	1043322574	java	$sharedSrcRoot	--package_name "org.apache.html.dom"  -w --jdk --classpath "$PSETHOME/jre/lib/rt.jar;$sharedSrcRoot"
$sharedSrcRoot/org/apache/html/dom/htmlheadelementimpl.java	1043322574	java	$sharedSrcRoot	--package_name "org.apache.html.dom"  -w --jdk --classpath "$PSETHOME/jre/lib/rt.jar;$sharedSrcRoot"
$sharedSrcRoot/org/apache/xerces/dom/attrnsimpl.java	1043322576	java	$sharedSrcRoot	--package_name "org.apache.xerces.dom"  -w --jdk --classpath "$PSETHOME/jre/lib/rt.jar;$sharedSrcRoot"
$sharedSrcRoot/org/apache/xerces/validators/datatype/hexbinarydatatypevalidator.java	1043322580	java	$sharedSrcRoot	--package_name "org.apache.xerces.validators.datatype"  -w --jdk --classpath "$PSETHOME/jre/lib/rt.jar;$sharedSrcRoot"
$sharedSrcRoot/org/apache/html/dom/htmlformelementimpl.java	1043322574	java	$sharedSrcRoot	--package_name "org.apache.html.dom"  -w --jdk --classpath "$PSETHOME/jre/lib/rt.jar;$sharedSrcRoot"
$sharedSrcRoot/org/apache/html/dom/htmliframeelementimpl.java	1043322574	java	$sharedSrcRoot	--package_name "org.apache.html.dom"  -w --jdk --classpath "$PSETHOME/jre/lib/rt.jar;$sharedSrcRoot"
$sharedSrcRoot/org/xml/sax/attributelist.java	1043322584	java	$sharedSrcRoot	--package_name "org.xml.sax"  -w --jdk --classpath "$PSETHOME/jre/lib/rt.jar;$sharedSrcRoot"
$sharedSrcRoot/org/w3c/dom/html/htmltablesectionelement.java	1043322582	java	$sharedSrcRoot	--package_name "org.w3c.dom.html"  -w --jdk --classpath "$PSETHOME/jre/lib/rt.jar;$sharedSrcRoot"
$sharedSrcRoot/org/apache/wml/wmlaelement.java	1043322574	java	$sharedSrcRoot	--package_name "org.apache.wml"  -w --jdk --classpath "$PSETHOME/jre/lib/rt.jar;$sharedSrcRoot"
$sharedSrcRoot/org/apache/xerces/validators/datatype/abstractnumericfacetvalidator.java	1043322580	java	$sharedSrcRoot	--package_name "org.apache.xerces.validators.datatype"  -w --jdk --classpath "$PSETHOME/jre/lib/rt.jar;$sharedSrcRoot"
$sharedSrcRoot/org/apache/xerces/utils/iso8601format.java	1043322578	java	$sharedSrcRoot	--package_name "org.apache.xerces.utils"  -w --jdk --classpath "$PSETHOME/jre/lib/rt.jar;$sharedSrcRoot"
$sharedSrcRoot/org/apache/xerces/validators/datatype/decimaldatatypevalidator.java	1043322580	java	$sharedSrcRoot	--package_name "org.apache.xerces.validators.datatype"  -w --jdk --classpath "$PSETHOME/jre/lib/rt.jar;$sharedSrcRoot"
$sharedSrcRoot/org/apache/xerces/validators/schema/identity/field.java	1043322580	java	$sharedSrcRoot	--package_name "org.apache.xerces.validators.schema.identity"  -w --jdk --classpath "$PSETHOME/jre/lib/rt.jar;$sharedSrcRoot"
$sharedSrcRoot/org/w3c/dom/events/documentevent.java	1043322582	java	$sharedSrcRoot	--package_name "org.w3c.dom.events"  -w --jdk --classpath "$PSETHOME/jre/lib/rt.jar;$sharedSrcRoot"
$sharedSrcRoot/org/w3c/dom/text.java	1043322582	java	$sharedSrcRoot	--package_name "org.w3c.dom"  -w --jdk --classpath "$PSETHOME/jre/lib/rt.jar;$sharedSrcRoot"
$sharedSrcRoot/org/apache/xerces/readers/charreader.java	1043322578	java	$sharedSrcRoot	--package_name "org.apache.xerces.readers"  -w --jdk --classpath "$PSETHOME/jre/lib/rt.jar;$sharedSrcRoot"
$sharedSrcRoot/org/apache/wml/wmlielement.java	1043322574	java	$sharedSrcRoot	--package_name "org.apache.wml"  -w --jdk --classpath "$PSETHOME/jre/lib/rt.jar;$sharedSrcRoot"
$sharedSrcRoot/org/xml/sax/handlerbase.java	1043322584	java	$sharedSrcRoot	--package_name "org.xml.sax"  -w --jdk --classpath "$PSETHOME/jre/lib/rt.jar;$sharedSrcRoot"
$sharedSrcRoot/org/apache/xerces/dom/namednodemapimpl.java	1043322576	java	$sharedSrcRoot	--package_name "org.apache.xerces.dom"  -w --jdk --classpath "$PSETHOME/jre/lib/rt.jar;$sharedSrcRoot"
$sharedSrcRoot/org/apache/xerces/framework/xmlerrorreporter.java	1043322576	java	$sharedSrcRoot	--package_name "org.apache.xerces.framework"  -w --jdk --classpath "$PSETHOME/jre/lib/rt.jar;$sharedSrcRoot"
$sharedSrcRoot/org/w3c/dom/html/htmltablecellelement.java	1043322582	java	$sharedSrcRoot	--package_name "org.w3c.dom.html"  -w --jdk --classpath "$PSETHOME/jre/lib/rt.jar;$sharedSrcRoot"
$sharedSrcRoot/org/apache/xerces/dom/deferredelementimpl.java	1043322576	java	$sharedSrcRoot	--package_name "org.apache.xerces.dom"  -w --jdk --classpath "$PSETHOME/jre/lib/rt.jar;$sharedSrcRoot"
$sharedSrcRoot/org/apache/xerces/utils/regex/regularexpression.java	1043322578	java	$sharedSrcRoot	--package_name "org.apache.xerces.utils.regex"  -w --jdk --classpath "$PSETHOME/jre/lib/rt.jar;$sharedSrcRoot"
$sharedSrcRoot/org/w3c/dom/entityreference.java	1043322582	java	$sharedSrcRoot	--package_name "org.w3c.dom"  -w --jdk --classpath "$PSETHOME/jre/lib/rt.jar;$sharedSrcRoot"
$sharedSrcRoot/org/xml/sax/helpers/xmlreaderfactory.java	1043322584	java	$sharedSrcRoot	--package_name "org.xml.sax.helpers"  -w --jdk --classpath "$PSETHOME/jre/lib/rt.jar;$sharedSrcRoot"
$sharedSrcRoot/org/apache/wml/dom/wmlheadelementimpl.java	1043322574	java	$sharedSrcRoot	--package_name "org.apache.wml.dom"  -w --jdk --classpath "$PSETHOME/jre/lib/rt.jar;$sharedSrcRoot"
$sharedSrcRoot/org/apache/xerces/readers/ucsreader.java	1043322578	java	$sharedSrcRoot	--package_name "org.apache.xerces.readers"  -w --jdk --classpath "$PSETHOME/jre/lib/rt.jar;$sharedSrcRoot"
$sharedSrcRoot/org/apache/xerces/framework/xmlcontentspec.java	1043322576	java	$sharedSrcRoot	--package_name "org.apache.xerces.framework"  -w --jdk --classpath "$PSETHOME/jre/lib/rt.jar;$sharedSrcRoot"
$sharedSrcRoot/org/apache/wml/wmluelement.java	1043322574	java	$sharedSrcRoot	--package_name "org.apache.wml"  -w --jdk --classpath "$PSETHOME/jre/lib/rt.jar;$sharedSrcRoot"
$sharedSrcRoot/org/apache/wml/dom/wmlgoelementimpl.java	1043322574	java	$sharedSrcRoot	--package_name "org.apache.wml.dom"  -w --jdk --classpath "$PSETHOME/jre/lib/rt.jar;$sharedSrcRoot"
$sharedSrcRoot/org/w3c/dom/html/htmlisindexelement.java	1043322582	java	$sharedSrcRoot	--package_name "org.w3c.dom.html"  -w --jdk --classpath "$PSETHOME/jre/lib/rt.jar;$sharedSrcRoot"
$sharedSrcRoot/org/xml/sax/helpers/locatorimpl.java	1043322584	java	$sharedSrcRoot	--package_name "org.xml.sax.helpers"  -w --jdk --classpath "$PSETHOME/jre/lib/rt.jar;$sharedSrcRoot"
$sharedSrcRoot/org/apache/wml/wmltemplateelement.java	1043322574	java	$sharedSrcRoot	--package_name "org.apache.wml"  -w --jdk --classpath "$PSETHOME/jre/lib/rt.jar;$sharedSrcRoot"
$sharedSrcRoot/org/apache/html/dom/htmlstyleelementimpl.java	1043322574	java	$sharedSrcRoot	--package_name "org.apache.html.dom"  -w --jdk --classpath "$PSETHOME/jre/lib/rt.jar;$sharedSrcRoot"
$sharedSrcRoot/org/apache/xerces/readers/xmlcataloghandler.java	1043322578	java	$sharedSrcRoot	--package_name "org.apache.xerces.readers"  -w --jdk --classpath "$PSETHOME/jre/lib/rt.jar;$sharedSrcRoot"
$sharedSrcRoot/org/apache/wml/wmlelement.java	1043322574	java	$sharedSrcRoot	--package_name "org.apache.wml"  -w --jdk --classpath "$PSETHOME/jre/lib/rt.jar;$sharedSrcRoot"
$sharedSrcRoot/org/apache/html/dom/htmldocumentimpl.java	1043322574	java	$sharedSrcRoot	--package_name "org.apache.html.dom"  -w --jdk --classpath "$PSETHOME/jre/lib/rt.jar;$sharedSrcRoot"
$sharedSrcRoot/org/apache/html/dom/htmllielementimpl.java	1043322574	java	$sharedSrcRoot	--package_name "org.apache.html.dom"  -w --jdk --classpath "$PSETHOME/jre/lib/rt.jar;$sharedSrcRoot"
$sharedSrcRoot/org/apache/xml/serialize/serializerfactoryimpl.java	1043322582	java	$sharedSrcRoot	--package_name "org.apache.xml.serialize"  -w --jdk --classpath "$PSETHOME/jre/lib/rt.jar;$sharedSrcRoot"
$sharedSrcRoot/org/w3c/dom/html/htmlcollection.java	1043322582	java	$sharedSrcRoot	--package_name "org.w3c.dom.html"  -w --jdk --classpath "$PSETHOME/jre/lib/rt.jar;$sharedSrcRoot"
$sharedSrcRoot/org/apache/xerces/utils/hash2inttable.java	1043322578	java	$sharedSrcRoot	--package_name "org.apache.xerces.utils"  -w --jdk --classpath "$PSETHOME/jre/lib/rt.jar;$sharedSrcRoot"
$sharedSrcRoot/org/apache/xerces/msg/datatypemessages.java	1043322578	java	$sharedSrcRoot	--package_name "org.apache.xerces.msg"  -w --jdk --classpath "$PSETHOME/jre/lib/rt.jar;$sharedSrcRoot"
$sharedSrcRoot/javax/xml/parsers/parserconfigurationexception.java	1043322572	java	$sharedSrcRoot	--package_name "javax.xml.parsers"  -w --jdk --classpath "$PSETHOME/jre/lib/rt.jar;$sharedSrcRoot"
$sharedSrcRoot/org/apache/xerces/utils/stringhasher.java	1043322578	java	$sharedSrcRoot	--package_name "org.apache.xerces.utils"  -w --jdk --classpath "$PSETHOME/jre/lib/rt.jar;$sharedSrcRoot"
$sharedSrcRoot/org/w3c/dom/cdatasection.java	1043322582	java	$sharedSrcRoot	--package_name "org.w3c.dom"  -w --jdk --classpath "$PSETHOME/jre/lib/rt.jar;$sharedSrcRoot"
$sharedSrcRoot/org/w3c/dom/traversal/nodeiterator.java	1043322584	java	$sharedSrcRoot	--package_name "org.w3c.dom.traversal"  -w --jdk --classpath "$PSETHOME/jre/lib/rt.jar;$sharedSrcRoot"
$sharedSrcRoot/org/apache/xerces/framework/xmldtdscanner.java	1043322576	java	$sharedSrcRoot	--package_name "org.apache.xerces.framework"  -w --jdk --classpath "$PSETHOME/jre/lib/rt.jar;$sharedSrcRoot"
$sharedSrcRoot/org/apache/xerces/utils/regex/parseexception.java	1043322578	java	$sharedSrcRoot	--package_name "org.apache.xerces.utils.regex"  -w --jdk --classpath "$PSETHOME/jre/lib/rt.jar;$sharedSrcRoot"
$sharedSrcRoot/org/apache/xerces/validators/datatype/datatypevalidator.java	1043322580	java	$sharedSrcRoot	--package_name "org.apache.xerces.validators.datatype"  -w --jdk --classpath "$PSETHOME/jre/lib/rt.jar;$sharedSrcRoot"
$sharedSrcRoot/org/apache/html/dom/htmlbuilder.java	1043322572	java	$sharedSrcRoot	--package_name "org.apache.html.dom"  -w --jdk --classpath "$PSETHOME/jre/lib/rt.jar;$sharedSrcRoot"
$sharedSrcRoot/org/apache/xerces/readers/xmldeclrecognizer.java	1043322578	java	$sharedSrcRoot	--package_name "org.apache.xerces.readers"  -w --jdk --classpath "$PSETHOME/jre/lib/rt.jar;$sharedSrcRoot"
$sharedSrcRoot/org/apache/xerces/validators/common/grammarresolver.java	1043322580	java	$sharedSrcRoot	--package_name "org.apache.xerces.validators.common"  -w --jdk --classpath "$PSETHOME/jre/lib/rt.jar;$sharedSrcRoot"
$sharedSrcRoot/org/apache/html/dom/htmllinkelementimpl.java	1043322574	java	$sharedSrcRoot	--package_name "org.apache.html.dom"  -w --jdk --classpath "$PSETHOME/jre/lib/rt.jar;$sharedSrcRoot"
$sharedSrcRoot/org/apache/wml/dom/wmlsmallelementimpl.java	1043322574	java	$sharedSrcRoot	--package_name "org.apache.wml.dom"  -w --jdk --classpath "$PSETHOME/jre/lib/rt.jar;$sharedSrcRoot"
$sharedSrcRoot/org/w3c/dom/ranges/documentrange.java	1043322584	java	$sharedSrcRoot	--package_name "org.w3c.dom.ranges"  -w --jdk --classpath "$PSETHOME/jre/lib/rt.jar;$sharedSrcRoot"
$sharedSrcRoot/org/apache/html/dom/htmlparamelementimpl.java	1043322574	java	$sharedSrcRoot	--package_name "org.apache.html.dom"  -w --jdk --classpath "$PSETHOME/jre/lib/rt.jar;$sharedSrcRoot"
$sharedSrcRoot/org/w3c/dom/html/htmlareaelement.java	1043322582	java	$sharedSrcRoot	--package_name "org.w3c.dom.html"  -w --jdk --classpath "$PSETHOME/jre/lib/rt.jar;$sharedSrcRoot"
$sharedSrcRoot/org/w3c/dom/html/htmlanchorelement.java	1043322582	java	$sharedSrcRoot	--package_name "org.w3c.dom.html"  -w --jdk --classpath "$PSETHOME/jre/lib/rt.jar;$sharedSrcRoot"
$sharedSrcRoot/org/apache/xerces/dom/deepnodelistimpl.java	1043322576	java	$sharedSrcRoot	--package_name "org.apache.xerces.dom"  -w --jdk --classpath "$PSETHOME/jre/lib/rt.jar;$sharedSrcRoot"
$sharedSrcRoot/org/apache/xerces/utils/intstack.java	1043322578	java	$sharedSrcRoot	--package_name "org.apache.xerces.utils"  -w --jdk --classpath "$PSETHOME/jre/lib/rt.jar;$sharedSrcRoot"
$sharedSrcRoot/org/apache/html/dom/htmlformcontrol.java	1043322574	java	$sharedSrcRoot	--package_name "org.apache.html.dom"  -w --jdk --classpath "$PSETHOME/jre/lib/rt.jar;$sharedSrcRoot"
$sharedSrcRoot/org/w3c/dom/node.java	1043322582	java	$sharedSrcRoot	--package_name "org.w3c.dom"  -w --jdk --classpath "$PSETHOME/jre/lib/rt.jar;$sharedSrcRoot"
$sharedSrcRoot/org/w3c/dom/domimplementation.java	1043322582	java	$sharedSrcRoot	--package_name "org.w3c.dom"  -w --jdk --classpath "$PSETHOME/jre/lib/rt.jar;$sharedSrcRoot"
$sharedSrcRoot/javax/xml/parsers/saxparserfactory.java	1043322572	java	$sharedSrcRoot	--package_name "javax.xml.parsers"  -w --jdk --classpath "$PSETHOME/jre/lib/rt.jar;$sharedSrcRoot"
$sharedSrcRoot/org/w3c/dom/element.java	1043322582	java	$sharedSrcRoot	--package_name "org.w3c.dom"  -w --jdk --classpath "$PSETHOME/jre/lib/rt.jar;$sharedSrcRoot"
$sharedSrcRoot/org/apache/xerces/validators/datatype/floatdatatypevalidator.java	1043322580	java	$sharedSrcRoot	--package_name "org.apache.xerces.validators.datatype"  -w --jdk --classpath "$PSETHOME/jre/lib/rt.jar;$sharedSrcRoot"
$sharedSrcRoot/org/apache/wml/dom/wmlpostfieldelementimpl.java	1043322574	java	$sharedSrcRoot	--package_name "org.apache.wml.dom"  -w --jdk --classpath "$PSETHOME/jre/lib/rt.jar;$sharedSrcRoot"
$sharedSrcRoot/org/apache/html/dom/htmloptgroupelementimpl.java	1043322574	java	$sharedSrcRoot	--package_name "org.apache.html.dom"  -w --jdk --classpath "$PSETHOME/jre/lib/rt.jar;$sharedSrcRoot"
$sharedSrcRoot/org/apache/xerces/jaxp/saxparserimpl.java	1043322576	java	$sharedSrcRoot	--package_name "org.apache.xerces.jaxp"  -w --jdk --classpath "$PSETHOME/jre/lib/rt.jar;$sharedSrcRoot"
$sharedSrcRoot/org/apache/html/dom/htmldivelementimpl.java	1043322572	java	$sharedSrcRoot	--package_name "org.apache.html.dom"  -w --jdk --classpath "$PSETHOME/jre/lib/rt.jar;$sharedSrcRoot"
$sharedSrcRoot/org/w3c/dom/html/htmlframeelement.java	1043322582	java	$sharedSrcRoot	--package_name "org.w3c.dom.html"  -w --jdk --classpath "$PSETHOME/jre/lib/rt.jar;$sharedSrcRoot"
$sharedSrcRoot/org/apache/xerces/utils/uri.java	1043322578	java	$sharedSrcRoot	--package_name "org.apache.xerces.utils"  -w --jdk --classpath "$PSETHOME/jre/lib/rt.jar;$sharedSrcRoot"
$sharedSrcRoot/org/apache/xerces/validators/common/insertableelementsinfo.java	1043322580	java	$sharedSrcRoot	--package_name "org.apache.xerces.validators.common"  -w --jdk --classpath "$PSETHOME/jre/lib/rt.jar;$sharedSrcRoot"
$sharedSrcRoot/org/apache/html/dom/htmlmetaelementimpl.java	1043322574	java	$sharedSrcRoot	--package_name "org.apache.html.dom"  -w --jdk --classpath "$PSETHOME/jre/lib/rt.jar;$sharedSrcRoot"
$sharedSrcRoot/org/w3c/dom/comment.java	1043322582	java	$sharedSrcRoot	--package_name "org.w3c.dom"  -w --jdk --classpath "$PSETHOME/jre/lib/rt.jar;$sharedSrcRoot"
