s 0 "/ROOT/d_drive/program files/swemancipation/prebuilt/source/learn/xip/src/pipeline.c" "$sharedSrcRoot/xip/src/pipeline.c" "/ROOT/d_drive/program files/swemancipation/prebuilt/source/learn/xip/src/pipeline.c" ""
s 0 "/ROOT/d_drive/program files/swemancipation/prebuilt/source/learn/ttt/src/player.cpp" "$sharedSrcRoot/ttt/src/player.cpp" "/ROOT/d_drive/program files/swemancipation/prebuilt/source/learn/ttt/src/player.cpp" ""
s 0 "/ROOT/d_drive/program files/swemancipation/prebuilt/source/learn/xip/src/canvas.c" "$sharedSrcRoot/xip/src/canvas.c" "/ROOT/d_drive/program files/swemancipation/prebuilt/source/learn/xip/src/canvas.c" ""
s 0 "/ROOT/d_drive/program files/swemancipation/prebuilt/source/learn/ttt/src/square.cpp" "$sharedSrcRoot/ttt/src/square.cpp" "/ROOT/d_drive/program files/swemancipation/prebuilt/source/learn/ttt/src/square.cpp" ""
s 0 "/ROOT/d_drive/program files/swemancipation/prebuilt/source/learn/ttt/src/history.cpp" "$sharedSrcRoot/ttt/src/history.cpp" "/ROOT/d_drive/program files/swemancipation/prebuilt/source/learn/ttt/src/history.cpp" ""
s 0 "/ROOT/d_drive/program files/swemancipation/prebuilt/source/learn/ttt/src/displaybutton.cpp" "$sharedSrcRoot/ttt/src/displaybutton.cpp" "/ROOT/d_drive/program files/swemancipation/prebuilt/source/learn/ttt/src/displaybutton.cpp" ""
s 0 "/ROOT/d_drive/program files/swemancipation/prebuilt/source/learn/xip/src/color.c" "$sharedSrcRoot/xip/src/color.c" "/ROOT/d_drive/program files/swemancipation/prebuilt/source/learn/xip/src/color.c" ""
s 0 "/ROOT/d_drive/program files/swemancipation/prebuilt/source/learn/ttt/src/application.cpp" "$sharedSrcRoot/ttt/src/application.cpp" "/ROOT/d_drive/program files/swemancipation/prebuilt/source/learn/ttt/src/application.cpp" ""
s 0 "/ROOT/d_drive/program files/swemancipation/prebuilt/source/learn/ttt/src/display.cpp" "$sharedSrcRoot/ttt/src/display.cpp" "/ROOT/d_drive/program files/swemancipation/prebuilt/source/learn/ttt/src/display.cpp" ""
s 0 "/ROOT/d_drive/program files/swemancipation/prebuilt/source/learn/ttt/src/tictactoemove.cpp" "$sharedSrcRoot/ttt/src/tictactoemove.cpp" "/ROOT/d_drive/program files/swemancipation/prebuilt/source/learn/ttt/src/tictactoemove.cpp" ""
s 0 "/ROOT/d_drive/program files/swemancipation/prebuilt/source/learn/ttt/src/move.cpp" "$sharedSrcRoot/ttt/src/move.cpp" "/ROOT/d_drive/program files/swemancipation/prebuilt/source/learn/ttt/src/move.cpp" ""
s 0 "/ROOT/d_drive/program files/swemancipation/prebuilt/source/learn/ttt/src/displayapp.cpp" "$sharedSrcRoot/ttt/src/displayapp.cpp" "/ROOT/d_drive/program files/swemancipation/prebuilt/source/learn/ttt/src/displayapp.cpp" ""
s 0 "/ROOT/d_drive/program files/swemancipation/prebuilt/source/learn/ttt/src/displaycontrol.cpp" "$sharedSrcRoot/ttt/src/displaycontrol.cpp" "/ROOT/d_drive/program files/swemancipation/prebuilt/source/learn/ttt/src/displaycontrol.cpp" ""
s 0 "/ROOT/d_drive/program files/swemancipation/prebuilt/source/learn/ttt/src/location.cpp" "$sharedSrcRoot/ttt/src/location.cpp" "/ROOT/d_drive/program files/swemancipation/prebuilt/source/learn/ttt/src/location.cpp" ""
s 0 "/ROOT/d_drive/program files/swemancipation/prebuilt/source/learn/ttt/src/tictactoegame.cpp" "$sharedSrcRoot/ttt/src/tictactoegame.cpp" "/ROOT/d_drive/program files/swemancipation/prebuilt/source/learn/ttt/src/tictactoegame.cpp" ""
s 0 "/ROOT/d_drive/program files/swemancipation/prebuilt/source/learn/ttt/src/displaystatus.cpp" "$sharedSrcRoot/ttt/src/displaystatus.cpp" "/ROOT/d_drive/program files/swemancipation/prebuilt/source/learn/ttt/src/displaystatus.cpp" ""
s 0 "/ROOT/d_drive/program files/swemancipation/prebuilt/source/learn/ttt/src/game.cpp" "$sharedSrcRoot/ttt/src/game.cpp" "/ROOT/d_drive/program files/swemancipation/prebuilt/source/learn/ttt/src/game.cpp" ""
s 0 "/ROOT/d_drive/program files/swemancipation/prebuilt/source/learn/ttt/src/displayboard.cpp" "$sharedSrcRoot/ttt/src/displayboard.cpp" "/ROOT/d_drive/program files/swemancipation/prebuilt/source/learn/ttt/src/displayboard.cpp" ""
s 0 "/ROOT/d_drive/program files/swemancipation/prebuilt/source/learn/xip/src/fonts.c" "$sharedSrcRoot/xip/src/fonts.c" "/ROOT/d_drive/program files/swemancipation/prebuilt/source/learn/xip/src/fonts.c" ""
s 0 "/ROOT/d_drive/program files/swemancipation/prebuilt/source/learn/ttt/src/color.cpp" "$sharedSrcRoot/ttt/src/color.cpp" "/ROOT/d_drive/program files/swemancipation/prebuilt/source/learn/ttt/src/color.cpp" ""
s 0 "/ROOT/d_drive/program files/swemancipation/prebuilt/source/learn/ttt/src/mycomputerplayer.cpp" "$sharedSrcRoot/ttt/src/mycomputerplayer.cpp" "/ROOT/d_drive/program files/swemancipation/prebuilt/source/learn/ttt/src/mycomputerplayer.cpp" ""
s 0 "/ROOT/d_drive/program files/swemancipation/prebuilt/source/learn/ttt/src/gameboard.cpp" "$sharedSrcRoot/ttt/src/gameboard.cpp" "/ROOT/d_drive/program files/swemancipation/prebuilt/source/learn/ttt/src/gameboard.cpp" ""
s 0 "/ROOT/d_drive/program files/swemancipation/prebuilt/source/learn/xip/src/image_win.c" "$sharedSrcRoot/xip/src/image_win.c" "/ROOT/d_drive/program files/swemancipation/prebuilt/source/learn/xip/src/image_win.c" ""
s 0 "/ROOT/d_drive/program files/swemancipation/prebuilt/source/learn/ttt/src/main.cpp" "$sharedSrcRoot/ttt/src/main.cpp" "/ROOT/d_drive/program files/swemancipation/prebuilt/source/learn/ttt/src/main.cpp" ""
s 0 "/ROOT/d_drive/program files/swemancipation/prebuilt/source/learn/xip/src/xip.c" "$sharedSrcRoot/xip/src/xip.c" "/ROOT/d_drive/program files/swemancipation/prebuilt/source/learn/xip/src/xip.c" ""
s 0 "/ROOT/d_drive/program files/swemancipation/prebuilt/source/learn/ttt/src/humanplayer.cpp" "$sharedSrcRoot/ttt/src/humanplayer.cpp" "/ROOT/d_drive/program files/swemancipation/prebuilt/source/learn/ttt/src/humanplayer.cpp" ""
s 0 "/ROOT/d_drive/program files/swemancipation/prebuilt/source/learn/ttt/src/displaysquare.cpp" "$sharedSrcRoot/ttt/src/displaysquare.cpp" "/ROOT/d_drive/program files/swemancipation/prebuilt/source/learn/ttt/src/displaysquare.cpp" ""
s 0 "/ROOT/d_drive/program files/swemancipation/prebuilt/source/learn/ttt/src/board.cpp" "$sharedSrcRoot/ttt/src/board.cpp" "/ROOT/d_drive/program files/swemancipation/prebuilt/source/learn/ttt/src/board.cpp" ""
s 0 "/ROOT/d_drive/program files/swemancipation/prebuilt/source/learn/xip/src/stage.c" "$sharedSrcRoot/xip/src/stage.c" "/ROOT/d_drive/program files/swemancipation/prebuilt/source/learn/xip/src/stage.c" ""
s 0 "/ROOT/d_drive/program files/swemancipation/prebuilt/source/learn/xip/src/init.c" "$sharedSrcRoot/xip/src/init.c" "/ROOT/d_drive/program files/swemancipation/prebuilt/source/learn/xip/src/init.c" ""
