/d_drive/program files/swemancipation/prebuilt/source/learn/sysinclude/iostream.h
/d_drive/program files/swemancipation/prebuilt/source/learn/sysinclude/libio.h
/d_drive/program files/swemancipation/prebuilt/source/learn/sysinclude/stdarg.h
/d_drive/program files/swemancipation/prebuilt/source/learn/sysinclude/stddef.h
/d_drive/program files/swemancipation/prebuilt/source/learn/sysinclude/stdio.h
/d_drive/program files/swemancipation/prebuilt/source/learn/sysinclude/stdlib.h
/d_drive/program files/swemancipation/prebuilt/source/learn/sysinclude/streambuf.h
/d_drive/program files/swemancipation/prebuilt/source/learn/sysinclude/string.h
/d_drive/program files/swemancipation/prebuilt/source/learn/sysinclude/time.h
/d_drive/program files/swemancipation/prebuilt/source/learn/sysinclude/_g_config.h
/d_drive/program files/swemancipation/prebuilt/source/learn/sysinclude/mrm/mrmappl.h
/d_drive/program files/swemancipation/prebuilt/source/learn/sysinclude/mrm/mrmdecls.h
/d_drive/program files/swemancipation/prebuilt/source/learn/sysinclude/mrm/mrmpublic.h
/d_drive/program files/swemancipation/prebuilt/source/learn/sysinclude/sys/fcntl.h
/d_drive/program files/swemancipation/prebuilt/source/learn/sysinclude/sys/fcntlcom.h
/d_drive/program files/swemancipation/prebuilt/source/learn/sysinclude/sys/stat.h
/d_drive/program files/swemancipation/prebuilt/source/learn/sysinclude/sys/stdtypes.h
/d_drive/program files/swemancipation/prebuilt/source/learn/sysinclude/sys/types.h
/d_drive/program files/swemancipation/prebuilt/source/learn/sysinclude/x11/composite.h
/d_drive/program files/swemancipation/prebuilt/source/learn/sysinclude/x11/compositep.h
/d_drive/program files/swemancipation/prebuilt/source/learn/sysinclude/x11/constrainp.h
/d_drive/program files/swemancipation/prebuilt/source/learn/sysinclude/x11/constraint.h
/d_drive/program files/swemancipation/prebuilt/source/learn/sysinclude/x11/core.h
/d_drive/program files/swemancipation/prebuilt/source/learn/sysinclude/x11/corep.h
/d_drive/program files/swemancipation/prebuilt/source/learn/sysinclude/x11/intrinsic.h
/d_drive/program files/swemancipation/prebuilt/source/learn/sysinclude/x11/intrinsicp.h
/d_drive/program files/swemancipation/prebuilt/source/learn/sysinclude/x11/object.h
/d_drive/program files/swemancipation/prebuilt/source/learn/sysinclude/x11/objectp.h
/d_drive/program files/swemancipation/prebuilt/source/learn/sysinclude/x11/rectobj.h
/d_drive/program files/swemancipation/prebuilt/source/learn/sysinclude/x11/rectobjp.h
/d_drive/program files/swemancipation/prebuilt/source/learn/sysinclude/x11/shell.h
/d_drive/program files/swemancipation/prebuilt/source/learn/sysinclude/x11/shellp.h
/d_drive/program files/swemancipation/prebuilt/source/learn/sysinclude/x11/stringdefs.h
/d_drive/program files/swemancipation/prebuilt/source/learn/sysinclude/x11/vendor.h
/d_drive/program files/swemancipation/prebuilt/source/learn/sysinclude/x11/vendorp.h
/d_drive/program files/swemancipation/prebuilt/source/learn/sysinclude/x11/x.h
/d_drive/program files/swemancipation/prebuilt/source/learn/sysinclude/x11/xfuncproto.h
/d_drive/program files/swemancipation/prebuilt/source/learn/sysinclude/x11/xlib.h
/d_drive/program files/swemancipation/prebuilt/source/learn/sysinclude/x11/xosdefs.h
/d_drive/program files/swemancipation/prebuilt/source/learn/sysinclude/x11/xresource.h
/d_drive/program files/swemancipation/prebuilt/source/learn/sysinclude/x11/xutil.h
/d_drive/program files/swemancipation/prebuilt/source/learn/sysinclude/xm/baseclassi.h
/d_drive/program files/swemancipation/prebuilt/source/learn/sysinclude/xm/bulletinb.h
/d_drive/program files/swemancipation/prebuilt/source/learn/sysinclude/xm/drawnb.h
/d_drive/program files/swemancipation/prebuilt/source/learn/sysinclude/xm/extobject.h
/d_drive/program files/swemancipation/prebuilt/source/learn/sysinclude/xm/form.h
/d_drive/program files/swemancipation/prebuilt/source/learn/sysinclude/xm/frame.h
/d_drive/program files/swemancipation/prebuilt/source/learn/sysinclude/xm/label.h
/d_drive/program files/swemancipation/prebuilt/source/learn/sysinclude/xm/mainw.h
/d_drive/program files/swemancipation/prebuilt/source/learn/sysinclude/xm/pushb.h
/d_drive/program files/swemancipation/prebuilt/source/learn/sysinclude/xm/rowcolumn.h
/d_drive/program files/swemancipation/prebuilt/source/learn/sysinclude/xm/scrolledw.h
/d_drive/program files/swemancipation/prebuilt/source/learn/sysinclude/xm/traversal.h
/d_drive/program files/swemancipation/prebuilt/source/learn/sysinclude/xm/vendore.h
/d_drive/program files/swemancipation/prebuilt/source/learn/sysinclude/xm/virtkeys.h
/d_drive/program files/swemancipation/prebuilt/source/learn/sysinclude/xm/xm.h
/d_drive/program files/swemancipation/prebuilt/source/learn/sysinclude/xm/xmp.h
/d_drive/program files/swemancipation/prebuilt/source/learn/ttt/include/application.h
/d_drive/program files/swemancipation/prebuilt/source/learn/ttt/include/board.h
/d_drive/program files/swemancipation/prebuilt/source/learn/ttt/include/color.h
/d_drive/program files/swemancipation/prebuilt/source/learn/ttt/include/display.h
/d_drive/program files/swemancipation/prebuilt/source/learn/ttt/include/displayapp.h
/d_drive/program files/swemancipation/prebuilt/source/learn/ttt/include/displayboard.h
/d_drive/program files/swemancipation/prebuilt/source/learn/ttt/include/displaybutton.h
/d_drive/program files/swemancipation/prebuilt/source/learn/ttt/include/displaycontrol.h
/d_drive/program files/swemancipation/prebuilt/source/learn/ttt/include/displayscore.h
/d_drive/program files/swemancipation/prebuilt/source/learn/ttt/include/displaysquare.h
/d_drive/program files/swemancipation/prebuilt/source/learn/ttt/include/displaystatus.h
/d_drive/program files/swemancipation/prebuilt/source/learn/ttt/include/displaytictactoegame.h
/d_drive/program files/swemancipation/prebuilt/source/learn/ttt/include/functypes.h
/d_drive/program files/swemancipation/prebuilt/source/learn/ttt/include/game.h
/d_drive/program files/swemancipation/prebuilt/source/learn/ttt/include/gameboard.h
/d_drive/program files/swemancipation/prebuilt/source/learn/ttt/include/history.h
/d_drive/program files/swemancipation/prebuilt/source/learn/ttt/include/humanplayer.h
/d_drive/program files/swemancipation/prebuilt/source/learn/ttt/include/location.h
/d_drive/program files/swemancipation/prebuilt/source/learn/ttt/include/move.h
/d_drive/program files/swemancipation/prebuilt/source/learn/ttt/include/mycomputerplayer.h
/d_drive/program files/swemancipation/prebuilt/source/learn/ttt/include/player.h
/d_drive/program files/swemancipation/prebuilt/source/learn/ttt/include/square.h
/d_drive/program files/swemancipation/prebuilt/source/learn/ttt/include/tictactoegame.h
/d_drive/program files/swemancipation/prebuilt/source/learn/ttt/include/tictactoemove.h
/d_drive/program files/swemancipation/prebuilt/source/learn/ttt/include/x11_intrinsic.h
/d_drive/program files/swemancipation/prebuilt/source/learn/ttt/src/application.cpp
/d_drive/program files/swemancipation/prebuilt/source/learn/ttt/src/board.cpp
/d_drive/program files/swemancipation/prebuilt/source/learn/ttt/src/color.cpp
/d_drive/program files/swemancipation/prebuilt/source/learn/ttt/src/display.cpp
/d_drive/program files/swemancipation/prebuilt/source/learn/ttt/src/displayapp.cpp
/d_drive/program files/swemancipation/prebuilt/source/learn/ttt/src/displayboard.cpp
/d_drive/program files/swemancipation/prebuilt/source/learn/ttt/src/displaybutton.cpp
/d_drive/program files/swemancipation/prebuilt/source/learn/ttt/src/displaycontrol.cpp
/d_drive/program files/swemancipation/prebuilt/source/learn/ttt/src/displaysquare.cpp
/d_drive/program files/swemancipation/prebuilt/source/learn/ttt/src/displaystatus.cpp
/d_drive/program files/swemancipation/prebuilt/source/learn/ttt/src/game.cpp
/d_drive/program files/swemancipation/prebuilt/source/learn/ttt/src/gameboard.cpp
/d_drive/program files/swemancipation/prebuilt/source/learn/ttt/src/history.cpp
/d_drive/program files/swemancipation/prebuilt/source/learn/ttt/src/humanplayer.cpp
/d_drive/program files/swemancipation/prebuilt/source/learn/ttt/src/location.cpp
/d_drive/program files/swemancipation/prebuilt/source/learn/ttt/src/main.cpp
/d_drive/program files/swemancipation/prebuilt/source/learn/ttt/src/move.cpp
/d_drive/program files/swemancipation/prebuilt/source/learn/ttt/src/mycomputerplayer.cpp
/d_drive/program files/swemancipation/prebuilt/source/learn/ttt/src/player.cpp
/d_drive/program files/swemancipation/prebuilt/source/learn/ttt/src/square.cpp
/d_drive/program files/swemancipation/prebuilt/source/learn/ttt/src/tictactoegame.cpp
/d_drive/program files/swemancipation/prebuilt/source/learn/ttt/src/tictactoemove.cpp
/d_drive/program files/swemancipation/prebuilt/source/learn/xip/include/canvas.h
/d_drive/program files/swemancipation/prebuilt/source/learn/xip/include/dt.h
/d_drive/program files/swemancipation/prebuilt/source/learn/xip/include/externals.h
/d_drive/program files/swemancipation/prebuilt/source/learn/xip/include/image_win.h
/d_drive/program files/swemancipation/prebuilt/source/learn/xip/include/stage.h
/d_drive/program files/swemancipation/prebuilt/source/learn/xip/include/xip.h
/d_drive/program files/swemancipation/prebuilt/source/learn/xip/src/canvas.c
/d_drive/program files/swemancipation/prebuilt/source/learn/xip/src/color.c
/d_drive/program files/swemancipation/prebuilt/source/learn/xip/src/fonts.c
/d_drive/program files/swemancipation/prebuilt/source/learn/xip/src/image_win.c
/d_drive/program files/swemancipation/prebuilt/source/learn/xip/src/init.c
/d_drive/program files/swemancipation/prebuilt/source/learn/xip/src/pipeline.c
/d_drive/program files/swemancipation/prebuilt/source/learn/xip/src/stage.c
/d_drive/program files/swemancipation/prebuilt/source/learn/xip/src/xip.c
