d:/program files/swemancipation/prebuilt/source/learn/xip/src/pipeline.c
d:/program files/swemancipation/prebuilt/source/learn/ttt/src/player.cpp
d:/program files/swemancipation/prebuilt/source/learn/ttt/src/square.cpp
d:/program files/swemancipation/prebuilt/source/learn/xip/src/canvas.c
d:/program files/swemancipation/prebuilt/source/learn/ttt/src/displaybutton.cpp
d:/program files/swemancipation/prebuilt/source/learn/ttt/src/history.cpp
d:/program files/swemancipation/prebuilt/source/learn/xip/src/color.c
d:/program files/swemancipation/prebuilt/source/learn/ttt/src/application.cpp
d:/program files/swemancipation/prebuilt/source/learn/ttt/src/display.cpp
d:/program files/swemancipation/prebuilt/source/learn/ttt/src/displaycontrol.cpp
d:/program files/swemancipation/prebuilt/source/learn/ttt/src/displayapp.cpp
d:/program files/swemancipation/prebuilt/source/learn/ttt/src/move.cpp
d:/program files/swemancipation/prebuilt/source/learn/ttt/src/tictactoemove.cpp
d:/program files/swemancipation/prebuilt/source/learn/ttt/src/location.cpp
d:/program files/swemancipation/prebuilt/source/learn/ttt/src/game.cpp
d:/program files/swemancipation/prebuilt/source/learn/ttt/src/displaystatus.cpp
d:/program files/swemancipation/prebuilt/source/learn/ttt/src/tictactoegame.cpp
d:/program files/swemancipation/prebuilt/source/learn/ttt/src/displayboard.cpp
d:/program files/swemancipation/prebuilt/source/learn/ttt/src/color.cpp
d:/program files/swemancipation/prebuilt/source/learn/xip/src/fonts.c
d:/program files/swemancipation/prebuilt/source/learn/ttt/src/gameboard.cpp
d:/program files/swemancipation/prebuilt/source/learn/ttt/src/mycomputerplayer.cpp
d:/program files/swemancipation/prebuilt/source/learn/ttt/src/main.cpp
d:/program files/swemancipation/prebuilt/source/learn/xip/src/image_win.c
d:/program files/swemancipation/prebuilt/source/learn/ttt/src/humanplayer.cpp
d:/program files/swemancipation/prebuilt/source/learn/xip/src/xip.c
d:/program files/swemancipation/prebuilt/source/learn/ttt/src/displaysquare.cpp
d:/program files/swemancipation/prebuilt/source/learn/ttt/src/board.cpp
d:/program files/swemancipation/prebuilt/source/learn/xip/src/init.c
d:/program files/swemancipation/prebuilt/source/learn/xip/src/stage.c
